[0.017s] Invoking command in '/home/wowjw/Project/Automobile/Phase4/ros2_ws/src/vehicle_interface/build/vehicle_interface': CMAKE_PREFIX_PATH=/opt/ros/humble /usr/bin/cmake /home/wowjw/Project/Automobile/Phase4/ros2_ws/src/vehicle_interface -DCMAKE_INSTALL_PREFIX=/home/wowjw/Project/Automobile/Phase4/ros2_ws/src/vehicle_interface/install/vehicle_interface
[0.201s] -- The C compiler identification is GNU 11.4.0
[0.342s] -- The CXX compiler identification is GNU 11.4.0
[0.363s] -- Detecting C compiler ABI info
[0.502s] -- Detecting C compiler ABI info - done
[0.527s] -- Check for working C compiler: /usr/bin/cc - skipped
[0.527s] -- Detecting C compile features
[0.528s] -- Detecting C compile features - done
[0.536s] -- Detecting CXX compiler ABI info
[0.692s] -- Detecting CXX compiler ABI info - done
[0.717s] -- Check for working CXX compiler: /usr/bin/c++ - skipped
[0.718s] -- Detecting CXX compile features
[0.720s] -- Detecting CXX compile features - done
[0.735s] -- Found ament_cmake: 1.3.12 (/opt/ros/humble/share/ament_cmake/cmake)
[1.054s] -- Found Python3: /usr/bin/python3 (found version "3.10.12") found components: Interpreter 
[1.256s] -- Found rclcpp: 16.0.17 (/opt/ros/humble/share/rclcpp/cmake)
[1.346s] -- Found rosidl_generator_c: 3.1.8 (/opt/ros/humble/share/rosidl_generator_c/cmake)
[1.356s] -- Found rosidl_adapter: 3.1.8 (/opt/ros/humble/share/rosidl_adapter/cmake)
[1.372s] -- Found rosidl_generator_cpp: 3.1.8 (/opt/ros/humble/share/rosidl_generator_cpp/cmake)
[1.396s] -- Using all available rosidl_typesupport_c: rosidl_typesupport_fastrtps_c;rosidl_typesupport_introspection_c
[1.426s] -- Using all available rosidl_typesupport_cpp: rosidl_typesupport_fastrtps_cpp;rosidl_typesupport_introspection_cpp
[1.511s] -- Found rmw_implementation_cmake: 6.1.2 (/opt/ros/humble/share/rmw_implementation_cmake/cmake)
[1.517s] -- Found rmw_fastrtps_cpp: 6.2.9 (/opt/ros/humble/share/rmw_fastrtps_cpp/cmake)
[1.660s] -- Found OpenSSL: /usr/lib/aarch64-linux-gnu/libcrypto.so (found version "3.0.2")  
[1.716s] -- Found FastRTPS: /opt/ros/humble/include  
[1.785s] -- Using RMW implementation 'rmw_fastrtps_cpp' as default
[1.801s] -- Looking for pthread.h
[1.940s] -- Looking for pthread.h - found
[1.941s] -- Performing Test CMAKE_HAVE_LIBC_PTHREAD
[2.088s] -- Performing Test CMAKE_HAVE_LIBC_PTHREAD - Success
[2.092s] -- Found Threads: TRUE  
[2.227s] -- Found rosidl_default_generators: 1.2.0 (/opt/ros/humble/share/rosidl_default_generators/cmake)
[2.574s] [31mCMake Error at /opt/ros/humble/share/rosidl_adapter/cmake/rosidl_adapt_interfaces.cmake:59 (message):
[2.574s]   execute_process(/usr/bin/python3 -m rosidl_adapter --package-name
[2.574s]   vehicle_interface --arguments-file
[2.575s]   /home/wowjw/Project/Automobile/Phase4/ros2_ws/src/vehicle_interface/build/vehicle_interface/rosidl_adapter__arguments__vehicle_interface.json
[2.575s]   --output-dir
[2.575s]   /home/wowjw/Project/Automobile/Phase4/ros2_ws/src/vehicle_interface/build/vehicle_interface/rosidl_adapter/vehicle_interface
[2.575s]   --output-file
[2.576s]   /home/wowjw/Project/Automobile/Phase4/ros2_ws/src/vehicle_interface/build/vehicle_interface/rosidl_adapter/vehicle_interface.idls)
[2.576s]   returned error code 1:
[2.576s] 
[2.576s]   Error processing 'int16_t steering' of 'vehicle_interface/VehicleCommand':
[2.577s]   ''int16_t' is an invalid message name.  It should have the pattern
[2.577s]   '^[A-Z][A-Za-z0-9]*$''
[2.577s] 
[2.577s]   Traceback (most recent call last):
[2.577s] 
[2.578s]     File "/usr/lib/python3.10/runpy.py", line 196, in _run_module_as_main
[2.578s]       return _run_code(code, main_globals, None,
[2.578s]     File "/usr/lib/python3.10/runpy.py", line 86, in _run_code
[2.578s]       exec(code, run_globals)
[2.578s]     File "/opt/ros/humble/local/lib/python3.10/dist-packages/rosidl_adapter/__main__.py", line 19, in <module>
[2.579s]       sys.exit(main())
[2.579s]     File "/opt/ros/humble/local/lib/python3.10/dist-packages/rosidl_adapter/main.py", line 53, in main
[2.579s]       abs_idl_file = convert_to_idl(
[2.579s]     File "/opt/ros/humble/local/lib/python3.10/dist-packages/rosidl_adapter/__init__.py", line 19, in convert_to_idl
[2.580s]       return convert_msg_to_idl(
[2.580s]     File "/opt/ros/humble/local/lib/python3.10/dist-packages/rosidl_adapter/msg/__init__.py", line 28, in convert_msg_to_idl
[2.580s]       msg = parse_message_string(package_name, input_file.stem, content)
[2.580s]     File "/opt/ros/humble/local/lib/python3.10/dist-packages/rosidl_adapter/parser.py", line 520, in parse_message_string
[2.580s]       Type(type_string, context_package_name=pkg_name),
[2.581s]     File "/opt/ros/humble/local/lib/python3.10/dist-packages/rosidl_adapter/parser.py", line 277, in __init__
[2.581s]       super(Type, self).__init__(
[2.581s]     File "/opt/ros/humble/local/lib/python3.10/dist-packages/rosidl_adapter/parser.py", line 205, in __init__
[2.581s]       raise InvalidResourceName(
[2.581s] 
[2.582s]   rosidl_adapter.parser.InvalidResourceName: 'int16_t' is an invalid message
[2.582s]   name.  It should have the pattern '^[A-Z][A-Za-z0-9]*$'
[2.582s] 
[2.582s] Call Stack (most recent call first):
[2.583s]   /opt/ros/humble/share/rosidl_cmake/cmake/rosidl_generate_interfaces.cmake:130 (rosidl_adapt_interfaces)
[2.583s]   CMakeLists.txt:8 (rosidl_generate_interfaces)
[2.583s] 
[2.583s] [0m
[2.583s] -- Configuring incomplete, errors occurred!
[2.584s] See also "/home/wowjw/Project/Automobile/Phase4/ros2_ws/src/vehicle_interface/build/vehicle_interface/CMakeFiles/CMakeOutput.log".
[2.610s] Invoked command in '/home/wowjw/Project/Automobile/Phase4/ros2_ws/src/vehicle_interface/build/vehicle_interface' returned '1': CMAKE_PREFIX_PATH=/opt/ros/humble /usr/bin/cmake /home/wowjw/Project/Automobile/Phase4/ros2_ws/src/vehicle_interface -DCMAKE_INSTALL_PREFIX=/home/wowjw/Project/Automobile/Phase4/ros2_ws/src/vehicle_interface/install/vehicle_interface
