-- Found ament_cmake: 1.3.12 (/opt/ros/humble/share/ament_cmake/cmake)
-- Found rclcpp: 16.0.17 (/opt/ros/humble/share/rclcpp/cmake)
-- Found rosidl_generator_c: 3.1.8 (/opt/ros/humble/share/rosidl_generator_c/cmake)
-- Found rosidl_adapter: 3.1.8 (/opt/ros/humble/share/rosidl_adapter/cmake)
-- Found rosidl_generator_cpp: 3.1.8 (/opt/ros/humble/share/rosidl_generator_cpp/cmake)
-- Using all available rosidl_typesupport_c: rosidl_typesupport_fastrtps_c;rosidl_typesupport_introspection_c
-- Using all available rosidl_typesupport_cpp: rosidl_typesupport_fastrtps_cpp;rosidl_typesupport_introspection_cpp
-- Found rmw_implementation_cmake: 6.1.2 (/opt/ros/humble/share/rmw_implementation_cmake/cmake)
-- Found rmw_fastrtps_cpp: 6.2.9 (/opt/ros/humble/share/rmw_fastrtps_cpp/cmake)
-- Using RMW implementation 'rmw_fastrtps_cpp' as default
-- Found rosidl_default_generators: 1.2.0 (/opt/ros/humble/share/rosidl_default_generators/cmake)
-- Found ament_cmake_ros: 0.10.0 (/opt/ros/humble/share/ament_cmake_ros/cmake)
-- Using all available rosidl_typesupport_c: rosidl_typesupport_fastrtps_c;rosidl_typesupport_introspection_c
-- Using all available rosidl_typesupport_cpp: rosidl_typesupport_fastrtps_cpp;rosidl_typesupport_introspection_cpp
-- Found python_cmake_module: 0.10.0 (/opt/ros/humble/share/python_cmake_module/cmake)
-- Using PYTHON_EXECUTABLE: /usr/bin/python3
-- Using PYTHON_INCLUDE_DIRS: /usr/include/python3.10
-- Using PYTHON_LIBRARIES: /usr/lib/aarch64-linux-gnu/libpython3.10.so
-- Configuring done
-- Generating done
-- Build files have been written to: /home/wowjw/Project/Automobile/Phase4/ros2_ws/src/vehicle_interface/build/vehicle_interface
[35m[1mConsolidate compiler generated dependencies of target vehicle_interface__rosidl_generator_c[0m
[  2%] Built target vehicle_interface__cpp
[ 11%] Built target vehicle_interface__rosidl_generator_c
[ 11%] Built target ament_cmake_python_copy_vehicle_interface
[35m[1mConsolidate compiler generated dependencies of target vehicle_interface__rosidl_typesupport_cpp[0m
[35m[1mConsolidate compiler generated dependencies of target vehicle_interface__rosidl_typesupport_fastrtps_cpp[0m
[35m[1mConsolidate compiler generated dependencies of target vehicle_interface__rosidl_typesupport_introspection_cpp[0m
[35m[1mConsolidate compiler generated dependencies of target vehicle_interface__rosidl_typesupport_introspection_c[0m
[35m[1mConsolidate compiler generated dependencies of target vehicle_interface__rosidl_typesupport_fastrtps_c[0m
[35m[1mConsolidate compiler generated dependencies of target vehicle_interface__rosidl_typesupport_c[0m
[ 30%] Built target vehicle_interface__rosidl_typesupport_cpp
[ 30%] Built target vehicle_interface__rosidl_typesupport_fastrtps_cpp
[ 41%] Built target vehicle_interface__rosidl_typesupport_introspection_cpp
[ 48%] Built target vehicle_interface__rosidl_typesupport_introspection_c
[ 58%] Built target vehicle_interface__rosidl_typesupport_fastrtps_c
[ 67%] Built target vehicle_interface__rosidl_typesupport_c
[35m[1mConsolidate compiler generated dependencies of target vehicle_interface_node[0m
[ 72%] [32mBuilding CXX object CMakeFiles/vehicle_interface_node.dir/src/Vehicle_Ctrl_Node.cpp.o[0m
[ 72%] [32mBuilding CXX object CMakeFiles/vehicle_interface_node.dir/src/main.cpp.o[0m
[ 74%] [32mBuilding CXX object CMakeFiles/vehicle_interface_node.dir/src/Uart_drv.cpp.o[0m
[ 74%] Built target vehicle_interface
[ 76%] Built target vehicle_interface__py
[35m[1mConsolidate compiler generated dependencies of target vehicle_interface__rosidl_generator_py[0m
[ 83%] Built target vehicle_interface__rosidl_generator_py
[35m[1mConsolidate compiler generated dependencies of target vehicle_interface__rosidl_typesupport_fastrtps_c__pyext[0m
[35m[1mConsolidate compiler generated dependencies of target vehicle_interface__rosidl_typesupport_introspection_c__pyext[0m
[ 88%] Built target vehicle_interface__rosidl_typesupport_fastrtps_c__pyext
[ 93%] Built target vehicle_interface__rosidl_typesupport_introspection_c__pyext
[ 95%] [32mBuilding C object CMakeFiles/vehicle_interface__rosidl_typesupport_c__pyext.dir/rosidl_generator_py/vehicle_interface/_vehicle_interface_s.ep.rosidl_typesupport_c.c.o[0m
[ 97%] [32m[1mLinking C shared library rosidl_generator_py/vehicle_interface/vehicle_interface_s__rosidl_typesupport_c.cpython-310-aarch64-linux-gnu.so[0m
[ 97%] Built target vehicle_interface__rosidl_typesupport_c__pyext
running egg_info
writing vehicle_interface.egg-info/PKG-INFO
writing dependency_links to vehicle_interface.egg-info/dependency_links.txt
writing top-level names to vehicle_interface.egg-info/top_level.txt
reading manifest file 'vehicle_interface.egg-info/SOURCES.txt'
writing manifest file 'vehicle_interface.egg-info/SOURCES.txt'
[ 97%] Built target ament_cmake_python_build_vehicle_interface_egg
