[0.015s] Invoking command in '/home/wowjw/Project/Automobile/Phase4/ros2_ws/src/vehicle_interface/build/vehicle_interface': CMAKE_PREFIX_PATH=/opt/ros/humble /usr/bin/cmake --build /home/wowjw/Project/Automobile/Phase4/ros2_ws/src/vehicle_interface/build/vehicle_interface -- -j6 -l6
[0.060s] -- Found ament_cmake: 1.3.12 (/opt/ros/humble/share/ament_cmake/cmake)
[0.316s] -- Found rclcpp: 16.0.17 (/opt/ros/humble/share/rclcpp/cmake)
[0.392s] -- Found rosidl_generator_c: 3.1.8 (/opt/ros/humble/share/rosidl_generator_c/cmake)
[0.396s] -- Found rosidl_adapter: 3.1.8 (/opt/ros/humble/share/rosidl_adapter/cmake)
[0.407s] -- Found rosidl_generator_cpp: 3.1.8 (/opt/ros/humble/share/rosidl_generator_cpp/cmake)
[0.422s] -- Using all available rosidl_typesupport_c: rosidl_typesupport_fastrtps_c;rosidl_typesupport_introspection_c
[0.441s] -- Using all available rosidl_typesupport_cpp: rosidl_typesupport_fastrtps_cpp;rosidl_typesupport_introspection_cpp
[0.493s] -- Found rmw_implementation_cmake: 6.1.2 (/opt/ros/humble/share/rmw_implementation_cmake/cmake)
[0.495s] -- Found rmw_fastrtps_cpp: 6.2.9 (/opt/ros/humble/share/rmw_fastrtps_cpp/cmake)
[0.670s] -- Using RMW implementation 'rmw_fastrtps_cpp' as default
[0.749s] -- Found rosidl_default_generators: 1.2.0 (/opt/ros/humble/share/rosidl_default_generators/cmake)
[1.244s] -- Found ament_cmake_ros: 0.10.0 (/opt/ros/humble/share/ament_cmake_ros/cmake)
[1.865s] -- Using all available rosidl_typesupport_c: rosidl_typesupport_fastrtps_c;rosidl_typesupport_introspection_c
[2.115s] -- Using all available rosidl_typesupport_cpp: rosidl_typesupport_fastrtps_cpp;rosidl_typesupport_introspection_cpp
[2.166s] -- Found python_cmake_module: 0.10.0 (/opt/ros/humble/share/python_cmake_module/cmake)
[2.214s] -- Using PYTHON_EXECUTABLE: /usr/bin/python3
[2.214s] -- Using PYTHON_INCLUDE_DIRS: /usr/include/python3.10
[2.214s] -- Using PYTHON_LIBRARIES: /usr/lib/aarch64-linux-gnu/libpython3.10.so
[2.263s] -- Configuring done
[2.337s] -- Generating done
[2.360s] -- Build files have been written to: /home/wowjw/Project/Automobile/Phase4/ros2_ws/src/vehicle_interface/build/vehicle_interface
[2.421s] [35m[1mConsolidate compiler generated dependencies of target vehicle_interface__rosidl_generator_c[0m
[2.437s] [  2%] Built target vehicle_interface__cpp
[2.444s] [ 11%] Built target vehicle_interface__rosidl_generator_c
[2.454s] [ 11%] Built target ament_cmake_python_copy_vehicle_interface
[2.455s] [35m[1mConsolidate compiler generated dependencies of target vehicle_interface__rosidl_typesupport_cpp[0m
[2.455s] [35m[1mConsolidate compiler generated dependencies of target vehicle_interface__rosidl_typesupport_fastrtps_cpp[0m
[2.460s] [35m[1mConsolidate compiler generated dependencies of target vehicle_interface__rosidl_typesupport_introspection_cpp[0m
[2.463s] [35m[1mConsolidate compiler generated dependencies of target vehicle_interface__rosidl_typesupport_introspection_c[0m
[2.465s] [35m[1mConsolidate compiler generated dependencies of target vehicle_interface__rosidl_typesupport_fastrtps_c[0m
[2.477s] [35m[1mConsolidate compiler generated dependencies of target vehicle_interface__rosidl_typesupport_c[0m
[2.484s] [ 30%] Built target vehicle_interface__rosidl_typesupport_cpp
[2.484s] [ 30%] Built target vehicle_interface__rosidl_typesupport_fastrtps_cpp
[2.489s] [ 41%] Built target vehicle_interface__rosidl_typesupport_introspection_cpp
[2.489s] [ 48%] Built target vehicle_interface__rosidl_typesupport_introspection_c
[2.492s] [ 58%] Built target vehicle_interface__rosidl_typesupport_fastrtps_c
[2.498s] [ 67%] Built target vehicle_interface__rosidl_typesupport_c
[2.502s] [35m[1mConsolidate compiler generated dependencies of target vehicle_interface_node[0m
[2.523s] [ 72%] [32mBuilding CXX object CMakeFiles/vehicle_interface_node.dir/src/Vehicle_Ctrl_Node.cpp.o[0m
[2.523s] [ 72%] [32mBuilding CXX object CMakeFiles/vehicle_interface_node.dir/src/main.cpp.o[0m
[2.524s] [ 74%] [32mBuilding CXX object CMakeFiles/vehicle_interface_node.dir/src/Uart_drv.cpp.o[0m
[2.539s] [ 74%] Built target vehicle_interface
[2.578s] [ 76%] Built target vehicle_interface__py
[2.598s] [35m[1mConsolidate compiler generated dependencies of target vehicle_interface__rosidl_generator_py[0m
[2.625s] [ 83%] Built target vehicle_interface__rosidl_generator_py
[2.646s] [35m[1mConsolidate compiler generated dependencies of target vehicle_interface__rosidl_typesupport_fastrtps_c__pyext[0m
[2.646s] [35m[1mConsolidate compiler generated dependencies of target vehicle_interface__rosidl_typesupport_introspection_c__pyext[0m
[2.682s] [ 88%] Built target vehicle_interface__rosidl_typesupport_fastrtps_c__pyext
[2.689s] [ 93%] Built target vehicle_interface__rosidl_typesupport_introspection_c__pyext
[2.726s] [ 95%] [32mBuilding C object CMakeFiles/vehicle_interface__rosidl_typesupport_c__pyext.dir/rosidl_generator_py/vehicle_interface/_vehicle_interface_s.ep.rosidl_typesupport_c.c.o[0m
[2.895s] [ 97%] [32m[1mLinking C shared library rosidl_generator_py/vehicle_interface/vehicle_interface_s__rosidl_typesupport_c.cpython-310-aarch64-linux-gnu.so[0m
[2.953s] [ 97%] Built target vehicle_interface__rosidl_typesupport_c__pyext
[3.011s] running egg_info
[3.013s] writing vehicle_interface.egg-info/PKG-INFO
[3.013s] writing dependency_links to vehicle_interface.egg-info/dependency_links.txt
[3.014s] writing top-level names to vehicle_interface.egg-info/top_level.txt
[3.019s] reading manifest file 'vehicle_interface.egg-info/SOURCES.txt'
[3.020s] writing manifest file 'vehicle_interface.egg-info/SOURCES.txt'
[3.095s] [ 97%] Built target ament_cmake_python_build_vehicle_interface_egg
[7.203s] In file included from [01m[K/home/wowjw/Project/Automobile/Phase4/ros2_ws/src/vehicle_interface/src/Vehicle_Ctrl_Node.cpp:1[m[K:
[7.204s] [01m[K/home/wowjw/Project/Automobile/Phase4/ros2_ws/src/vehicle_interface/include/vehicle_interface/Vehicle_Ctrl_Node.h:45:23:[m[K [01;31m[Kerror: [m[K‘[01m[Kvehicle_interface[m[K’ was not declared in this scope; did you mean ‘[01m[Krcl_interfaces[m[K’?
[7.204s]    45 |     rclcpp::Publisher<[01;31m[Kvehicle_interface[m[K::msg::VehicleFeedback>::SharedPtr feedback_pub_;
[7.204s]       |                       [01;31m[K^~~~~~~~~~~~~~~~~[m[K
[7.204s]       |                       [32m[Krcl_interfaces[m[K
[7.204s] [01m[K/home/wowjw/Project/Automobile/Phase4/ros2_ws/src/vehicle_interface/include/vehicle_interface/Vehicle_Ctrl_Node.h:45:62:[m[K [01;31m[Kerror: [m[Ktemplate argument 1 is invalid
[7.204s]    45 |     rclcpp::Publisher<vehicle_interface::msg::VehicleFeedback[01;31m[K>[m[K::SharedPtr feedback_pub_;
[7.204s]       |                                                              [01;31m[K^[m[K
[7.210s] [01m[K/home/wowjw/Project/Automobile/Phase4/ros2_ws/src/vehicle_interface/include/vehicle_interface/Vehicle_Ctrl_Node.h:45:65:[m[K [01;31m[Kerror: [m[Kexpected ‘[01m[K;[m[K’ at end of member declaration
[7.211s]    45 |     rclcpp::Publisher<vehicle_interface::msg::VehicleFeedback>::[01;31m[KSharedPtr[m[K feedback_pub_;
[7.211s]       |                                                                 [01;31m[K^~~~~~~~~[m[K
[7.211s]       |                                                                          [32m[K;[m[K
[7.215s] [01m[K/home/wowjw/Project/Automobile/Phase4/ros2_ws/src/vehicle_interface/include/vehicle_interface/Vehicle_Ctrl_Node.h:45:75:[m[K [01;31m[Kerror: [m[K‘[01m[Kfeedback_pub_[m[K’ does not name a type
[7.215s]    45 |     rclcpp::Publisher<vehicle_interface::msg::VehicleFeedback>::SharedPtr [01;31m[Kfeedback_pub_[m[K;
[7.215s]       |                                                                           [01;31m[K^~~~~~~~~~~~~[m[K
[7.231s] [01m[K/home/wowjw/Project/Automobile/Phase4/ros2_ws/src/vehicle_interface/include/vehicle_interface/Vehicle_Ctrl_Node.h:46:26:[m[K [01;31m[Kerror: [m[K‘[01m[Kvehicle_interface[m[K’ was not declared in this scope; did you mean ‘[01m[Krcl_interfaces[m[K’?
[7.231s]    46 |     rclcpp::Subscription<[01;31m[Kvehicle_interface[m[K::msg::VehicleCommand>::SharedPtr command_sub_;
[7.231s]       |                          [01;31m[K^~~~~~~~~~~~~~~~~[m[K
[7.231s]       |                          [32m[Krcl_interfaces[m[K
[7.231s] [01m[K/home/wowjw/Project/Automobile/Phase4/ros2_ws/src/vehicle_interface/include/vehicle_interface/Vehicle_Ctrl_Node.h:46:64:[m[K [01;31m[Kerror: [m[Ktemplate argument 1 is invalid
[7.231s]    46 |     rclcpp::Subscription<vehicle_interface::msg::VehicleCommand[01;31m[K>[m[K::SharedPtr command_sub_;
[7.232s]       |                                                                [01;31m[K^[m[K
[7.232s] [01m[K/home/wowjw/Project/Automobile/Phase4/ros2_ws/src/vehicle_interface/include/vehicle_interface/Vehicle_Ctrl_Node.h:46:64:[m[K [01;31m[Kerror: [m[Ktemplate argument 3 is invalid
[7.232s] [01m[K/home/wowjw/Project/Automobile/Phase4/ros2_ws/src/vehicle_interface/include/vehicle_interface/Vehicle_Ctrl_Node.h:46:64:[m[K [01;31m[Kerror: [m[Ktemplate argument 4 is invalid
[7.232s] [01m[K/home/wowjw/Project/Automobile/Phase4/ros2_ws/src/vehicle_interface/include/vehicle_interface/Vehicle_Ctrl_Node.h:46:64:[m[K [01;31m[Kerror: [m[Ktemplate argument 5 is invalid
[7.232s] [01m[K/home/wowjw/Project/Automobile/Phase4/ros2_ws/src/vehicle_interface/include/vehicle_interface/Vehicle_Ctrl_Node.h:46:67:[m[K [01;31m[Kerror: [m[Kexpected ‘[01m[K;[m[K’ at end of member declaration
[7.232s]    46 |     rclcpp::Subscription<vehicle_interface::msg::VehicleCommand>::[01;31m[KSharedPtr[m[K command_sub_;
[7.232s]       |                                                                   [01;31m[K^~~~~~~~~[m[K
[7.232s]       |                                                                            [32m[K;[m[K
[7.232s] [01m[K/home/wowjw/Project/Automobile/Phase4/ros2_ws/src/vehicle_interface/include/vehicle_interface/Vehicle_Ctrl_Node.h:46:67:[m[K [01;31m[Kerror: [m[Kredeclaration of ‘[01m[Kint Car::SharedPtr[m[K’
[7.233s] [01m[K/home/wowjw/Project/Automobile/Phase4/ros2_ws/src/vehicle_interface/include/vehicle_interface/Vehicle_Ctrl_Node.h:45:65:[m[K [01;36m[Knote: [m[Kprevious declaration ‘[01m[Kint Car::SharedPtr[m[K’
[7.233s]    45 |     rclcpp::Publisher<vehicle_interface::msg::VehicleFeedback>::[01;36m[KSharedPtr[m[K feedback_pub_;
[7.233s]       |                                                                 [01;36m[K^~~~~~~~~[m[K
[7.234s] [01m[K/home/wowjw/Project/Automobile/Phase4/ros2_ws/src/vehicle_interface/include/vehicle_interface/Vehicle_Ctrl_Node.h:46:77:[m[K [01;31m[Kerror: [m[K‘[01m[Kcommand_sub_[m[K’ does not name a type
[7.234s]    46 |     rclcpp::Subscription<vehicle_interface::msg::VehicleCommand>::SharedPtr [01;31m[Kcommand_sub_[m[K;
[7.234s]       |                                                                             [01;31m[K^~~~~~~~~~~~[m[K
[7.239s] [01m[K/home/wowjw/Project/Automobile/Phase4/ros2_ws/src/vehicle_interface/include/vehicle_interface/Vehicle_Ctrl_Node.h:47:33:[m[K [01;31m[Kerror: [m[K‘[01m[Kvehicle_interface[m[K’ does not name a type
[7.239s]    47 |     void command_callback(const [01;31m[Kvehicle_interface[m[K::msg::VehicleCommand::SharedPtr msg);
[7.239s]       |                                 [01;31m[K^~~~~~~~~~~~~~~~~[m[K
[7.239s] [01m[K/home/wowjw/Project/Automobile/Phase4/ros2_ws/src/vehicle_interface/include/vehicle_interface/Vehicle_Ctrl_Node.h:47:55:[m[K [01;31m[Kerror: [m[Kexpected unqualified-id before ‘[01m[K::[m[K’ token
[7.239s]    47 |     void command_callback(const vehicle_interface::msg[01;31m[K::[m[KVehicleCommand::SharedPtr msg);
[7.239s]       |                                                       [01;31m[K^~[m[K
[7.239s] [01m[K/home/wowjw/Project/Automobile/Phase4/ros2_ws/src/vehicle_interface/include/vehicle_interface/Vehicle_Ctrl_Node.h:47:55:[m[K [01;31m[Kerror: [m[Kexpected ‘[01m[K)[m[K’ before ‘[01m[K::[m[K’ token
[7.240s]    47 |     void command_callback[34m[K([m[Kconst vehicle_interface::msg[01;31m[K:[m[K[32m[K:[m[KVehicleCommand::SharedPtr msg);
[7.240s]       |                          [34m[K~[m[K                            [01;31m[K^[m[K[32m[K~[m[K
[7.240s]       |                                                       [32m[K)[m[K
[7.240s] [01m[K/home/wowjw/Project/Automobile/Phase4/ros2_ws/src/vehicle_interface/include/vehicle_interface/Vehicle_Ctrl_Node.h:47:52:[m[K [01;31m[Kerror: [m[Kexpected ‘[01m[K;[m[K’ at end of member declaration
[7.240s]    47 |     void command_callback(const vehicle_interface::[01;31m[Kmsg[m[K::VehicleCommand::SharedPtr msg);
[7.240s]       |                                                    [01;31m[K^~~[m[K
[7.240s]       |                                                       [32m[K;[m[K
[7.245s] [01m[K/home/wowjw/Project/Automobile/Phase4/ros2_ws/src/vehicle_interface/include/vehicle_interface/Vehicle_Ctrl_Node.h:47:57:[m[K [01;31m[Kerror: [m[K‘[01m[KVehicleCommand[m[K’ in namespace ‘[01m[K::[m[K’ does not name a type
[7.245s]    47 |     void command_callback(const vehicle_interface::msg::[01;31m[KVehicleCommand[m[K::SharedPtr msg);
[7.245s]       |                                                         [01;31m[K^~~~~~~~~~~~~~[m[K
[7.263s] [01m[K/home/wowjw/Project/Automobile/Phase4/ros2_ws/src/vehicle_interface/src/Vehicle_Ctrl_Node.cpp:[m[K In constructor ‘[01m[KCar::Car()[m[K’:
[7.263s] [01m[K/home/wowjw/Project/Automobile/Phase4/ros2_ws/src/vehicle_interface/src/Vehicle_Ctrl_Node.cpp:29:5:[m[K [01;31m[Kerror: [m[K‘[01m[Kcommand_sub_[m[K’ was not declared in this scope
[7.263s]    29 |     [01;31m[Kcommand_sub_[m[K = this->create_subscription<vehicle_interface::msg::VehicleCommand>(
[7.263s]       |     [01;31m[K^~~~~~~~~~~~[m[K
[7.263s] In file included from [01m[K/home/wowjw/Project/Automobile/Phase4/ros2_ws/src/vehicle_interface/src/main.cpp:1[m[K:
[7.263s] [01m[K/home/wowjw/Project/Automobile/Phase4/ros2_ws/src/vehicle_interface/include/vehicle_interface/Vehicle_Ctrl_Node.h:45:23:[m[K [01;31m[Kerror: [m[K‘[01m[Kvehicle_interface[m[K’ was not declared in this scope; did you mean ‘[01m[Krcl_interfaces[m[K’?
[7.264s]    45 |     rclcpp::Publisher<[01;31m[Kvehicle_interface[m[K::msg::VehicleFeedback>::SharedPtr feedback_pub_;
[7.264s]       |                       [01;31m[K^~~~~~~~~~~~~~~~~[m[K
[7.264s]       |                       [32m[Krcl_interfaces[m[K
[7.264s] [01m[K/home/wowjw/Project/Automobile/Phase4/ros2_ws/src/vehicle_interface/include/vehicle_interface/Vehicle_Ctrl_Node.h:45:62:[m[K [01;31m[Kerror: [m[Ktemplate argument 1 is invalid
[7.264s]    45 |     rclcpp::Publisher<vehicle_interface::msg::VehicleFeedback[01;31m[K>[m[K::SharedPtr feedback_pub_;
[7.264s]       |                                                              [01;31m[K^[m[K
[7.264s] [01m[K/home/wowjw/Project/Automobile/Phase4/ros2_ws/src/vehicle_interface/include/vehicle_interface/Vehicle_Ctrl_Node.h:45:65:[m[K [01;31m[Kerror: [m[Kexpected ‘[01m[K;[m[K’ at end of member declaration
[7.264s]    45 |     rclcpp::Publisher<vehicle_interface::msg::VehicleFeedback>::[01;31m[KSharedPtr[m[K feedback_pub_;
[7.264s]       |                                                                 [01;31m[K^~~~~~~~~[m[K
[7.265s]       |                                                                          [32m[K;[m[K
[7.268s] [01m[K/home/wowjw/Project/Automobile/Phase4/ros2_ws/src/vehicle_interface/include/vehicle_interface/Vehicle_Ctrl_Node.h:45:75:[m[K [01;31m[Kerror: [m[K‘[01m[Kfeedback_pub_[m[K’ does not name a type
[7.268s]    45 |     rclcpp::Publisher<vehicle_interface::msg::VehicleFeedback>::SharedPtr [01;31m[Kfeedback_pub_[m[K;
[7.268s]       |                                                                           [01;31m[K^~~~~~~~~~~~~[m[K
[7.278s] [01m[K/home/wowjw/Project/Automobile/Phase4/ros2_ws/src/vehicle_interface/src/Vehicle_Ctrl_Node.cpp:29:46:[m[K [01;31m[Kerror: [m[K‘[01m[Kvehicle_interface[m[K’ was not declared in this scope; did you mean ‘[01m[Krcl_interfaces[m[K’?
[7.278s]    29 |     command_sub_ = this->create_subscription<[01;31m[Kvehicle_interface[m[K::msg::VehicleCommand>(
[7.278s]       |                                              [01;31m[K^~~~~~~~~~~~~~~~~[m[K
[7.278s]       |                                              [32m[Krcl_interfaces[m[K
[7.278s] [01m[K/home/wowjw/Project/Automobile/Phase4/ros2_ws/src/vehicle_interface/src/Vehicle_Ctrl_Node.cpp:29:26:[m[K [01;31m[Kerror: [m[Kparse error in template argument list
[7.278s]    29 |     command_sub_ = this->[01;31m[Kcreate_subscription<vehicle_interface::msg::VehicleCommand>[m[K(
[7.278s]       |                          [01;31m[K^~~~~~~~~~~~~~~~~~~~~~~~~~~~~~~~~~~~~~~~~~~~~~~~~~~~~~~~~~~[m[K
[7.286s] [01m[K/home/wowjw/Project/Automobile/Phase4/ros2_ws/src/vehicle_interface/include/vehicle_interface/Vehicle_Ctrl_Node.h:46:26:[m[K [01;31m[Kerror: [m[K‘[01m[Kvehicle_interface[m[K’ was not declared in this scope; did you mean ‘[01m[Krcl_interfaces[m[K’?
[7.286s]    46 |     rclcpp::Subscription<[01;31m[Kvehicle_interface[m[K::msg::VehicleCommand>::SharedPtr command_sub_;
[7.287s]       |                          [01;31m[K^~~~~~~~~~~~~~~~~[m[K
[7.287s]       |                          [32m[Krcl_interfaces[m[K
[7.287s] [01m[K/home/wowjw/Project/Automobile/Phase4/ros2_ws/src/vehicle_interface/include/vehicle_interface/Vehicle_Ctrl_Node.h:46:64:[m[K [01;31m[Kerror: [m[Ktemplate argument 1 is invalid
[7.287s]    46 |     rclcpp::Subscription<vehicle_interface::msg::VehicleCommand[01;31m[K>[m[K::SharedPtr command_sub_;
[7.287s]       |                                                                [01;31m[K^[m[K
[7.287s] [01m[K/home/wowjw/Project/Automobile/Phase4/ros2_ws/src/vehicle_interface/include/vehicle_interface/Vehicle_Ctrl_Node.h:46:64:[m[K [01;31m[Kerror: [m[Ktemplate argument 3 is invalid
[7.287s] [01m[K/home/wowjw/Project/Automobile/Phase4/ros2_ws/src/vehicle_interface/include/vehicle_interface/Vehicle_Ctrl_Node.h:46:64:[m[K [01;31m[Kerror: [m[Ktemplate argument 4 is invalid
[7.287s] [01m[K/home/wowjw/Project/Automobile/Phase4/ros2_ws/src/vehicle_interface/include/vehicle_interface/Vehicle_Ctrl_Node.h:46:64:[m[K [01;31m[Kerror: [m[Ktemplate argument 5 is invalid
[7.288s] [01m[K/home/wowjw/Project/Automobile/Phase4/ros2_ws/src/vehicle_interface/include/vehicle_interface/Vehicle_Ctrl_Node.h:46:67:[m[K [01;31m[Kerror: [m[Kexpected ‘[01m[K;[m[K’ at end of member declaration
[7.288s]    46 |     rclcpp::Subscription<vehicle_interface::msg::VehicleCommand>::[01;31m[KSharedPtr[m[K command_sub_;
[7.288s]       |                                                                   [01;31m[K^~~~~~~~~[m[K
[7.288s]       |                                                                            [32m[K;[m[K
[7.288s] [01m[K/home/wowjw/Project/Automobile/Phase4/ros2_ws/src/vehicle_interface/include/vehicle_interface/Vehicle_Ctrl_Node.h:46:67:[m[K [01;31m[Kerror: [m[Kredeclaration of ‘[01m[Kint Car::SharedPtr[m[K’
[7.288s] [01m[K/home/wowjw/Project/Automobile/Phase4/ros2_ws/src/vehicle_interface/include/vehicle_interface/Vehicle_Ctrl_Node.h:45:65:[m[K [01;36m[Knote: [m[Kprevious declaration ‘[01m[Kint Car::SharedPtr[m[K’
[7.288s]    45 |     rclcpp::Publisher<vehicle_interface::msg::VehicleFeedback>::[01;36m[KSharedPtr[m[K feedback_pub_;
[7.289s]       |                                                                 [01;36m[K^~~~~~~~~[m[K
[7.289s] [01m[K/home/wowjw/Project/Automobile/Phase4/ros2_ws/src/vehicle_interface/src/Vehicle_Ctrl_Node.cpp:29:85:[m[K [01;31m[Kerror: [m[Kno matching function for call to ‘[01m[KCar::create_subscription<<expression error> >(const char [17], int, std::_Bind_helper<false, void (Car::*)(...), Car*, const std::_Placeholder<1>&>::type)[m[K’
[7.289s]    29 |     command_sub_ = [01;31m[Kthis->create_subscription<vehicle_interface::msg::VehicleCommand>([m[K
[7.289s]       |                    [01;31m[K~~~~~~~~~~~~~~~~~~~~~~~~~~~~~~~~~~~~~~~~~~~~~~~~~~~~~~~~~~~~~~~~~^[m[K
[7.289s]    30 | [01;31m[K            "/vehicle_command",[m[K
[7.289s]       |             [01;31m[K~~~~~~~~~~~~~~~~~~~[m[K                                                      
[7.290s]    31 | [01;31m[K            10,[m[K
[7.290s]       |             [01;31m[K~~~[m[K                                                                      
[7.290s]    32 | [01;31m[K            std::bind([m[K
[7.290s]       |             [01;31m[K~~~~~~~~~~[m[K                                                               
[7.290s]    33 | [01;31m[K            &Car::command_callback,[m[K
[7.290s]       |             [01;31m[K~~~~~~~~~~~~~~~~~~~~~~~[m[K                                                  
[7.290s]    34 | [01;31m[K            this,[m[K
[7.291s]       |             [01;31m[K~~~~~[m[K                                                                    
[7.291s]    35 | [01;31m[K            std::placeholders::_1))[m[K;
[7.291s]       |             [01;31m[K~~~~~~~~~~~~~~~~~~~~~~~[m[K                                                  
[7.291s] In file included from [01m[K/opt/ros/humble/include/rclcpp/rclcpp/executors/single_threaded_executor.hpp:28[m[K,
[7.291s]                  from [01m[K/opt/ros/humble/include/rclcpp/rclcpp/executors.hpp:22[m[K,
[7.291s]                  from [01m[K/opt/ros/humble/include/rclcpp/rclcpp/rclcpp.hpp:155[m[K,
[7.291s]                  from [01m[K/home/wowjw/Project/Automobile/Phase4/ros2_ws/src/vehicle_interface/include/vehicle_interface/Vehicle_Ctrl_Node.h:9[m[K,
[7.291s]                  from [01m[K/home/wowjw/Project/Automobile/Phase4/ros2_ws/src/vehicle_interface/src/Vehicle_Ctrl_Node.cpp:1[m[K:
[7.291s] [01m[K/opt/ros/humble/include/rclcpp/rclcpp/node.hpp:219:3:[m[K [01;36m[Knote: [m[Kcandidate: ‘[01m[Ktemplate<class MessageT, class CallbackT, class AllocatorT, class SubscriptionT, class MessageMemoryStrategyT> std::shared_ptr<ROSMessageT> rclcpp::Node::create_subscription(const string&, const rclcpp::QoS&, CallbackT&&, const rclcpp::SubscriptionOptionsWithAllocator<AllocatorT>&, typename MessageMemoryStrategyT::SharedPtr)[m[K’
[7.292s]   219 |   [01;36m[Kcreate_subscription[m[K(
[7.292s]       |   [01;36m[K^~~~~~~~~~~~~~~~~~~[m[K
[7.292s] [01m[K/opt/ros/humble/include/rclcpp/rclcpp/node.hpp:219:3:[m[K [01;36m[Knote: [m[K  template argument deduction/substitution failed:
[7.292s] [01m[K/home/wowjw/Project/Automobile/Phase4/ros2_ws/src/vehicle_interface/src/Vehicle_Ctrl_Node.cpp:29:85:[m[K [01;31m[Kerror: [m[Ktemplate argument 1 is invalid
[7.292s]    29 |     command_sub_ = [01;31m[Kthis->create_subscription<vehicle_interface::msg::VehicleCommand>([m[K
[7.292s]       |                    [01;31m[K~~~~~~~~~~~~~~~~~~~~~~~~~~~~~~~~~~~~~~~~~~~~~~~~~~~~~~~~~~~~~~~~~^[m[K
[7.292s]    30 | [01;31m[K            "/vehicle_command",[m[K
[7.292s]       |             [01;31m[K~~~~~~~~~~~~~~~~~~~[m[K                                                      
[7.292s]    31 | [01;31m[K            10,[m[K
[7.293s]       |             [01;31m[K~~~[m[K                                                                      
[7.293s]    32 | [01;31m[K            std::bind([m[K
[7.293s]       |             [01;31m[K~~~~~~~~~~[m[K                                                               
[7.293s]    33 | [01;31m[K            &Car::command_callback,[m[K
[7.293s]       |             [01;31m[K~~~~~~~~~~~~~~~~~~~~~~~[m[K                                                  
[7.293s]    34 | [01;31m[K            this,[m[K
[7.293s]       |             [01;31m[K~~~~~[m[K                                                                    
[7.293s]    35 | [01;31m[K            std::placeholders::_1))[m[K;
[7.293s]       |             [01;31m[K~~~~~~~~~~~~~~~~~~~~~~~[m[K                                                  
[7.294s] [01m[K/home/wowjw/Project/Automobile/Phase4/ros2_ws/src/vehicle_interface/include/vehicle_interface/Vehicle_Ctrl_Node.h:46:77:[m[K [01;31m[Kerror: [m[K‘[01m[Kcommand_sub_[m[K’ does not name a type
[7.294s]    46 |     rclcpp::Subscription<vehicle_interface::msg::VehicleCommand>::SharedPtr [01;31m[Kcommand_sub_[m[K;
[7.294s]       |                                                                             [01;31m[K^~~~~~~~~~~~[m[K
[7.295s] [01m[K/home/wowjw/Project/Automobile/Phase4/ros2_ws/src/vehicle_interface/include/vehicle_interface/Vehicle_Ctrl_Node.h:47:33:[m[K [01;31m[Kerror: [m[K‘[01m[Kvehicle_interface[m[K’ does not name a type
[7.295s]    47 |     void command_callback(const [01;31m[Kvehicle_interface[m[K::msg::VehicleCommand::SharedPtr msg);
[7.295s]       |                                 [01;31m[K^~~~~~~~~~~~~~~~~[m[K
[7.296s] [01m[K/home/wowjw/Project/Automobile/Phase4/ros2_ws/src/vehicle_interface/include/vehicle_interface/Vehicle_Ctrl_Node.h:47:55:[m[K [01;31m[Kerror: [m[Kexpected unqualified-id before ‘[01m[K::[m[K’ token
[7.296s]    47 |     void command_callback(const vehicle_interface::msg[01;31m[K::[m[KVehicleCommand::SharedPtr msg);
[7.296s]       |                                                       [01;31m[K^~[m[K
[7.296s] [01m[K/home/wowjw/Project/Automobile/Phase4/ros2_ws/src/vehicle_interface/include/vehicle_interface/Vehicle_Ctrl_Node.h:47:55:[m[K [01;31m[Kerror: [m[Kexpected ‘[01m[K)[m[K’ before ‘[01m[K::[m[K’ token
[7.296s]    47 |     void command_callback[34m[K([m[Kconst vehicle_interface::msg[01;31m[K:[m[K[32m[K:[m[KVehicleCommand::SharedPtr msg);
[7.296s]       |                          [34m[K~[m[K                            [01;31m[K^[m[K[32m[K~[m[K
[7.296s]       |                                                       [32m[K)[m[K
[7.296s] [01m[K/home/wowjw/Project/Automobile/Phase4/ros2_ws/src/vehicle_interface/include/vehicle_interface/Vehicle_Ctrl_Node.h:47:52:[m[K [01;31m[Kerror: [m[Kexpected ‘[01m[K;[m[K’ at end of member declaration
[7.296s]    47 |     void command_callback(const vehicle_interface::[01;31m[Kmsg[m[K::VehicleCommand::SharedPtr msg);
[7.297s]       |                                                    [01;31m[K^~~[m[K
[7.297s]       |                                                       [32m[K;[m[K
[7.302s] [01m[K/home/wowjw/Project/Automobile/Phase4/ros2_ws/src/vehicle_interface/include/vehicle_interface/Vehicle_Ctrl_Node.h:47:57:[m[K [01;31m[Kerror: [m[K‘[01m[KVehicleCommand[m[K’ in namespace ‘[01m[K::[m[K’ does not name a type
[7.302s]    47 |     void command_callback(const vehicle_interface::msg::[01;31m[KVehicleCommand[m[K::SharedPtr msg);
[7.302s]       |                                                         [01;31m[K^~~~~~~~~~~~~~[m[K
[7.302s] [01m[K/home/wowjw/Project/Automobile/Phase4/ros2_ws/src/vehicle_interface/src/Vehicle_Ctrl_Node.cpp:37:5:[m[K [01;31m[Kerror: [m[K‘[01m[Kfeedback_pub_[m[K’ was not declared in this scope; did you mean ‘[01m[Kfeedback_mutex_[m[K’?
[7.303s]    37 |     [01;31m[Kfeedback_pub_[m[K = this->create_publisher<vehicle_interface::msg::VehicleFeedback>(
[7.303s]       |     [01;31m[K^~~~~~~~~~~~~[m[K
[7.303s]       |     [32m[Kfeedback_mutex_[m[K
[7.303s] [01m[K/home/wowjw/Project/Automobile/Phase4/ros2_ws/src/vehicle_interface/src/Vehicle_Ctrl_Node.cpp:37:27:[m[K [01;31m[Kerror: [m[Kparse error in template argument list
[7.303s]    37 |     feedback_pub_ = this->[01;31m[Kcreate_publisher<vehicle_interface::msg::VehicleFeedback>[m[K(
[7.303s]       |                           [01;31m[K^~~~~~~~~~~~~~~~~~~~~~~~~~~~~~~~~~~~~~~~~~~~~~~~~~~~~~~~~[m[K
[7.303s] [01m[K/home/wowjw/Project/Automobile/Phase4/ros2_ws/src/vehicle_interface/src/Vehicle_Ctrl_Node.cpp:37:84:[m[K [01;31m[Kerror: [m[Kno matching function for call to ‘[01m[KCar::create_publisher<vehicle_interface>(const char [18], int)[m[K’
[7.304s]    37 |     feedback_pub_ = [01;31m[Kthis->create_publisher<vehicle_interface::msg::VehicleFeedback>([m[K
[7.304s]       |                     [01;31m[K~~~~~~~~~~~~~~~~~~~~~~~~~~~~~~~~~~~~~~~~~~~~~~~~~~~~~~~~~~~~~~~^[m[K
[7.304s]    38 | [01;31m[K            "/vehicle_feedback",[m[K
[7.304s]       |             [01;31m[K~~~~~~~~~~~~~~~~~~~~[m[K                                                    
[7.304s]    39 | [01;31m[K            10)[m[K;
[7.304s]       |             [01;31m[K~~~[m[K                                                                     
[7.304s] In file included from [01m[K/opt/ros/humble/include/rclcpp/rclcpp/executors/single_threaded_executor.hpp:28[m[K,
[7.304s]                  from [01m[K/opt/ros/humble/include/rclcpp/rclcpp/executors.hpp:22[m[K,
[7.304s]                  from [01m[K/opt/ros/humble/include/rclcpp/rclcpp/rclcpp.hpp:155[m[K,
[7.305s]                  from [01m[K/home/wowjw/Project/Automobile/Phase4/ros2_ws/src/vehicle_interface/include/vehicle_interface/Vehicle_Ctrl_Node.h:9[m[K,
[7.305s]                  from [01m[K/home/wowjw/Project/Automobile/Phase4/ros2_ws/src/vehicle_interface/src/Vehicle_Ctrl_Node.cpp:1[m[K:
[7.305s] [01m[K/opt/ros/humble/include/rclcpp/rclcpp/node.hpp:195:3:[m[K [01;36m[Knote: [m[Kcandidate: ‘[01m[Ktemplate<class MessageT, class AllocatorT, class PublisherT> std::shared_ptr<PublisherT> rclcpp::Node::create_publisher(const string&, const rclcpp::QoS&, const rclcpp::PublisherOptionsWithAllocator<AllocatorT>&)[m[K’
[7.305s]   195 |   [01;36m[Kcreate_publisher[m[K(
[7.305s]       |   [01;36m[K^~~~~~~~~~~~~~~~[m[K
[7.305s] [01m[K/opt/ros/humble/include/rclcpp/rclcpp/node.hpp:195:3:[m[K [01;36m[Knote: [m[K  template argument deduction/substitution failed:
[7.308s] [01m[K/home/wowjw/Project/Automobile/Phase4/ros2_ws/src/vehicle_interface/src/Vehicle_Ctrl_Node.cpp:[m[K At global scope:
[7.309s] [01m[K/home/wowjw/Project/Automobile/Phase4/ros2_ws/src/vehicle_interface/src/Vehicle_Ctrl_Node.cpp:48:34:[m[K [01;31m[Kerror: [m[K‘[01m[Kvehicle_interface[m[K’ does not name a type
[7.309s]    48 | void Car::command_callback(const [01;31m[Kvehicle_interface[m[K::msg::VehicleCommand::SharedPtr msg){
[7.309s]       |                                  [01;31m[K^~~~~~~~~~~~~~~~~[m[K
[7.309s] [01m[K/home/wowjw/Project/Automobile/Phase4/ros2_ws/src/vehicle_interface/src/Vehicle_Ctrl_Node.cpp:48:56:[m[K [01;31m[Kerror: [m[Kexpected unqualified-id before ‘[01m[K::[m[K’ token
[7.309s]    48 | void Car::command_callback(const vehicle_interface::msg[01;31m[K::[m[KVehicleCommand::SharedPtr msg){
[7.309s]       |                                                        [01;31m[K^~[m[K
[7.309s] [01m[K/home/wowjw/Project/Automobile/Phase4/ros2_ws/src/vehicle_interface/src/Vehicle_Ctrl_Node.cpp:48:56:[m[K [01;31m[Kerror: [m[Kexpected ‘[01m[K)[m[K’ before ‘[01m[K::[m[K’ token
[7.309s]    48 | void Car::command_callback[34m[K([m[Kconst vehicle_interface::msg[01;31m[K:[m[K[32m[K:[m[KVehicleCommand::SharedPtr msg){
[7.310s]       |                           [34m[K~[m[K                            [01;31m[K^[m[K[32m[K~[m[K
[7.310s]       |                                                        [32m[K)[m[K
[7.310s] [01m[K/home/wowjw/Project/Automobile/Phase4/ros2_ws/src/vehicle_interface/src/Vehicle_Ctrl_Node.cpp:48:56:[m[K [01;31m[Kerror: [m[Kexpected initializer before ‘[01m[K::[m[K’ token
[7.310s]    48 | void Car::command_callback(const vehicle_interface::msg[01;31m[K::[m[KVehicleCommand::SharedPtr msg){
[7.310s]       |                                                        [01;31m[K^~[m[K
[7.315s] [01m[K/home/wowjw/Project/Automobile/Phase4/ros2_ws/src/vehicle_interface/src/Vehicle_Ctrl_Node.cpp:[m[K In member function ‘[01m[Kvoid Car::RxLoop()[m[K’:
[7.315s] [01m[K/home/wowjw/Project/Automobile/Phase4/ros2_ws/src/vehicle_interface/src/Vehicle_Ctrl_Node.cpp:263:9:[m[K [01;31m[Kerror: [m[K‘[01m[Kvehicle_interface[m[K’ has not been declared
[7.315s]   263 |         [01;31m[Kvehicle_interface[m[K::msg::VehicleFeedback msg;
[7.315s]       |         [01;31m[K^~~~~~~~~~~~~~~~~[m[K
[7.316s] [01m[K/home/wowjw/Project/Automobile/Phase4/ros2_ws/src/vehicle_interface/src/Vehicle_Ctrl_Node.cpp:265:9:[m[K [01;31m[Kerror: [m[K‘[01m[Kmsg[m[K’ was not declared in this scope
[7.316s]   265 |         [01;31m[Kmsg[m[K.telemetry_seq = feedback.telemetry_seq;
[7.316s]       |         [01;31m[K^~~[m[K
[7.316s] [01m[K/home/wowjw/Project/Automobile/Phase4/ros2_ws/src/vehicle_interface/src/Vehicle_Ctrl_Node.cpp:265:9:[m[K [01;36m[Knote: [m[Ksuggested alternatives:
[7.317s] In file included from [01m[K/opt/ros/humble/include/builtin_interfaces/builtin_interfaces/msg/duration.hpp:7[m[K,
[7.317s]                  from [01m[K/opt/ros/humble/include/rclcpp/rclcpp/duration.hpp:20[m[K,
[7.317s]                  from [01m[K/opt/ros/humble/include/rclcpp/rclcpp/qos.hpp:20[m[K,
[7.317s]                  from [01m[K/opt/ros/humble/include/rclcpp/rclcpp/node_interfaces/node_graph_interface.hpp:33[m[K,
[7.317s]                  from [01m[K/opt/ros/humble/include/rclcpp/rclcpp/client.hpp:42[m[K,
[7.317s]                  from [01m[K/opt/ros/humble/include/rclcpp/rclcpp/callback_group.hpp:24[m[K,
[7.318s]                  from [01m[K/opt/ros/humble/include/rclcpp/rclcpp/any_executable.hpp:20[m[K,
[7.318s]                  from [01m[K/opt/ros/humble/include/rclcpp/rclcpp/memory_strategy.hpp:25[m[K,
[7.318s]                  from [01m[K/opt/ros/humble/include/rclcpp/rclcpp/memory_strategies.hpp:18[m[K,
[7.318s]                  from [01m[K/opt/ros/humble/include/rclcpp/rclcpp/executor_options.hpp:20[m[K,
[7.318s]                  from [01m[K/opt/ros/humble/include/rclcpp/rclcpp/executor.hpp:37[m[K,
[7.318s]                  from [01m[K/opt/ros/humble/include/rclcpp/rclcpp/executors/multi_threaded_executor.hpp:25[m[K,
[7.318s]                  from [01m[K/opt/ros/humble/include/rclcpp/rclcpp/executors.hpp:21[m[K,
[7.318s]                  from [01m[K/opt/ros/humble/include/rclcpp/rclcpp/rclcpp.hpp:155[m[K,
[7.318s]                  from [01m[K/home/wowjw/Project/Automobile/Phase4/ros2_ws/src/vehicle_interface/include/vehicle_interface/Vehicle_Ctrl_Node.h:9[m[K,
[7.318s]                  from [01m[K/home/wowjw/Project/Automobile/Phase4/ros2_ws/src/vehicle_interface/src/Vehicle_Ctrl_Node.cpp:1[m[K:
[7.319s] [01m[K/opt/ros/humble/include/builtin_interfaces/builtin_interfaces/msg/detail/duration__struct.hpp:28:11:[m[K [01;36m[Knote: [m[K  ‘[01m[Kbuiltin_interfaces::msg[m[K’
[7.319s]    28 | namespace [01;36m[Kmsg[m[K
[7.319s]       |           [01;36m[K^~~[m[K
[7.319s] In file included from [01m[K/opt/ros/humble/include/rcl_interfaces/rcl_interfaces/msg/set_parameters_result.hpp:7[m[K,
[7.319s]                  from [01m[K/opt/ros/humble/include/rclcpp/rclcpp/qos_overriding_options.hpp:28[m[K,
[7.319s]                  from [01m[K/opt/ros/humble/include/rclcpp/rclcpp/subscription_options.hpp:30[m[K,
[7.319s]                  from [01m[K/opt/ros/humble/include/rclcpp/rclcpp/subscription.hpp:45[m[K,
[7.319s]                  from [01m[K/opt/ros/humble/include/rclcpp/rclcpp/any_executable.hpp:25[m[K,
[7.320s]                  from [01m[K/opt/ros/humble/include/rclcpp/rclcpp/memory_strategy.hpp:25[m[K,
[7.320s]                  from [01m[K/opt/ros/humble/include/rclcpp/rclcpp/memory_strategies.hpp:18[m[K,
[7.320s]                  from [01m[K/opt/ros/humble/include/rclcpp/rclcpp/executor_options.hpp:20[m[K,
[7.320s]                  from [01m[K/opt/ros/humble/include/rclcpp/rclcpp/executor.hpp:37[m[K,
[7.320s]                  from [01m[K/opt/ros/humble/include/rclcpp/rclcpp/executors/multi_threaded_executor.hpp:25[m[K,
[7.320s]                  from [01m[K/opt/ros/humble/include/rclcpp/rclcpp/executors.hpp:21[m[K,
[7.320s]                  from [01m[K/opt/ros/humble/include/rclcpp/rclcpp/rclcpp.hpp:155[m[K,
[7.320s]                  from [01m[K/home/wowjw/Project/Automobile/Phase4/ros2_ws/src/vehicle_interface/include/vehicle_interface/Vehicle_Ctrl_Node.h:9[m[K,
[7.320s]                  from [01m[K/home/wowjw/Project/Automobile/Phase4/ros2_ws/src/vehicle_interface/src/Vehicle_Ctrl_Node.cpp:1[m[K:
[7.321s] [01m[K/opt/ros/humble/include/rcl_interfaces/rcl_interfaces/msg/detail/set_parameters_result__struct.hpp:28:11:[m[K [01;36m[Knote: [m[K  ‘[01m[Krcl_interfaces::msg[m[K’
[7.321s]    28 | namespace [01;36m[Kmsg[m[K
[7.321s]       |           [01;36m[K^~~[m[K
[7.321s] In file included from [01m[K/opt/ros/humble/include/statistics_msgs/statistics_msgs/msg/detail/metrics_message__struct.hpp:24[m[K,
[7.321s]                  from [01m[K/opt/ros/humble/include/statistics_msgs/statistics_msgs/msg/metrics_message.hpp:7[m[K,
[7.321s]                  from [01m[K/opt/ros/humble/include/libstatistics_collector/libstatistics_collector/collector/generate_statistics_message.hpp:21[m[K,
[7.321s]                  from [01m[K/opt/ros/humble/include/rclcpp/rclcpp/topic_statistics/subscription_topic_statistics.hpp:23[m[K,
[7.321s]                  from [01m[K/opt/ros/humble/include/rclcpp/rclcpp/subscription.hpp:50[m[K,
[7.321s]                  from [01m[K/opt/ros/humble/include/rclcpp/rclcpp/any_executable.hpp:25[m[K,
[7.322s]                  from [01m[K/opt/ros/humble/include/rclcpp/rclcpp/memory_strategy.hpp:25[m[K,
[7.322s]                  from [01m[K/opt/ros/humble/include/rclcpp/rclcpp/memory_strategies.hpp:18[m[K,
[7.322s]                  from [01m[K/opt/ros/humble/include/rclcpp/rclcpp/executor_options.hpp:20[m[K,
[7.322s]                  from [01m[K/opt/ros/humble/include/rclcpp/rclcpp/executor.hpp:37[m[K,
[7.322s]                  from [01m[K/opt/ros/humble/include/rclcpp/rclcpp/executors/multi_threaded_executor.hpp:25[m[K,
[7.322s]                  from [01m[K/opt/ros/humble/include/rclcpp/rclcpp/executors.hpp:21[m[K,
[7.322s]                  from [01m[K/opt/ros/humble/include/rclcpp/rclcpp/rclcpp.hpp:155[m[K,
[7.322s]                  from [01m[K/home/wowjw/Project/Automobile/Phase4/ros2_ws/src/vehicle_interface/include/vehicle_interface/Vehicle_Ctrl_Node.h:9[m[K,
[7.322s]                  from [01m[K/home/wowjw/Project/Automobile/Phase4/ros2_ws/src/vehicle_interface/src/Vehicle_Ctrl_Node.cpp:1[m[K:
[7.323s] [01m[K/opt/ros/humble/include/statistics_msgs/statistics_msgs/msg/detail/statistic_data_point__struct.hpp:28:11:[m[K [01;36m[Knote: [m[K  ‘[01m[Kstatistics_msgs::msg[m[K’
[7.323s]    28 | namespace [01;36m[Kmsg[m[K
[7.323s]       |           [01;36m[K^~~[m[K
[7.323s] In file included from [01m[K/opt/ros/humble/include/std_msgs/std_msgs/msg/string.hpp:7[m[K,
[7.323s]                  from [01m[K/home/wowjw/Project/Automobile/Phase4/ros2_ws/src/vehicle_interface/include/vehicle_interface/Vehicle_Ctrl_Node.h:10[m[K,
[7.323s]                  from [01m[K/home/wowjw/Project/Automobile/Phase4/ros2_ws/src/vehicle_interface/src/Vehicle_Ctrl_Node.cpp:1[m[K:
[7.323s] [01m[K/opt/ros/humble/include/std_msgs/std_msgs/msg/detail/string__struct.hpp:28:11:[m[K [01;36m[Knote: [m[K  ‘[01m[Kstd_msgs::msg[m[K’
[7.323s]    28 | namespace [01;36m[Kmsg[m[K
[7.323s]       |           [01;36m[K^~~[m[K
[7.330s] [01m[K/home/wowjw/Project/Automobile/Phase4/ros2_ws/src/vehicle_interface/src/Vehicle_Ctrl_Node.cpp:274:9:[m[K [01;31m[Kerror: [m[K‘[01m[Kfeedback_pub_[m[K’ was not declared in this scope; did you mean ‘[01m[Kfeedback_mutex_[m[K’?
[7.330s]   274 |         [01;31m[Kfeedback_pub_[m[K->publish(msg);
[7.331s]       |         [01;31m[K^~~~~~~~~~~~~[m[K
[7.331s]       |         [32m[Kfeedback_mutex_[m[K
[8.236s] gmake[2]: *** [CMakeFiles/vehicle_interface_node.dir/build.make:76: CMakeFiles/vehicle_interface_node.dir/src/main.cpp.o] Error 1
[8.236s] gmake[2]: *** Waiting for unfinished jobs....
[8.290s] gmake[2]: *** [CMakeFiles/vehicle_interface_node.dir/build.make:90: CMakeFiles/vehicle_interface_node.dir/src/Vehicle_Ctrl_Node.cpp.o] Error 1
[8.290s] gmake[1]: *** [CMakeFiles/Makefile2:593: CMakeFiles/vehicle_interface_node.dir/all] Error 2
[8.291s] gmake: *** [Makefile:146: all] Error 2
[8.297s] Invoked command in '/home/wowjw/Project/Automobile/Phase4/ros2_ws/src/vehicle_interface/build/vehicle_interface' returned '2': CMAKE_PREFIX_PATH=/opt/ros/humble /usr/bin/cmake --build /home/wowjw/Project/Automobile/Phase4/ros2_ws/src/vehicle_interface/build/vehicle_interface -- -j6 -l6
