-- The C compiler identification is GNU 11.4.0
-- The CXX compiler identification is GNU 11.4.0
-- Detecting C compiler ABI info
-- Detecting C compiler ABI info - done
-- Check for working C compiler: /usr/bin/cc - skipped
-- Detecting C compile features
-- Detecting C compile features - done
-- Detecting CXX compiler ABI info
-- Detecting CXX compiler ABI info - done
-- Check for working CXX compiler: /usr/bin/c++ - skipped
-- Detecting CXX compile features
-- Detecting CXX compile features - done
-- Found ament_cmake: 1.3.12 (/opt/ros/humble/share/ament_cmake/cmake)
-- Found Python3: /usr/bin/python3 (found version "3.10.12") found components: Interpreter 
-- Found rclcpp: 16.0.17 (/opt/ros/humble/share/rclcpp/cmake)
-- Found rosidl_generator_c: 3.1.8 (/opt/ros/humble/share/rosidl_generator_c/cmake)
-- Found rosidl_adapter: 3.1.8 (/opt/ros/humble/share/rosidl_adapter/cmake)
-- Found rosidl_generator_cpp: 3.1.8 (/opt/ros/humble/share/rosidl_generator_cpp/cmake)
-- Using all available rosidl_typesupport_c: rosidl_typesupport_fastrtps_c;rosidl_typesupport_introspection_c
-- Using all available rosidl_typesupport_cpp: rosidl_typesupport_fastrtps_cpp;rosidl_typesupport_introspection_cpp
-- Found rmw_implementation_cmake: 6.1.2 (/opt/ros/humble/share/rmw_implementation_cmake/cmake)
-- Found rmw_fastrtps_cpp: 6.2.9 (/opt/ros/humble/share/rmw_fastrtps_cpp/cmake)
-- Found OpenSSL: /usr/lib/aarch64-linux-gnu/libcrypto.so (found version "3.0.2")  
-- Found FastRTPS: /opt/ros/humble/include  
-- Using RMW implementation 'rmw_fastrtps_cpp' as default
-- Looking for pthread.h
-- Looking for pthread.h - found
-- Performing Test CMAKE_HAVE_LIBC_PTHREAD
-- Performing Test CMAKE_HAVE_LIBC_PTHREAD - Success
-- Found Threads: TRUE  
-- Found vehicle_interface: 0.0.0 (/home/wowjw/Project/Automobile/Phase4/ros2_ws/install/vehicle_interface/share/vehicle_interface/cmake)
-- Found ament_cmake_ros: 0.10.0 (/opt/ros/humble/share/ament_cmake_ros/cmake)
-- Using all available rosidl_typesupport_c: rosidl_typesupport_fastrtps_c;rosidl_typesupport_introspection_c
-- Using all available rosidl_typesupport_cpp: rosidl_typesupport_fastrtps_cpp;rosidl_typesupport_introspection_cpp
-- Found ament_lint_auto: 0.12.14 (/opt/ros/humble/share/ament_lint_auto/cmake)
-- Added test 'cppcheck' to perform static code analysis on C / C++ code
-- Configured cppcheck include dirs: /home/wowjw/Project/Automobile/Phase4/ros2_ws/src/vehicle_controller/include
-- Configured cppcheck exclude dirs and/or files: 
-- Added test 'lint_cmake' to check CMake code style
-- Added test 'uncrustify' to check C / C++ code style
-- Configured uncrustify additional arguments: 
-- Added test 'xmllint' to check XML markup files
-- Configuring done
-- Generating done
-- Build files have been written to: /home/wowjw/Project/Automobile/Phase4/ros2_ws/build/vehicle_controller
[  4%] [34m[1mGenerating C code for ROS interfaces[0m
[  8%] [34m[1mGenerating C++ code for ROS interfaces[0m
[  8%] Built target vehicle_controller__cpp
[ 12%] [32mBuilding C object CMakeFiles/vehicle_controller__rosidl_generator_c.dir/rosidl_generator_c/vehicle_controller/msg/detail/vehicle_pose__functions.c.o[0m
[ 24%] [34m[1mGenerating C++ introspection for ROS interfaces[0m
[ 24%] [34m[1mGenerating C++ type support for eProsima Fast-RTPS[0m
[ 24%] [34m[1mGenerating C++ type support dispatch for ROS interfaces[0m
[ 28%] [32m[1mLinking C shared library libvehicle_controller__rosidl_generator_c.so[0m
[ 28%] Built target vehicle_controller__rosidl_generator_c
[ 32%] [34m[1mGenerating C type support dispatch for ROS interfaces[0m
[ 36%] [34m[1mGenerating C introspection for ROS interfaces[0m
[ 40%] [34m[1mGenerating C type support for eProsima Fast-RTPS[0m
[ 44%] [32mBuilding CXX object CMakeFiles/vehicle_controller__rosidl_typesupport_cpp.dir/rosidl_typesupport_cpp/vehicle_controller/msg/vehicle_pose__type_support.cpp.o[0m
[ 48%] [32mBuilding CXX object CMakeFiles/vehicle_controller__rosidl_typesupport_fastrtps_cpp.dir/rosidl_typesupport_fastrtps_cpp/vehicle_controller/msg/detail/dds_fastrtps/vehicle_pose__type_support.cpp.o[0m
[ 52%] [32mBuilding CXX object CMakeFiles/vehicle_controller__rosidl_typesupport_introspection_cpp.dir/rosidl_typesupport_introspection_cpp/vehicle_controller/msg/detail/vehicle_pose__type_support.cpp.o[0m
[ 56%] [32mBuilding CXX object CMakeFiles/vehicle_controller__rosidl_typesupport_c.dir/rosidl_typesupport_c/vehicle_controller/msg/vehicle_pose__type_support.cpp.o[0m
[ 60%] [32mBuilding CXX object CMakeFiles/vehicle_controller__rosidl_typesupport_fastrtps_c.dir/rosidl_typesupport_fastrtps_c/vehicle_controller/msg/detail/vehicle_pose__type_support_c.cpp.o[0m
[ 64%] [32m[1mLinking CXX shared library libvehicle_controller__rosidl_typesupport_c.so[0m
[ 68%] [32mBuilding C object CMakeFiles/vehicle_controller__rosidl_typesupport_introspection_c.dir/rosidl_typesupport_introspection_c/vehicle_controller/msg/detail/vehicle_pose__type_support.c.o[0m
[ 68%] Built target vehicle_controller__rosidl_typesupport_c
[ 72%] [32m[1mLinking C shared library libvehicle_controller__rosidl_typesupport_introspection_c.so[0m
[ 72%] Built target vehicle_controller__rosidl_typesupport_introspection_c
[ 76%] [32m[1mLinking CXX shared library libvehicle_controller__rosidl_typesupport_cpp.so[0m
[ 76%] Built target vehicle_controller__rosidl_typesupport_cpp
[ 84%] [32m[1mLinking CXX shared library libvehicle_controller__rosidl_typesupport_introspection_cpp.so[0m
[ 84%] [32m[1mLinking CXX shared library libvehicle_controller__rosidl_typesupport_fastrtps_cpp.so[0m
[ 84%] Built target vehicle_controller__rosidl_typesupport_introspection_cpp
[ 88%] [32m[1mLinking CXX shared library libvehicle_controller__rosidl_typesupport_fastrtps_c.so[0m
[ 88%] Built target vehicle_controller__rosidl_typesupport_fastrtps_cpp
[ 88%] Built target vehicle_controller__rosidl_typesupport_fastrtps_c
[ 88%] Built target vehicle_controller
[ 96%] [32mBuilding CXX object CMakeFiles/vehicle_controller_node.dir/src/main.cpp.o[0m
[ 96%] [32mBuilding CXX object CMakeFiles/vehicle_controller_node.dir/src/Vehicle_Ctrl_Node.cpp.o[0m
[100%] [32m[1mLinking CXX executable vehicle_controller_node[0m
[100%] Built target vehicle_controller_node
-- Install configuration: ""
-- Installing: /home/wowjw/Project/Automobile/Phase4/ros2_ws/install/vehicle_controller/share/ament_index/resource_index/rosidl_interfaces/vehicle_controller
-- Installing: /home/wowjw/Project/Automobile/Phase4/ros2_ws/install/vehicle_controller/include/vehicle_controller/vehicle_controller
-- Installing: /home/wowjw/Project/Automobile/Phase4/ros2_ws/install/vehicle_controller/include/vehicle_controller/vehicle_controller/msg
-- Installing: /home/wowjw/Project/Automobile/Phase4/ros2_ws/install/vehicle_controller/include/vehicle_controller/vehicle_controller/msg/vehicle_pose.h
-- Installing: /home/wowjw/Project/Automobile/Phase4/ros2_ws/install/vehicle_controller/include/vehicle_controller/vehicle_controller/msg/detail
-- Installing: /home/wowjw/Project/Automobile/Phase4/ros2_ws/install/vehicle_controller/include/vehicle_controller/vehicle_controller/msg/detail/vehicle_pose__functions.c
-- Installing: /home/wowjw/Project/Automobile/Phase4/ros2_ws/install/vehicle_controller/include/vehicle_controller/vehicle_controller/msg/detail/vehicle_pose__struct.h
-- Installing: /home/wowjw/Project/Automobile/Phase4/ros2_ws/install/vehicle_controller/include/vehicle_controller/vehicle_controller/msg/detail/vehicle_pose__functions.h
-- Installing: /home/wowjw/Project/Automobile/Phase4/ros2_ws/install/vehicle_controller/include/vehicle_controller/vehicle_controller/msg/detail/vehicle_pose__type_support.h
-- Installing: /home/wowjw/Project/Automobile/Phase4/ros2_ws/install/vehicle_controller/include/vehicle_controller/vehicle_controller/msg/rosidl_generator_c__visibility_control.h
-- Installing: /home/wowjw/Project/Automobile/Phase4/ros2_ws/install/vehicle_controller/share/vehicle_controller/environment/library_path.sh
-- Installing: /home/wowjw/Project/Automobile/Phase4/ros2_ws/install/vehicle_controller/share/vehicle_controller/environment/library_path.dsv
-- Installing: /home/wowjw/Project/Automobile/Phase4/ros2_ws/install/vehicle_controller/lib/libvehicle_controller__rosidl_generator_c.so
-- Set runtime path of "/home/wowjw/Project/Automobile/Phase4/ros2_ws/install/vehicle_controller/lib/libvehicle_controller__rosidl_generator_c.so" to ""
-- Up-to-date: /home/wowjw/Project/Automobile/Phase4/ros2_ws/install/vehicle_controller/include/vehicle_controller/vehicle_controller
-- Up-to-date: /home/wowjw/Project/Automobile/Phase4/ros2_ws/install/vehicle_controller/include/vehicle_controller/vehicle_controller/msg
-- Installing: /home/wowjw/Project/Automobile/Phase4/ros2_ws/install/vehicle_controller/include/vehicle_controller/vehicle_controller/msg/rosidl_typesupport_fastrtps_c__visibility_control.h
-- Up-to-date: /home/wowjw/Project/Automobile/Phase4/ros2_ws/install/vehicle_controller/include/vehicle_controller/vehicle_controller/msg/detail
-- Installing: /home/wowjw/Project/Automobile/Phase4/ros2_ws/install/vehicle_controller/include/vehicle_controller/vehicle_controller/msg/detail/vehicle_pose__rosidl_typesupport_fastrtps_c.h
-- Installing: /home/wowjw/Project/Automobile/Phase4/ros2_ws/install/vehicle_controller/lib/libvehicle_controller__rosidl_typesupport_fastrtps_c.so
-- Set runtime path of "/home/wowjw/Project/Automobile/Phase4/ros2_ws/install/vehicle_controller/lib/libvehicle_controller__rosidl_typesupport_fastrtps_c.so" to ""
-- Up-to-date: /home/wowjw/Project/Automobile/Phase4/ros2_ws/install/vehicle_controller/include/vehicle_controller/vehicle_controller
-- Up-to-date: /home/wowjw/Project/Automobile/Phase4/ros2_ws/install/vehicle_controller/include/vehicle_controller/vehicle_controller/msg
-- Up-to-date: /home/wowjw/Project/Automobile/Phase4/ros2_ws/install/vehicle_controller/include/vehicle_controller/vehicle_controller/msg/detail
-- Installing: /home/wowjw/Project/Automobile/Phase4/ros2_ws/install/vehicle_controller/include/vehicle_controller/vehicle_controller/msg/detail/vehicle_pose__type_support.hpp
-- Installing: /home/wowjw/Project/Automobile/Phase4/ros2_ws/install/vehicle_controller/include/vehicle_controller/vehicle_controller/msg/detail/vehicle_pose__struct.hpp
-- Installing: /home/wowjw/Project/Automobile/Phase4/ros2_ws/install/vehicle_controller/include/vehicle_controller/vehicle_controller/msg/detail/vehicle_pose__traits.hpp
-- Installing: /home/wowjw/Project/Automobile/Phase4/ros2_ws/install/vehicle_controller/include/vehicle_controller/vehicle_controller/msg/detail/vehicle_pose__builder.hpp
-- Installing: /home/wowjw/Project/Automobile/Phase4/ros2_ws/install/vehicle_controller/include/vehicle_controller/vehicle_controller/msg/vehicle_pose.hpp
-- Installing: /home/wowjw/Project/Automobile/Phase4/ros2_ws/install/vehicle_controller/include/vehicle_controller/vehicle_controller/msg/rosidl_generator_cpp__visibility_control.hpp
-- Up-to-date: /home/wowjw/Project/Automobile/Phase4/ros2_ws/install/vehicle_controller/include/vehicle_controller/vehicle_controller
-- Up-to-date: /home/wowjw/Project/Automobile/Phase4/ros2_ws/install/vehicle_controller/include/vehicle_controller/vehicle_controller/msg
-- Installing: /home/wowjw/Project/Automobile/Phase4/ros2_ws/install/vehicle_controller/include/vehicle_controller/vehicle_controller/msg/rosidl_typesupport_fastrtps_cpp__visibility_control.h
-- Up-to-date: /home/wowjw/Project/Automobile/Phase4/ros2_ws/install/vehicle_controller/include/vehicle_controller/vehicle_controller/msg/detail
-- Installing: /home/wowjw/Project/Automobile/Phase4/ros2_ws/install/vehicle_controller/include/vehicle_controller/vehicle_controller/msg/detail/dds_fastrtps
-- Installing: /home/wowjw/Project/Automobile/Phase4/ros2_ws/install/vehicle_controller/include/vehicle_controller/vehicle_controller/msg/detail/vehicle_pose__rosidl_typesupport_fastrtps_cpp.hpp
-- Installing: /home/wowjw/Project/Automobile/Phase4/ros2_ws/install/vehicle_controller/lib/libvehicle_controller__rosidl_typesupport_fastrtps_cpp.so
-- Set runtime path of "/home/wowjw/Project/Automobile/Phase4/ros2_ws/install/vehicle_controller/lib/libvehicle_controller__rosidl_typesupport_fastrtps_cpp.so" to ""
-- Up-to-date: /home/wowjw/Project/Automobile/Phase4/ros2_ws/install/vehicle_controller/include/vehicle_controller/vehicle_controller
-- Up-to-date: /home/wowjw/Project/Automobile/Phase4/ros2_ws/install/vehicle_controller/include/vehicle_controller/vehicle_controller/msg
-- Installing: /home/wowjw/Project/Automobile/Phase4/ros2_ws/install/vehicle_controller/include/vehicle_controller/vehicle_controller/msg/rosidl_typesupport_introspection_c__visibility_control.h
-- Up-to-date: /home/wowjw/Project/Automobile/Phase4/ros2_ws/install/vehicle_controller/include/vehicle_controller/vehicle_controller/msg/detail
-- Installing: /home/wowjw/Project/Automobile/Phase4/ros2_ws/install/vehicle_controller/include/vehicle_controller/vehicle_controller/msg/detail/vehicle_pose__rosidl_typesupport_introspection_c.h
-- Installing: /home/wowjw/Project/Automobile/Phase4/ros2_ws/install/vehicle_controller/include/vehicle_controller/vehicle_controller/msg/detail/vehicle_pose__type_support.c
-- Installing: /home/wowjw/Project/Automobile/Phase4/ros2_ws/install/vehicle_controller/lib/libvehicle_controller__rosidl_typesupport_introspection_c.so
-- Set runtime path of "/home/wowjw/Project/Automobile/Phase4/ros2_ws/install/vehicle_controller/lib/libvehicle_controller__rosidl_typesupport_introspection_c.so" to ""
-- Installing: /home/wowjw/Project/Automobile/Phase4/ros2_ws/install/vehicle_controller/lib/libvehicle_controller__rosidl_typesupport_c.so
-- Set runtime path of "/home/wowjw/Project/Automobile/Phase4/ros2_ws/install/vehicle_controller/lib/libvehicle_controller__rosidl_typesupport_c.so" to ""
-- Up-to-date: /home/wowjw/Project/Automobile/Phase4/ros2_ws/install/vehicle_controller/include/vehicle_controller/vehicle_controller
-- Up-to-date: /home/wowjw/Project/Automobile/Phase4/ros2_ws/install/vehicle_controller/include/vehicle_controller/vehicle_controller/msg
-- Up-to-date: /home/wowjw/Project/Automobile/Phase4/ros2_ws/install/vehicle_controller/include/vehicle_controller/vehicle_controller/msg/detail
-- Installing: /home/wowjw/Project/Automobile/Phase4/ros2_ws/install/vehicle_controller/include/vehicle_controller/vehicle_controller/msg/detail/vehicle_pose__rosidl_typesupport_introspection_cpp.hpp
-- Installing: /home/wowjw/Project/Automobile/Phase4/ros2_ws/install/vehicle_controller/include/vehicle_controller/vehicle_controller/msg/detail/vehicle_pose__type_support.cpp
-- Installing: /home/wowjw/Project/Automobile/Phase4/ros2_ws/install/vehicle_controller/lib/libvehicle_controller__rosidl_typesupport_introspection_cpp.so
-- Set runtime path of "/home/wowjw/Project/Automobile/Phase4/ros2_ws/install/vehicle_controller/lib/libvehicle_controller__rosidl_typesupport_introspection_cpp.so" to ""
-- Installing: /home/wowjw/Project/Automobile/Phase4/ros2_ws/install/vehicle_controller/lib/libvehicle_controller__rosidl_typesupport_cpp.so
-- Set runtime path of "/home/wowjw/Project/Automobile/Phase4/ros2_ws/install/vehicle_controller/lib/libvehicle_controller__rosidl_typesupport_cpp.so" to ""
-- Installing: /home/wowjw/Project/Automobile/Phase4/ros2_ws/install/vehicle_controller/share/vehicle_controller/msg/VehiclePose.idl
-- Installing: /home/wowjw/Project/Automobile/Phase4/ros2_ws/install/vehicle_controller/share/vehicle_controller/msg/VehiclePose.msg
-- Installing: /home/wowjw/Project/Automobile/Phase4/ros2_ws/install/vehicle_controller/lib/vehicle_controller/vehicle_controller_node
-- Set runtime path of "/home/wowjw/Project/Automobile/Phase4/ros2_ws/install/vehicle_controller/lib/vehicle_controller/vehicle_controller_node" to ""
-- Installing: /home/wowjw/Project/Automobile/Phase4/ros2_ws/install/vehicle_controller/share/ament_index/resource_index/package_run_dependencies/vehicle_controller
-- Installing: /home/wowjw/Project/Automobile/Phase4/ros2_ws/install/vehicle_controller/share/ament_index/resource_index/parent_prefix_path/vehicle_controller
-- Installing: /home/wowjw/Project/Automobile/Phase4/ros2_ws/install/vehicle_controller/share/vehicle_controller/environment/ament_prefix_path.sh
-- Installing: /home/wowjw/Project/Automobile/Phase4/ros2_ws/install/vehicle_controller/share/vehicle_controller/environment/ament_prefix_path.dsv
-- Installing: /home/wowjw/Project/Automobile/Phase4/ros2_ws/install/vehicle_controller/share/vehicle_controller/environment/path.sh
-- Installing: /home/wowjw/Project/Automobile/Phase4/ros2_ws/install/vehicle_controller/share/vehicle_controller/environment/path.dsv
-- Installing: /home/wowjw/Project/Automobile/Phase4/ros2_ws/install/vehicle_controller/share/vehicle_controller/local_setup.bash
-- Installing: /home/wowjw/Project/Automobile/Phase4/ros2_ws/install/vehicle_controller/share/vehicle_controller/local_setup.sh
-- Installing: /home/wowjw/Project/Automobile/Phase4/ros2_ws/install/vehicle_controller/share/vehicle_controller/local_setup.zsh
-- Installing: /home/wowjw/Project/Automobile/Phase4/ros2_ws/install/vehicle_controller/share/vehicle_controller/local_setup.dsv
-- Installing: /home/wowjw/Project/Automobile/Phase4/ros2_ws/install/vehicle_controller/share/vehicle_controller/package.dsv
-- Installing: /home/wowjw/Project/Automobile/Phase4/ros2_ws/install/vehicle_controller/share/ament_index/resource_index/packages/vehicle_controller
-- Installing: /home/wowjw/Project/Automobile/Phase4/ros2_ws/install/vehicle_controller/share/vehicle_controller/cmake/export_vehicle_controller__rosidl_generator_cExport.cmake
-- Installing: /home/wowjw/Project/Automobile/Phase4/ros2_ws/install/vehicle_controller/share/vehicle_controller/cmake/export_vehicle_controller__rosidl_generator_cExport-noconfig.cmake
-- Installing: /home/wowjw/Project/Automobile/Phase4/ros2_ws/install/vehicle_controller/share/vehicle_controller/cmake/export_vehicle_controller__rosidl_typesupport_fastrtps_cExport.cmake
-- Installing: /home/wowjw/Project/Automobile/Phase4/ros2_ws/install/vehicle_controller/share/vehicle_controller/cmake/export_vehicle_controller__rosidl_typesupport_fastrtps_cExport-noconfig.cmake
-- Installing: /home/wowjw/Project/Automobile/Phase4/ros2_ws/install/vehicle_controller/share/vehicle_controller/cmake/export_vehicle_controller__rosidl_generator_cppExport.cmake
-- Installing: /home/wowjw/Project/Automobile/Phase4/ros2_ws/install/vehicle_controller/share/vehicle_controller/cmake/export_vehicle_controller__rosidl_typesupport_fastrtps_cppExport.cmake
-- Installing: /home/wowjw/Project/Automobile/Phase4/ros2_ws/install/vehicle_controller/share/vehicle_controller/cmake/export_vehicle_controller__rosidl_typesupport_fastrtps_cppExport-noconfig.cmake
-- Installing: /home/wowjw/Project/Automobile/Phase4/ros2_ws/install/vehicle_controller/share/vehicle_controller/cmake/vehicle_controller__rosidl_typesupport_introspection_cExport.cmake
-- Installing: /home/wowjw/Project/Automobile/Phase4/ros2_ws/install/vehicle_controller/share/vehicle_controller/cmake/vehicle_controller__rosidl_typesupport_introspection_cExport-noconfig.cmake
-- Installing: /home/wowjw/Project/Automobile/Phase4/ros2_ws/install/vehicle_controller/share/vehicle_controller/cmake/vehicle_controller__rosidl_typesupport_cExport.cmake
-- Installing: /home/wowjw/Project/Automobile/Phase4/ros2_ws/install/vehicle_controller/share/vehicle_controller/cmake/vehicle_controller__rosidl_typesupport_cExport-noconfig.cmake
-- Installing: /home/wowjw/Project/Automobile/Phase4/ros2_ws/install/vehicle_controller/share/vehicle_controller/cmake/vehicle_controller__rosidl_typesupport_introspection_cppExport.cmake
-- Installing: /home/wowjw/Project/Automobile/Phase4/ros2_ws/install/vehicle_controller/share/vehicle_controller/cmake/vehicle_controller__rosidl_typesupport_introspection_cppExport-noconfig.cmake
-- Installing: /home/wowjw/Project/Automobile/Phase4/ros2_ws/install/vehicle_controller/share/vehicle_controller/cmake/vehicle_controller__rosidl_typesupport_cppExport.cmake
-- Installing: /home/wowjw/Project/Automobile/Phase4/ros2_ws/install/vehicle_controller/share/vehicle_controller/cmake/vehicle_controller__rosidl_typesupport_cppExport-noconfig.cmake
-- Installing: /home/wowjw/Project/Automobile/Phase4/ros2_ws/install/vehicle_controller/share/vehicle_controller/cmake/rosidl_cmake-extras.cmake
-- Installing: /home/wowjw/Project/Automobile/Phase4/ros2_ws/install/vehicle_controller/share/vehicle_controller/cmake/ament_cmake_export_include_directories-extras.cmake
-- Installing: /home/wowjw/Project/Automobile/Phase4/ros2_ws/install/vehicle_controller/share/vehicle_controller/cmake/ament_cmake_export_libraries-extras.cmake
-- Installing: /home/wowjw/Project/Automobile/Phase4/ros2_ws/install/vehicle_controller/share/vehicle_controller/cmake/ament_cmake_export_targets-extras.cmake
-- Installing: /home/wowjw/Project/Automobile/Phase4/ros2_ws/install/vehicle_controller/share/vehicle_controller/cmake/rosidl_cmake_export_typesupport_targets-extras.cmake
-- Installing: /home/wowjw/Project/Automobile/Phase4/ros2_ws/install/vehicle_controller/share/vehicle_controller/cmake/ament_cmake_export_dependencies-extras.cmake
-- Installing: /home/wowjw/Project/Automobile/Phase4/ros2_ws/install/vehicle_controller/share/vehicle_controller/cmake/rosidl_cmake_export_typesupport_libraries-extras.cmake
-- Installing: /home/wowjw/Project/Automobile/Phase4/ros2_ws/install/vehicle_controller/share/vehicle_controller/cmake/vehicle_controllerConfig.cmake
-- Installing: /home/wowjw/Project/Automobile/Phase4/ros2_ws/install/vehicle_controller/share/vehicle_controller/cmake/vehicle_controllerConfig-version.cmake
-- Installing: /home/wowjw/Project/Automobile/Phase4/ros2_ws/install/vehicle_controller/share/vehicle_controller/package.xml
