[0.205s] DEBUG:colcon:Command line arguments: ['/usr/bin/colcon', 'build', '--packages-up-to', 'vehicle_controller']
[0.205s] DEBUG:colcon:Parsed command line arguments: Namespace(log_base=None, log_level=None, verb_name='build', build_base='build', install_base='install', merge_install=False, symlink_install=False, test_result_base=None, continue_on_error=False, executor='parallel', parallel_workers=6, event_handlers=None, ignore_user_meta=False, metas=['./colcon.meta'], base_paths=['.'], packages_ignore=None, packages_ignore_regex=None, paths=None, packages_up_to=['vehicle_controller'], packages_up_to_regex=None, packages_above=None, packages_above_and_dependencies=None, packages_above_depth=None, packages_select_by_dep=None, packages_skip_by_dep=None, packages_skip_up_to=None, packages_select_build_failed=False, packages_skip_build_finished=False, packages_select_test_failures=False, packages_skip_test_passed=False, packages_select=None, packages_skip=None, packages_select_regex=None, packages_skip_regex=None, packages_start=None, packages_end=None, allow_overriding=[], cmake_args=None, cmake_target=None, cmake_target_skip_unavailable=False, cmake_clean_cache=False, cmake_clean_first=False, cmake_force_configure=False, ament_cmake_args=None, catkin_cmake_args=None, catkin_skip_building_tests=False, mixin_files=None, mixin=None, verb_parser=<colcon_mixin.mixin.mixin_argument.MixinArgumentDecorator object at 0xffff985b5e70>, verb_extension=<colcon_core.verb.build.BuildVerb object at 0xffff985b5930>, main=<bound method BuildVerb.main of <colcon_core.verb.build.BuildVerb object at 0xffff985b5930>>, mixin_verb=('build',))
[0.532s] Level 1:colcon.colcon_core.package_discovery:discover_packages(colcon_meta) check parameters
[0.532s] Level 1:colcon.colcon_core.package_discovery:discover_packages(recursive) check parameters
[0.532s] Level 1:colcon.colcon_core.package_discovery:discover_packages(ignore) check parameters
[0.532s] Level 1:colcon.colcon_core.package_discovery:discover_packages(path) check parameters
[0.532s] Level 1:colcon.colcon_core.package_discovery:discover_packages(colcon_meta) discover
[0.532s] Level 1:colcon.colcon_core.package_discovery:discover_packages(recursive) discover
[0.533s] INFO:colcon.colcon_core.package_discovery:Crawling recursively for packages in '/home/wowjw/Project/Automobile/Phase4/ros2_ws'
[0.533s] Level 1:colcon.colcon_core.package_identification:_identify(.) by extensions ['ignore', 'ignore_ament_install']
[0.533s] Level 1:colcon.colcon_core.package_identification:_identify(.) by extension 'ignore'
[0.533s] Level 1:colcon.colcon_core.package_identification:_identify(.) by extension 'ignore_ament_install'
[0.533s] Level 1:colcon.colcon_core.package_identification:_identify(.) by extensions ['colcon_pkg']
[0.533s] Level 1:colcon.colcon_core.package_identification:_identify(.) by extension 'colcon_pkg'
[0.533s] Level 1:colcon.colcon_core.package_identification:_identify(.) by extensions ['colcon_meta']
[0.533s] Level 1:colcon.colcon_core.package_identification:_identify(.) by extension 'colcon_meta'
[0.534s] Level 1:colcon.colcon_core.package_identification:_identify(.) by extensions ['ros']
[0.534s] Level 1:colcon.colcon_core.package_identification:_identify(.) by extension 'ros'
[0.554s] Level 1:colcon.colcon_core.package_identification:_identify(.) by extensions ['cmake', 'python']
[0.554s] Level 1:colcon.colcon_core.package_identification:_identify(.) by extension 'cmake'
[0.554s] Level 1:colcon.colcon_core.package_identification:_identify(.) by extension 'python'
[0.555s] Level 1:colcon.colcon_core.package_identification:_identify(.) by extensions ['python_setup_py']
[0.555s] Level 1:colcon.colcon_core.package_identification:_identify(.) by extension 'python_setup_py'
[0.555s] Level 1:colcon.colcon_core.package_identification:_identify(build) by extensions ['ignore', 'ignore_ament_install']
[0.555s] Level 1:colcon.colcon_core.package_identification:_identify(build) by extension 'ignore'
[0.555s] Level 1:colcon.colcon_core.package_identification:_identify(build) ignored
[0.555s] Level 1:colcon.colcon_core.package_identification:_identify(install) by extensions ['ignore', 'ignore_ament_install']
[0.556s] Level 1:colcon.colcon_core.package_identification:_identify(install) by extension 'ignore'
[0.556s] Level 1:colcon.colcon_core.package_identification:_identify(install) ignored
[0.556s] Level 1:colcon.colcon_core.package_identification:_identify(log) by extensions ['ignore', 'ignore_ament_install']
[0.556s] Level 1:colcon.colcon_core.package_identification:_identify(log) by extension 'ignore'
[0.556s] Level 1:colcon.colcon_core.package_identification:_identify(log) ignored
[0.556s] Level 1:colcon.colcon_core.package_identification:_identify(src) by extensions ['ignore', 'ignore_ament_install']
[0.557s] Level 1:colcon.colcon_core.package_identification:_identify(src) by extension 'ignore'
[0.557s] Level 1:colcon.colcon_core.package_identification:_identify(src) by extension 'ignore_ament_install'
[0.557s] Level 1:colcon.colcon_core.package_identification:_identify(src) by extensions ['colcon_pkg']
[0.557s] Level 1:colcon.colcon_core.package_identification:_identify(src) by extension 'colcon_pkg'
[0.557s] Level 1:colcon.colcon_core.package_identification:_identify(src) by extensions ['colcon_meta']
[0.557s] Level 1:colcon.colcon_core.package_identification:_identify(src) by extension 'colcon_meta'
[0.557s] Level 1:colcon.colcon_core.package_identification:_identify(src) by extensions ['ros']
[0.557s] Level 1:colcon.colcon_core.package_identification:_identify(src) by extension 'ros'
[0.557s] Level 1:colcon.colcon_core.package_identification:_identify(src) by extensions ['cmake', 'python']
[0.557s] Level 1:colcon.colcon_core.package_identification:_identify(src) by extension 'cmake'
[0.557s] Level 1:colcon.colcon_core.package_identification:_identify(src) by extension 'python'
[0.558s] Level 1:colcon.colcon_core.package_identification:_identify(src) by extensions ['python_setup_py']
[0.558s] Level 1:colcon.colcon_core.package_identification:_identify(src) by extension 'python_setup_py'
[0.558s] Level 1:colcon.colcon_core.package_identification:_identify(src/vehicle_controller) by extensions ['ignore', 'ignore_ament_install']
[0.558s] Level 1:colcon.colcon_core.package_identification:_identify(src/vehicle_controller) by extension 'ignore'
[0.558s] Level 1:colcon.colcon_core.package_identification:_identify(src/vehicle_controller) by extension 'ignore_ament_install'
[0.558s] Level 1:colcon.colcon_core.package_identification:_identify(src/vehicle_controller) by extensions ['colcon_pkg']
[0.558s] Level 1:colcon.colcon_core.package_identification:_identify(src/vehicle_controller) by extension 'colcon_pkg'
[0.558s] Level 1:colcon.colcon_core.package_identification:_identify(src/vehicle_controller) by extensions ['colcon_meta']
[0.558s] Level 1:colcon.colcon_core.package_identification:_identify(src/vehicle_controller) by extension 'colcon_meta'
[0.558s] Level 1:colcon.colcon_core.package_identification:_identify(src/vehicle_controller) by extensions ['ros']
[0.559s] Level 1:colcon.colcon_core.package_identification:_identify(src/vehicle_controller) by extension 'ros'
[0.563s] DEBUG:colcon.colcon_core.package_identification:Package 'src/vehicle_controller' with type 'ros.ament_cmake' and name 'vehicle_controller'
[0.564s] Level 1:colcon.colcon_core.package_identification:_identify(src/vehicle_interface) by extensions ['ignore', 'ignore_ament_install']
[0.564s] Level 1:colcon.colcon_core.package_identification:_identify(src/vehicle_interface) by extension 'ignore'
[0.564s] Level 1:colcon.colcon_core.package_identification:_identify(src/vehicle_interface) by extension 'ignore_ament_install'
[0.564s] Level 1:colcon.colcon_core.package_identification:_identify(src/vehicle_interface) by extensions ['colcon_pkg']
[0.564s] Level 1:colcon.colcon_core.package_identification:_identify(src/vehicle_interface) by extension 'colcon_pkg'
[0.564s] Level 1:colcon.colcon_core.package_identification:_identify(src/vehicle_interface) by extensions ['colcon_meta']
[0.564s] Level 1:colcon.colcon_core.package_identification:_identify(src/vehicle_interface) by extension 'colcon_meta'
[0.564s] Level 1:colcon.colcon_core.package_identification:_identify(src/vehicle_interface) by extensions ['ros']
[0.564s] Level 1:colcon.colcon_core.package_identification:_identify(src/vehicle_interface) by extension 'ros'
[0.565s] DEBUG:colcon.colcon_core.package_identification:Package 'src/vehicle_interface' with type 'ros.ament_cmake' and name 'vehicle_interface'
[0.566s] Level 1:colcon.colcon_core.package_discovery:discover_packages(recursive) using defaults
[0.566s] Level 1:colcon.colcon_core.package_discovery:discover_packages(ignore) discover
[0.566s] Level 1:colcon.colcon_core.package_discovery:discover_packages(ignore) using defaults
[0.566s] Level 1:colcon.colcon_core.package_discovery:discover_packages(path) discover
[0.566s] Level 1:colcon.colcon_core.package_discovery:discover_packages(path) using defaults
[0.630s] Level 1:colcon.colcon_core.package_discovery:discover_packages(prefix_path) check parameters
[0.630s] Level 1:colcon.colcon_core.package_discovery:discover_packages(prefix_path) discover
[0.632s] WARNING:colcon.colcon_core.prefix_path.colcon:The path '/home/wowjw/Project/Automobile/Phase4/install' in the environment variable COLCON_PREFIX_PATH doesn't exist
[0.632s] WARNING:colcon.colcon_ros.prefix_path.ament:The path '/home/wowjw/Project/Automobile/Phase4/install/vehicle_controller' in the environment variable AMENT_PREFIX_PATH doesn't exist
[0.633s] WARNING:colcon.colcon_ros.prefix_path.ament:The path '/home/wowjw/Project/Automobile/Phase4/install/vehicle_interface' in the environment variable AMENT_PREFIX_PATH doesn't exist
[0.633s] WARNING:colcon.colcon_ros.prefix_path.catkin:The path '/home/wowjw/Project/Automobile/Phase4/install/vehicle_controller' in the environment variable CMAKE_PREFIX_PATH doesn't exist
[0.633s] WARNING:colcon.colcon_ros.prefix_path.catkin:The path '/home/wowjw/Project/Automobile/Phase4/install/vehicle_interface' in the environment variable CMAKE_PREFIX_PATH doesn't exist
[0.634s] DEBUG:colcon.colcon_installed_package_information.package_discovery:Found 2 installed packages in /home/wowjw/Project/Automobile/Phase4/ros2_ws/install
[0.637s] DEBUG:colcon.colcon_installed_package_information.package_discovery:Found 324 installed packages in /opt/ros/humble
[0.639s] Level 1:colcon.colcon_core.package_discovery:discover_packages(prefix_path) using defaults
[0.718s] Level 5:colcon.colcon_core.verb:set package 'vehicle_interface' build argument 'cmake_args' from command line to 'None'
[0.718s] Level 5:colcon.colcon_core.verb:set package 'vehicle_interface' build argument 'cmake_target' from command line to 'None'
[0.719s] Level 5:colcon.colcon_core.verb:set package 'vehicle_interface' build argument 'cmake_target_skip_unavailable' from command line to 'False'
[0.719s] Level 5:colcon.colcon_core.verb:set package 'vehicle_interface' build argument 'cmake_clean_cache' from command line to 'False'
[0.719s] Level 5:colcon.colcon_core.verb:set package 'vehicle_interface' build argument 'cmake_clean_first' from command line to 'False'
[0.719s] Level 5:colcon.colcon_core.verb:set package 'vehicle_interface' build argument 'cmake_force_configure' from command line to 'False'
[0.719s] Level 5:colcon.colcon_core.verb:set package 'vehicle_interface' build argument 'ament_cmake_args' from command line to 'None'
[0.719s] Level 5:colcon.colcon_core.verb:set package 'vehicle_interface' build argument 'catkin_cmake_args' from command line to 'None'
[0.719s] Level 5:colcon.colcon_core.verb:set package 'vehicle_interface' build argument 'catkin_skip_building_tests' from command line to 'False'
[0.719s] DEBUG:colcon.colcon_core.verb:Building package 'vehicle_interface' with the following arguments: {'ament_cmake_args': None, 'build_base': '/home/wowjw/Project/Automobile/Phase4/ros2_ws/build/vehicle_interface', 'catkin_cmake_args': None, 'catkin_skip_building_tests': False, 'cmake_args': None, 'cmake_clean_cache': False, 'cmake_clean_first': False, 'cmake_force_configure': False, 'cmake_target': None, 'cmake_target_skip_unavailable': False, 'install_base': '/home/wowjw/Project/Automobile/Phase4/ros2_ws/install/vehicle_interface', 'merge_install': False, 'path': '/home/wowjw/Project/Automobile/Phase4/ros2_ws/src/vehicle_interface', 'symlink_install': False, 'test_result_base': None}
[0.720s] Level 5:colcon.colcon_core.verb:set package 'vehicle_controller' build argument 'cmake_args' from command line to 'None'
[0.720s] Level 5:colcon.colcon_core.verb:set package 'vehicle_controller' build argument 'cmake_target' from command line to 'None'
[0.720s] Level 5:colcon.colcon_core.verb:set package 'vehicle_controller' build argument 'cmake_target_skip_unavailable' from command line to 'False'
[0.720s] Level 5:colcon.colcon_core.verb:set package 'vehicle_controller' build argument 'cmake_clean_cache' from command line to 'False'
[0.720s] Level 5:colcon.colcon_core.verb:set package 'vehicle_controller' build argument 'cmake_clean_first' from command line to 'False'
[0.720s] Level 5:colcon.colcon_core.verb:set package 'vehicle_controller' build argument 'cmake_force_configure' from command line to 'False'
[0.720s] Level 5:colcon.colcon_core.verb:set package 'vehicle_controller' build argument 'ament_cmake_args' from command line to 'None'
[0.720s] Level 5:colcon.colcon_core.verb:set package 'vehicle_controller' build argument 'catkin_cmake_args' from command line to 'None'
[0.720s] Level 5:colcon.colcon_core.verb:set package 'vehicle_controller' build argument 'catkin_skip_building_tests' from command line to 'False'
[0.720s] DEBUG:colcon.colcon_core.verb:Building package 'vehicle_controller' with the following arguments: {'ament_cmake_args': None, 'build_base': '/home/wowjw/Project/Automobile/Phase4/ros2_ws/build/vehicle_controller', 'catkin_cmake_args': None, 'catkin_skip_building_tests': False, 'cmake_args': None, 'cmake_clean_cache': False, 'cmake_clean_first': False, 'cmake_force_configure': False, 'cmake_target': None, 'cmake_target_skip_unavailable': False, 'install_base': '/home/wowjw/Project/Automobile/Phase4/ros2_ws/install/vehicle_controller', 'merge_install': False, 'path': '/home/wowjw/Project/Automobile/Phase4/ros2_ws/src/vehicle_controller', 'symlink_install': False, 'test_result_base': None}
[0.720s] INFO:colcon.colcon_core.executor:Executing jobs using 'parallel' executor
[0.722s] DEBUG:colcon.colcon_parallel_executor.executor.parallel:run_until_complete
[0.723s] INFO:colcon.colcon_ros.task.ament_cmake.build:Building ROS package in '/home/wowjw/Project/Automobile/Phase4/ros2_ws/src/vehicle_interface' with build type 'ament_cmake'
[0.723s] INFO:colcon.colcon_cmake.task.cmake.build:Building CMake package in '/home/wowjw/Project/Automobile/Phase4/ros2_ws/src/vehicle_interface'
[0.727s] INFO:colcon.colcon_core.plugin_system:Skipping extension 'colcon_core.shell.bat': Not used on non-Windows systems
[0.727s] INFO:colcon.colcon_core.shell:Skip shell extension 'powershell' for command environment: Not usable outside of PowerShell
[0.727s] DEBUG:colcon.colcon_core.shell:Skip shell extension 'dsv' for command environment
[0.740s] DEBUG:colcon.colcon_core.event_handler.log_command:Invoking command in '/home/wowjw/Project/Automobile/Phase4/ros2_ws/build/vehicle_interface': CMAKE_PREFIX_PATH=${CMAKE_PREFIX_PATH}:/opt/ros/humble /usr/bin/cmake --build /home/wowjw/Project/Automobile/Phase4/ros2_ws/build/vehicle_interface -- -j6 -l6
[1.465s] DEBUG:colcon.colcon_core.event_handler.log_command:Invoked command in '/home/wowjw/Project/Automobile/Phase4/ros2_ws/build/vehicle_interface' returned '0': CMAKE_PREFIX_PATH=${CMAKE_PREFIX_PATH}:/opt/ros/humble /usr/bin/cmake --build /home/wowjw/Project/Automobile/Phase4/ros2_ws/build/vehicle_interface -- -j6 -l6
[1.487s] DEBUG:colcon.colcon_core.event_handler.log_command:Invoking command in '/home/wowjw/Project/Automobile/Phase4/ros2_ws/build/vehicle_interface': CMAKE_PREFIX_PATH=${CMAKE_PREFIX_PATH}:/opt/ros/humble /usr/bin/cmake --install /home/wowjw/Project/Automobile/Phase4/ros2_ws/build/vehicle_interface
[1.603s] Level 1:colcon.colcon_core.environment:create_environment_scripts_only(vehicle_interface)
[1.609s] DEBUG:colcon.colcon_core.event_handler.log_command:Invoked command in '/home/wowjw/Project/Automobile/Phase4/ros2_ws/build/vehicle_interface' returned '0': CMAKE_PREFIX_PATH=${CMAKE_PREFIX_PATH}:/opt/ros/humble /usr/bin/cmake --install /home/wowjw/Project/Automobile/Phase4/ros2_ws/build/vehicle_interface
[1.614s] Level 1:colcon.colcon_core.environment:checking '/home/wowjw/Project/Automobile/Phase4/ros2_ws/install/vehicle_interface' for CMake module files
[1.617s] Level 1:colcon.colcon_core.environment:checking '/home/wowjw/Project/Automobile/Phase4/ros2_ws/install/vehicle_interface' for CMake config files
[1.618s] Level 1:colcon.colcon_core.shell:create_environment_hook('vehicle_interface', 'cmake_prefix_path')
[1.619s] INFO:colcon.colcon_core.shell:Creating environment hook '/home/wowjw/Project/Automobile/Phase4/ros2_ws/install/vehicle_interface/share/vehicle_interface/hook/cmake_prefix_path.ps1'
[1.621s] INFO:colcon.colcon_core.shell:Creating environment descriptor '/home/wowjw/Project/Automobile/Phase4/ros2_ws/install/vehicle_interface/share/vehicle_interface/hook/cmake_prefix_path.dsv'
[1.622s] INFO:colcon.colcon_core.shell:Creating environment hook '/home/wowjw/Project/Automobile/Phase4/ros2_ws/install/vehicle_interface/share/vehicle_interface/hook/cmake_prefix_path.sh'
[1.625s] Level 1:colcon.colcon_core.environment:checking '/home/wowjw/Project/Automobile/Phase4/ros2_ws/install/vehicle_interface/lib'
[1.625s] Level 1:colcon.colcon_core.shell:create_environment_hook('vehicle_interface', 'ld_library_path_lib')
[1.626s] INFO:colcon.colcon_core.shell:Creating environment hook '/home/wowjw/Project/Automobile/Phase4/ros2_ws/install/vehicle_interface/share/vehicle_interface/hook/ld_library_path_lib.ps1'
[1.628s] INFO:colcon.colcon_core.shell:Creating environment descriptor '/home/wowjw/Project/Automobile/Phase4/ros2_ws/install/vehicle_interface/share/vehicle_interface/hook/ld_library_path_lib.dsv'
[1.628s] INFO:colcon.colcon_core.shell:Creating environment hook '/home/wowjw/Project/Automobile/Phase4/ros2_ws/install/vehicle_interface/share/vehicle_interface/hook/ld_library_path_lib.sh'
[1.629s] Level 1:colcon.colcon_core.environment:checking '/home/wowjw/Project/Automobile/Phase4/ros2_ws/install/vehicle_interface/bin'
[1.629s] Level 1:colcon.colcon_core.environment:checking '/home/wowjw/Project/Automobile/Phase4/ros2_ws/install/vehicle_interface/lib/pkgconfig/vehicle_interface.pc'
[1.630s] Level 1:colcon.colcon_core.environment:checking '/home/wowjw/Project/Automobile/Phase4/ros2_ws/install/vehicle_interface/lib/python3.10/site-packages'
[1.631s] Level 1:colcon.colcon_core.environment:checking '/home/wowjw/Project/Automobile/Phase4/ros2_ws/install/vehicle_interface/bin'
[1.632s] INFO:colcon.colcon_core.shell:Creating package script '/home/wowjw/Project/Automobile/Phase4/ros2_ws/install/vehicle_interface/share/vehicle_interface/package.ps1'
[1.635s] INFO:colcon.colcon_core.shell:Creating package descriptor '/home/wowjw/Project/Automobile/Phase4/ros2_ws/install/vehicle_interface/share/vehicle_interface/package.dsv'
[1.636s] INFO:colcon.colcon_core.shell:Creating package script '/home/wowjw/Project/Automobile/Phase4/ros2_ws/install/vehicle_interface/share/vehicle_interface/package.sh'
[1.637s] INFO:colcon.colcon_core.shell:Creating package script '/home/wowjw/Project/Automobile/Phase4/ros2_ws/install/vehicle_interface/share/vehicle_interface/package.bash'
[1.640s] INFO:colcon.colcon_core.shell:Creating package script '/home/wowjw/Project/Automobile/Phase4/ros2_ws/install/vehicle_interface/share/vehicle_interface/package.zsh'
[1.641s] Level 1:colcon.colcon_core.environment:create_file_with_runtime_dependencies(/home/wowjw/Project/Automobile/Phase4/ros2_ws/install/vehicle_interface/share/colcon-core/packages/vehicle_interface)
[1.643s] Level 1:colcon.colcon_core.environment:create_environment_scripts_only(vehicle_interface)
[1.643s] Level 1:colcon.colcon_core.environment:checking '/home/wowjw/Project/Automobile/Phase4/ros2_ws/install/vehicle_interface' for CMake module files
[1.646s] Level 1:colcon.colcon_core.environment:checking '/home/wowjw/Project/Automobile/Phase4/ros2_ws/install/vehicle_interface' for CMake config files
[1.646s] Level 1:colcon.colcon_core.shell:create_environment_hook('vehicle_interface', 'cmake_prefix_path')
[1.647s] INFO:colcon.colcon_core.shell:Creating environment hook '/home/wowjw/Project/Automobile/Phase4/ros2_ws/install/vehicle_interface/share/vehicle_interface/hook/cmake_prefix_path.ps1'
[1.648s] INFO:colcon.colcon_core.shell:Creating environment descriptor '/home/wowjw/Project/Automobile/Phase4/ros2_ws/install/vehicle_interface/share/vehicle_interface/hook/cmake_prefix_path.dsv'
[1.649s] INFO:colcon.colcon_core.shell:Creating environment hook '/home/wowjw/Project/Automobile/Phase4/ros2_ws/install/vehicle_interface/share/vehicle_interface/hook/cmake_prefix_path.sh'
[1.650s] Level 1:colcon.colcon_core.environment:checking '/home/wowjw/Project/Automobile/Phase4/ros2_ws/install/vehicle_interface/lib'
[1.650s] Level 1:colcon.colcon_core.shell:create_environment_hook('vehicle_interface', 'ld_library_path_lib')
[1.651s] INFO:colcon.colcon_core.shell:Creating environment hook '/home/wowjw/Project/Automobile/Phase4/ros2_ws/install/vehicle_interface/share/vehicle_interface/hook/ld_library_path_lib.ps1'
[1.652s] INFO:colcon.colcon_core.shell:Creating environment descriptor '/home/wowjw/Project/Automobile/Phase4/ros2_ws/install/vehicle_interface/share/vehicle_interface/hook/ld_library_path_lib.dsv'
[1.653s] INFO:colcon.colcon_core.shell:Creating environment hook '/home/wowjw/Project/Automobile/Phase4/ros2_ws/install/vehicle_interface/share/vehicle_interface/hook/ld_library_path_lib.sh'
[1.654s] Level 1:colcon.colcon_core.environment:checking '/home/wowjw/Project/Automobile/Phase4/ros2_ws/install/vehicle_interface/bin'
[1.654s] Level 1:colcon.colcon_core.environment:checking '/home/wowjw/Project/Automobile/Phase4/ros2_ws/install/vehicle_interface/lib/pkgconfig/vehicle_interface.pc'
[1.655s] Level 1:colcon.colcon_core.environment:checking '/home/wowjw/Project/Automobile/Phase4/ros2_ws/install/vehicle_interface/lib/python3.10/site-packages'
[1.655s] Level 1:colcon.colcon_core.environment:checking '/home/wowjw/Project/Automobile/Phase4/ros2_ws/install/vehicle_interface/bin'
[1.656s] INFO:colcon.colcon_core.shell:Creating package script '/home/wowjw/Project/Automobile/Phase4/ros2_ws/install/vehicle_interface/share/vehicle_interface/package.ps1'
[1.658s] INFO:colcon.colcon_core.shell:Creating package descriptor '/home/wowjw/Project/Automobile/Phase4/ros2_ws/install/vehicle_interface/share/vehicle_interface/package.dsv'
[1.659s] INFO:colcon.colcon_core.shell:Creating package script '/home/wowjw/Project/Automobile/Phase4/ros2_ws/install/vehicle_interface/share/vehicle_interface/package.sh'
[1.660s] INFO:colcon.colcon_core.shell:Creating package script '/home/wowjw/Project/Automobile/Phase4/ros2_ws/install/vehicle_interface/share/vehicle_interface/package.bash'
[1.661s] INFO:colcon.colcon_core.shell:Creating package script '/home/wowjw/Project/Automobile/Phase4/ros2_ws/install/vehicle_interface/share/vehicle_interface/package.zsh'
[1.662s] Level 1:colcon.colcon_core.environment:create_file_with_runtime_dependencies(/home/wowjw/Project/Automobile/Phase4/ros2_ws/install/vehicle_interface/share/colcon-core/packages/vehicle_interface)
[1.663s] INFO:colcon.colcon_ros.task.ament_cmake.build:Building ROS package in '/home/wowjw/Project/Automobile/Phase4/ros2_ws/src/vehicle_controller' with build type 'ament_cmake'
[1.663s] INFO:colcon.colcon_cmake.task.cmake.build:Building CMake package in '/home/wowjw/Project/Automobile/Phase4/ros2_ws/src/vehicle_controller'
[1.664s] INFO:colcon.colcon_core.shell:Skip shell extension 'powershell' for command environment: Not usable outside of PowerShell
[1.664s] DEBUG:colcon.colcon_core.shell:Skip shell extension 'dsv' for command environment
[1.688s] DEBUG:colcon.colcon_core.event_handler.log_command:Invoking command in '/home/wowjw/Project/Automobile/Phase4/ros2_ws/build/vehicle_controller': CMAKE_PREFIX_PATH=/home/wowjw/Project/Automobile/Phase4/ros2_ws/install/vehicle_interface:/home/wowjw/Project/Automobile/Phase4/ros2_ws/install/vehicle_controller:/home/wowjw/Project/Automobile/Phase4/install/vehicle_controller:/home/wowjw/Project/Automobile/Phase4/install/vehicle_interface:/opt/ros/humble LD_LIBRARY_PATH=/home/wowjw/Project/Automobile/Phase4/ros2_ws/install/vehicle_interface/lib:/home/wowjw/Project/Automobile/Phase4/ros2_ws/install/vehicle_controller/lib:/home/wowjw/Project/Automobile/Phase4/install/vehicle_controller/lib:/home/wowjw/Project/Automobile/Phase4/install/vehicle_interface/lib:/usr/local/cuda-12.6/lib64:/opt/ros/humble/opt/rviz_ogre_vendor/lib:/opt/ros/humble/lib/aarch64-linux-gnu:/opt/ros/humble/lib:/usr/local/cuda-12.6/lib64 /usr/bin/cmake --build /home/wowjw/Project/Automobile/Phase4/ros2_ws/build/vehicle_controller -- -j6 -l6
[2.413s] DEBUG:colcon.colcon_core.event_handler.log_command:Invoked command in '/home/wowjw/Project/Automobile/Phase4/ros2_ws/build/vehicle_controller' returned '0': CMAKE_PREFIX_PATH=/home/wowjw/Project/Automobile/Phase4/ros2_ws/install/vehicle_interface:/home/wowjw/Project/Automobile/Phase4/ros2_ws/install/vehicle_controller:/home/wowjw/Project/Automobile/Phase4/install/vehicle_controller:/home/wowjw/Project/Automobile/Phase4/install/vehicle_interface:/opt/ros/humble LD_LIBRARY_PATH=/home/wowjw/Project/Automobile/Phase4/ros2_ws/install/vehicle_interface/lib:/home/wowjw/Project/Automobile/Phase4/ros2_ws/install/vehicle_controller/lib:/home/wowjw/Project/Automobile/Phase4/install/vehicle_controller/lib:/home/wowjw/Project/Automobile/Phase4/install/vehicle_interface/lib:/usr/local/cuda-12.6/lib64:/opt/ros/humble/opt/rviz_ogre_vendor/lib:/opt/ros/humble/lib/aarch64-linux-gnu:/opt/ros/humble/lib:/usr/local/cuda-12.6/lib64 /usr/bin/cmake --build /home/wowjw/Project/Automobile/Phase4/ros2_ws/build/vehicle_controller -- -j6 -l6
[2.418s] DEBUG:colcon.colcon_core.event_handler.log_command:Invoking command in '/home/wowjw/Project/Automobile/Phase4/ros2_ws/build/vehicle_controller': CMAKE_PREFIX_PATH=/home/wowjw/Project/Automobile/Phase4/ros2_ws/install/vehicle_interface:/home/wowjw/Project/Automobile/Phase4/ros2_ws/install/vehicle_controller:/home/wowjw/Project/Automobile/Phase4/install/vehicle_controller:/home/wowjw/Project/Automobile/Phase4/install/vehicle_interface:/opt/ros/humble LD_LIBRARY_PATH=/home/wowjw/Project/Automobile/Phase4/ros2_ws/install/vehicle_interface/lib:/home/wowjw/Project/Automobile/Phase4/ros2_ws/install/vehicle_controller/lib:/home/wowjw/Project/Automobile/Phase4/install/vehicle_controller/lib:/home/wowjw/Project/Automobile/Phase4/install/vehicle_interface/lib:/usr/local/cuda-12.6/lib64:/opt/ros/humble/opt/rviz_ogre_vendor/lib:/opt/ros/humble/lib/aarch64-linux-gnu:/opt/ros/humble/lib:/usr/local/cuda-12.6/lib64 /usr/bin/cmake --install /home/wowjw/Project/Automobile/Phase4/ros2_ws/build/vehicle_controller
[2.527s] Level 1:colcon.colcon_core.environment:create_environment_scripts_only(vehicle_controller)
[2.528s] Level 1:colcon.colcon_core.environment:checking '/home/wowjw/Project/Automobile/Phase4/ros2_ws/install/vehicle_controller' for CMake module files
[2.529s] DEBUG:colcon.colcon_core.event_handler.log_command:Invoked command in '/home/wowjw/Project/Automobile/Phase4/ros2_ws/build/vehicle_controller' returned '0': CMAKE_PREFIX_PATH=/home/wowjw/Project/Automobile/Phase4/ros2_ws/install/vehicle_interface:/home/wowjw/Project/Automobile/Phase4/ros2_ws/install/vehicle_controller:/home/wowjw/Project/Automobile/Phase4/install/vehicle_controller:/home/wowjw/Project/Automobile/Phase4/install/vehicle_interface:/opt/ros/humble LD_LIBRARY_PATH=/home/wowjw/Project/Automobile/Phase4/ros2_ws/install/vehicle_interface/lib:/home/wowjw/Project/Automobile/Phase4/ros2_ws/install/vehicle_controller/lib:/home/wowjw/Project/Automobile/Phase4/install/vehicle_controller/lib:/home/wowjw/Project/Automobile/Phase4/install/vehicle_interface/lib:/usr/local/cuda-12.6/lib64:/opt/ros/humble/opt/rviz_ogre_vendor/lib:/opt/ros/humble/lib/aarch64-linux-gnu:/opt/ros/humble/lib:/usr/local/cuda-12.6/lib64 /usr/bin/cmake --install /home/wowjw/Project/Automobile/Phase4/ros2_ws/build/vehicle_controller
[2.531s] Level 1:colcon.colcon_core.environment:checking '/home/wowjw/Project/Automobile/Phase4/ros2_ws/install/vehicle_controller' for CMake config files
[2.532s] Level 1:colcon.colcon_core.shell:create_environment_hook('vehicle_controller', 'cmake_prefix_path')
[2.533s] INFO:colcon.colcon_core.shell:Creating environment hook '/home/wowjw/Project/Automobile/Phase4/ros2_ws/install/vehicle_controller/share/vehicle_controller/hook/cmake_prefix_path.ps1'
[2.535s] INFO:colcon.colcon_core.shell:Creating environment descriptor '/home/wowjw/Project/Automobile/Phase4/ros2_ws/install/vehicle_controller/share/vehicle_controller/hook/cmake_prefix_path.dsv'
[2.535s] INFO:colcon.colcon_core.shell:Creating environment hook '/home/wowjw/Project/Automobile/Phase4/ros2_ws/install/vehicle_controller/share/vehicle_controller/hook/cmake_prefix_path.sh'
[2.536s] Level 1:colcon.colcon_core.environment:checking '/home/wowjw/Project/Automobile/Phase4/ros2_ws/install/vehicle_controller/lib'
[2.537s] Level 1:colcon.colcon_core.shell:create_environment_hook('vehicle_controller', 'ld_library_path_lib')
[2.537s] INFO:colcon.colcon_core.shell:Creating environment hook '/home/wowjw/Project/Automobile/Phase4/ros2_ws/install/vehicle_controller/share/vehicle_controller/hook/ld_library_path_lib.ps1'
[2.539s] INFO:colcon.colcon_core.shell:Creating environment descriptor '/home/wowjw/Project/Automobile/Phase4/ros2_ws/install/vehicle_controller/share/vehicle_controller/hook/ld_library_path_lib.dsv'
[2.539s] INFO:colcon.colcon_core.shell:Creating environment hook '/home/wowjw/Project/Automobile/Phase4/ros2_ws/install/vehicle_controller/share/vehicle_controller/hook/ld_library_path_lib.sh'
[2.540s] Level 1:colcon.colcon_core.environment:checking '/home/wowjw/Project/Automobile/Phase4/ros2_ws/install/vehicle_controller/bin'
[2.540s] Level 1:colcon.colcon_core.environment:checking '/home/wowjw/Project/Automobile/Phase4/ros2_ws/install/vehicle_controller/lib/pkgconfig/vehicle_controller.pc'
[2.541s] Level 1:colcon.colcon_core.environment:checking '/home/wowjw/Project/Automobile/Phase4/ros2_ws/install/vehicle_controller/lib/python3.10/site-packages'
[2.542s] Level 1:colcon.colcon_core.environment:checking '/home/wowjw/Project/Automobile/Phase4/ros2_ws/install/vehicle_controller/bin'
[2.543s] INFO:colcon.colcon_core.shell:Creating package script '/home/wowjw/Project/Automobile/Phase4/ros2_ws/install/vehicle_controller/share/vehicle_controller/package.ps1'
[2.545s] INFO:colcon.colcon_core.shell:Creating package descriptor '/home/wowjw/Project/Automobile/Phase4/ros2_ws/install/vehicle_controller/share/vehicle_controller/package.dsv'
[2.546s] INFO:colcon.colcon_core.shell:Creating package script '/home/wowjw/Project/Automobile/Phase4/ros2_ws/install/vehicle_controller/share/vehicle_controller/package.sh'
[2.547s] INFO:colcon.colcon_core.shell:Creating package script '/home/wowjw/Project/Automobile/Phase4/ros2_ws/install/vehicle_controller/share/vehicle_controller/package.bash'
[2.547s] INFO:colcon.colcon_core.shell:Creating package script '/home/wowjw/Project/Automobile/Phase4/ros2_ws/install/vehicle_controller/share/vehicle_controller/package.zsh'
[2.549s] Level 1:colcon.colcon_core.environment:create_file_with_runtime_dependencies(/home/wowjw/Project/Automobile/Phase4/ros2_ws/install/vehicle_controller/share/colcon-core/packages/vehicle_controller)
[2.550s] Level 1:colcon.colcon_core.environment:create_environment_scripts_only(vehicle_controller)
[2.551s] Level 1:colcon.colcon_core.environment:checking '/home/wowjw/Project/Automobile/Phase4/ros2_ws/install/vehicle_controller' for CMake module files
[2.552s] Level 1:colcon.colcon_core.environment:checking '/home/wowjw/Project/Automobile/Phase4/ros2_ws/install/vehicle_controller' for CMake config files
[2.552s] Level 1:colcon.colcon_core.shell:create_environment_hook('vehicle_controller', 'cmake_prefix_path')
[2.553s] INFO:colcon.colcon_core.shell:Creating environment hook '/home/wowjw/Project/Automobile/Phase4/ros2_ws/install/vehicle_controller/share/vehicle_controller/hook/cmake_prefix_path.ps1'
[2.555s] INFO:colcon.colcon_core.shell:Creating environment descriptor '/home/wowjw/Project/Automobile/Phase4/ros2_ws/install/vehicle_controller/share/vehicle_controller/hook/cmake_prefix_path.dsv'
[2.555s] INFO:colcon.colcon_core.shell:Creating environment hook '/home/wowjw/Project/Automobile/Phase4/ros2_ws/install/vehicle_controller/share/vehicle_controller/hook/cmake_prefix_path.sh'
[2.556s] Level 1:colcon.colcon_core.environment:checking '/home/wowjw/Project/Automobile/Phase4/ros2_ws/install/vehicle_controller/lib'
[2.556s] Level 1:colcon.colcon_core.shell:create_environment_hook('vehicle_controller', 'ld_library_path_lib')
[2.557s] INFO:colcon.colcon_core.shell:Creating environment hook '/home/wowjw/Project/Automobile/Phase4/ros2_ws/install/vehicle_controller/share/vehicle_controller/hook/ld_library_path_lib.ps1'
[2.558s] INFO:colcon.colcon_core.shell:Creating environment descriptor '/home/wowjw/Project/Automobile/Phase4/ros2_ws/install/vehicle_controller/share/vehicle_controller/hook/ld_library_path_lib.dsv'
[2.559s] INFO:colcon.colcon_core.shell:Creating environment hook '/home/wowjw/Project/Automobile/Phase4/ros2_ws/install/vehicle_controller/share/vehicle_controller/hook/ld_library_path_lib.sh'
[2.561s] Level 1:colcon.colcon_core.environment:checking '/home/wowjw/Project/Automobile/Phase4/ros2_ws/install/vehicle_controller/bin'
[2.561s] Level 1:colcon.colcon_core.environment:checking '/home/wowjw/Project/Automobile/Phase4/ros2_ws/install/vehicle_controller/lib/pkgconfig/vehicle_controller.pc'
[2.562s] Level 1:colcon.colcon_core.environment:checking '/home/wowjw/Project/Automobile/Phase4/ros2_ws/install/vehicle_controller/lib/python3.10/site-packages'
[2.563s] Level 1:colcon.colcon_core.environment:checking '/home/wowjw/Project/Automobile/Phase4/ros2_ws/install/vehicle_controller/bin'
[2.564s] INFO:colcon.colcon_core.shell:Creating package script '/home/wowjw/Project/Automobile/Phase4/ros2_ws/install/vehicle_controller/share/vehicle_controller/package.ps1'
[2.566s] INFO:colcon.colcon_core.shell:Creating package descriptor '/home/wowjw/Project/Automobile/Phase4/ros2_ws/install/vehicle_controller/share/vehicle_controller/package.dsv'
[2.568s] INFO:colcon.colcon_core.shell:Creating package script '/home/wowjw/Project/Automobile/Phase4/ros2_ws/install/vehicle_controller/share/vehicle_controller/package.sh'
[2.569s] INFO:colcon.colcon_core.shell:Creating package script '/home/wowjw/Project/Automobile/Phase4/ros2_ws/install/vehicle_controller/share/vehicle_controller/package.bash'
[2.570s] INFO:colcon.colcon_core.shell:Creating package script '/home/wowjw/Project/Automobile/Phase4/ros2_ws/install/vehicle_controller/share/vehicle_controller/package.zsh'
[2.571s] Level 1:colcon.colcon_core.environment:create_file_with_runtime_dependencies(/home/wowjw/Project/Automobile/Phase4/ros2_ws/install/vehicle_controller/share/colcon-core/packages/vehicle_controller)
[2.571s] DEBUG:colcon.colcon_parallel_executor.executor.parallel:closing loop
[2.572s] DEBUG:colcon.colcon_parallel_executor.executor.parallel:loop closed
[2.572s] DEBUG:colcon.colcon_parallel_executor.executor.parallel:run_until_complete finished with '0'
[2.573s] DEBUG:colcon.colcon_core.event_reactor:joining thread
[2.591s] INFO:colcon.colcon_core.plugin_system:Skipping extension 'colcon_notification.desktop_notification.terminal_notifier': Not used on non-Darwin systems
[2.591s] INFO:colcon.colcon_core.plugin_system:Skipping extension 'colcon_notification.desktop_notification.win32': Not used on non-Windows systems
[2.592s] INFO:colcon.colcon_notification.desktop_notification:Sending desktop notification using 'notify2'
[2.622s] DEBUG:colcon.colcon_notification.desktop_notification.notify2:Failed to initialize notify2: org.freedesktop.DBus.Error.Spawn.ChildExited: Process org.freedesktop.Notifications exited with status 1
[2.623s] DEBUG:colcon.colcon_core.event_reactor:joined thread
[2.624s] INFO:colcon.colcon_core.shell:Creating prefix script '/home/wowjw/Project/Automobile/Phase4/ros2_ws/install/local_setup.ps1'
[2.628s] INFO:colcon.colcon_core.shell:Creating prefix util module '/home/wowjw/Project/Automobile/Phase4/ros2_ws/install/_local_setup_util_ps1.py'
[2.630s] INFO:colcon.colcon_core.shell:Creating prefix chain script '/home/wowjw/Project/Automobile/Phase4/ros2_ws/install/setup.ps1'
[2.634s] INFO:colcon.colcon_core.shell:Creating prefix script '/home/wowjw/Project/Automobile/Phase4/ros2_ws/install/local_setup.sh'
[2.635s] INFO:colcon.colcon_core.shell:Creating prefix util module '/home/wowjw/Project/Automobile/Phase4/ros2_ws/install/_local_setup_util_sh.py'
[2.636s] INFO:colcon.colcon_core.shell:Creating prefix chain script '/home/wowjw/Project/Automobile/Phase4/ros2_ws/install/setup.sh'
[2.640s] INFO:colcon.colcon_core.shell:Creating prefix script '/home/wowjw/Project/Automobile/Phase4/ros2_ws/install/local_setup.bash'
[2.641s] INFO:colcon.colcon_core.shell:Creating prefix chain script '/home/wowjw/Project/Automobile/Phase4/ros2_ws/install/setup.bash'
[2.643s] INFO:colcon.colcon_core.shell:Creating prefix script '/home/wowjw/Project/Automobile/Phase4/ros2_ws/install/local_setup.zsh'
[2.645s] INFO:colcon.colcon_core.shell:Creating prefix chain script '/home/wowjw/Project/Automobile/Phase4/ros2_ws/install/setup.zsh'
