[0.206s] DEBUG:colcon:Command line arguments: ['/usr/bin/colcon', 'build', '--packages-select', 'vehicle_interface']
[0.206s] DEBUG:colcon:Parsed command line arguments: Namespace(log_base=None, log_level=None, verb_name='build', build_base='build', install_base='install', merge_install=False, symlink_install=False, test_result_base=None, continue_on_error=False, executor='parallel', parallel_workers=6, event_handlers=None, ignore_user_meta=False, metas=['./colcon.meta'], base_paths=['.'], packages_ignore=None, packages_ignore_regex=None, paths=None, packages_up_to=None, packages_up_to_regex=None, packages_above=None, packages_above_and_dependencies=None, packages_above_depth=None, packages_select_by_dep=None, packages_skip_by_dep=None, packages_skip_up_to=None, packages_select_build_failed=False, packages_skip_build_finished=False, packages_select_test_failures=False, packages_skip_test_passed=False, packages_select=['vehicle_interface'], packages_skip=None, packages_select_regex=None, packages_skip_regex=None, packages_start=None, packages_end=None, allow_overriding=[], cmake_args=None, cmake_target=None, cmake_target_skip_unavailable=False, cmake_clean_cache=False, cmake_clean_first=False, cmake_force_configure=False, ament_cmake_args=None, catkin_cmake_args=None, catkin_skip_building_tests=False, mixin_files=None, mixin=None, verb_parser=<colcon_mixin.mixin.mixin_argument.MixinArgumentDecorator object at 0xffffb9be1930>, verb_extension=<colcon_core.verb.build.BuildVerb object at 0xffffb9be13f0>, main=<bound method BuildVerb.main of <colcon_core.verb.build.BuildVerb object at 0xffffb9be13f0>>, mixin_verb=('build',))
[0.528s] Level 1:colcon.colcon_core.package_discovery:discover_packages(colcon_meta) check parameters
[0.529s] Level 1:colcon.colcon_core.package_discovery:discover_packages(recursive) check parameters
[0.529s] Level 1:colcon.colcon_core.package_discovery:discover_packages(ignore) check parameters
[0.529s] Level 1:colcon.colcon_core.package_discovery:discover_packages(path) check parameters
[0.529s] Level 1:colcon.colcon_core.package_discovery:discover_packages(colcon_meta) discover
[0.529s] Level 1:colcon.colcon_core.package_discovery:discover_packages(recursive) discover
[0.529s] INFO:colcon.colcon_core.package_discovery:Crawling recursively for packages in '/home/wowjw/Project/Automobile/Phase4/ros2_ws/src/vehicle_interface'
[0.529s] Level 1:colcon.colcon_core.package_identification:_identify(.) by extensions ['ignore', 'ignore_ament_install']
[0.530s] Level 1:colcon.colcon_core.package_identification:_identify(.) by extension 'ignore'
[0.530s] Level 1:colcon.colcon_core.package_identification:_identify(.) by extension 'ignore_ament_install'
[0.530s] Level 1:colcon.colcon_core.package_identification:_identify(.) by extensions ['colcon_pkg']
[0.530s] Level 1:colcon.colcon_core.package_identification:_identify(.) by extension 'colcon_pkg'
[0.530s] Level 1:colcon.colcon_core.package_identification:_identify(.) by extensions ['colcon_meta']
[0.530s] Level 1:colcon.colcon_core.package_identification:_identify(.) by extension 'colcon_meta'
[0.530s] Level 1:colcon.colcon_core.package_identification:_identify(.) by extensions ['ros']
[0.530s] Level 1:colcon.colcon_core.package_identification:_identify(.) by extension 'ros'
[0.554s] DEBUG:colcon.colcon_core.package_identification:Package '.' with type 'ros.ament_cmake' and name 'vehicle_interface'
[0.554s] Level 1:colcon.colcon_core.package_discovery:discover_packages(recursive) using defaults
[0.554s] Level 1:colcon.colcon_core.package_discovery:discover_packages(ignore) discover
[0.554s] Level 1:colcon.colcon_core.package_discovery:discover_packages(ignore) using defaults
[0.554s] Level 1:colcon.colcon_core.package_discovery:discover_packages(path) discover
[0.554s] Level 1:colcon.colcon_core.package_discovery:discover_packages(path) using defaults
[0.619s] Level 1:colcon.colcon_core.package_discovery:discover_packages(prefix_path) check parameters
[0.619s] Level 1:colcon.colcon_core.package_discovery:discover_packages(prefix_path) discover
[0.623s] DEBUG:colcon.colcon_installed_package_information.package_discovery:Found 324 installed packages in /opt/ros/humble
[0.626s] Level 1:colcon.colcon_core.package_discovery:discover_packages(prefix_path) using defaults
[0.705s] Level 5:colcon.colcon_core.verb:set package 'vehicle_interface' build argument 'cmake_args' from command line to 'None'
[0.705s] Level 5:colcon.colcon_core.verb:set package 'vehicle_interface' build argument 'cmake_target' from command line to 'None'
[0.705s] Level 5:colcon.colcon_core.verb:set package 'vehicle_interface' build argument 'cmake_target_skip_unavailable' from command line to 'False'
[0.705s] Level 5:colcon.colcon_core.verb:set package 'vehicle_interface' build argument 'cmake_clean_cache' from command line to 'False'
[0.705s] Level 5:colcon.colcon_core.verb:set package 'vehicle_interface' build argument 'cmake_clean_first' from command line to 'False'
[0.705s] Level 5:colcon.colcon_core.verb:set package 'vehicle_interface' build argument 'cmake_force_configure' from command line to 'False'
[0.706s] Level 5:colcon.colcon_core.verb:set package 'vehicle_interface' build argument 'ament_cmake_args' from command line to 'None'
[0.706s] Level 5:colcon.colcon_core.verb:set package 'vehicle_interface' build argument 'catkin_cmake_args' from command line to 'None'
[0.706s] Level 5:colcon.colcon_core.verb:set package 'vehicle_interface' build argument 'catkin_skip_building_tests' from command line to 'False'
[0.706s] DEBUG:colcon.colcon_core.verb:Building package 'vehicle_interface' with the following arguments: {'ament_cmake_args': None, 'build_base': '/home/wowjw/Project/Automobile/Phase4/ros2_ws/src/vehicle_interface/build/vehicle_interface', 'catkin_cmake_args': None, 'catkin_skip_building_tests': False, 'cmake_args': None, 'cmake_clean_cache': False, 'cmake_clean_first': False, 'cmake_force_configure': False, 'cmake_target': None, 'cmake_target_skip_unavailable': False, 'install_base': '/home/wowjw/Project/Automobile/Phase4/ros2_ws/src/vehicle_interface/install/vehicle_interface', 'merge_install': False, 'path': '/home/wowjw/Project/Automobile/Phase4/ros2_ws/src/vehicle_interface', 'symlink_install': False, 'test_result_base': None}
[0.706s] INFO:colcon.colcon_core.executor:Executing jobs using 'parallel' executor
[0.708s] DEBUG:colcon.colcon_parallel_executor.executor.parallel:run_until_complete
[0.709s] INFO:colcon.colcon_ros.task.ament_cmake.build:Building ROS package in '/home/wowjw/Project/Automobile/Phase4/ros2_ws/src/vehicle_interface' with build type 'ament_cmake'
[0.709s] INFO:colcon.colcon_cmake.task.cmake.build:Building CMake package in '/home/wowjw/Project/Automobile/Phase4/ros2_ws/src/vehicle_interface'
[0.712s] INFO:colcon.colcon_core.plugin_system:Skipping extension 'colcon_core.shell.bat': Not used on non-Windows systems
[0.713s] INFO:colcon.colcon_core.shell:Skip shell extension 'powershell' for command environment: Not usable outside of PowerShell
[0.713s] DEBUG:colcon.colcon_core.shell:Skip shell extension 'dsv' for command environment
[0.724s] DEBUG:colcon.colcon_core.event_handler.log_command:Invoking command in '/home/wowjw/Project/Automobile/Phase4/ros2_ws/src/vehicle_interface/build/vehicle_interface': CMAKE_PREFIX_PATH=/opt/ros/humble /usr/bin/cmake /home/wowjw/Project/Automobile/Phase4/ros2_ws/src/vehicle_interface -DCMAKE_INSTALL_PREFIX=/home/wowjw/Project/Automobile/Phase4/ros2_ws/src/vehicle_interface/install/vehicle_interface
[3.253s] DEBUG:colcon.colcon_core.event_handler.log_command:Invoked command in '/home/wowjw/Project/Automobile/Phase4/ros2_ws/src/vehicle_interface/build/vehicle_interface' returned '0': CMAKE_PREFIX_PATH=/opt/ros/humble /usr/bin/cmake /home/wowjw/Project/Automobile/Phase4/ros2_ws/src/vehicle_interface -DCMAKE_INSTALL_PREFIX=/home/wowjw/Project/Automobile/Phase4/ros2_ws/src/vehicle_interface/install/vehicle_interface
[3.258s] DEBUG:colcon.colcon_core.event_handler.log_command:Invoking command in '/home/wowjw/Project/Automobile/Phase4/ros2_ws/src/vehicle_interface/build/vehicle_interface': CMAKE_PREFIX_PATH=/opt/ros/humble /usr/bin/cmake --build /home/wowjw/Project/Automobile/Phase4/ros2_ws/src/vehicle_interface/build/vehicle_interface -- -j6 -l6
[6.193s] DEBUG:colcon.colcon_core.event_handler.log_command:Invoked command in '/home/wowjw/Project/Automobile/Phase4/ros2_ws/src/vehicle_interface/build/vehicle_interface' returned '2': CMAKE_PREFIX_PATH=/opt/ros/humble /usr/bin/cmake --build /home/wowjw/Project/Automobile/Phase4/ros2_ws/src/vehicle_interface/build/vehicle_interface -- -j6 -l6
[6.195s] Level 1:colcon.colcon_core.environment:create_environment_scripts_only(vehicle_interface)
[6.203s] Level 1:colcon.colcon_core.environment:checking '/home/wowjw/Project/Automobile/Phase4/ros2_ws/src/vehicle_interface/install/vehicle_interface' for CMake module files
[6.205s] Level 1:colcon.colcon_core.environment:checking '/home/wowjw/Project/Automobile/Phase4/ros2_ws/src/vehicle_interface/install/vehicle_interface' for CMake config files
[6.207s] Level 1:colcon.colcon_core.environment:checking '/home/wowjw/Project/Automobile/Phase4/ros2_ws/src/vehicle_interface/install/vehicle_interface/bin'
[6.207s] Level 1:colcon.colcon_core.environment:checking '/home/wowjw/Project/Automobile/Phase4/ros2_ws/src/vehicle_interface/install/vehicle_interface/lib/pkgconfig/vehicle_interface.pc'
[6.208s] Level 1:colcon.colcon_core.environment:checking '/home/wowjw/Project/Automobile/Phase4/ros2_ws/src/vehicle_interface/install/vehicle_interface/lib/python3.10/site-packages'
[6.209s] Level 1:colcon.colcon_core.environment:checking '/home/wowjw/Project/Automobile/Phase4/ros2_ws/src/vehicle_interface/install/vehicle_interface/bin'
[6.210s] INFO:colcon.colcon_core.shell:Creating package script '/home/wowjw/Project/Automobile/Phase4/ros2_ws/src/vehicle_interface/install/vehicle_interface/share/vehicle_interface/package.ps1'
[6.213s] INFO:colcon.colcon_core.shell:Creating package descriptor '/home/wowjw/Project/Automobile/Phase4/ros2_ws/src/vehicle_interface/install/vehicle_interface/share/vehicle_interface/package.dsv'
[6.215s] INFO:colcon.colcon_core.shell:Creating package script '/home/wowjw/Project/Automobile/Phase4/ros2_ws/src/vehicle_interface/install/vehicle_interface/share/vehicle_interface/package.sh'
[6.216s] INFO:colcon.colcon_core.shell:Creating package script '/home/wowjw/Project/Automobile/Phase4/ros2_ws/src/vehicle_interface/install/vehicle_interface/share/vehicle_interface/package.bash'
[6.219s] INFO:colcon.colcon_core.shell:Creating package script '/home/wowjw/Project/Automobile/Phase4/ros2_ws/src/vehicle_interface/install/vehicle_interface/share/vehicle_interface/package.zsh'
[6.220s] Level 1:colcon.colcon_core.environment:create_file_with_runtime_dependencies(/home/wowjw/Project/Automobile/Phase4/ros2_ws/src/vehicle_interface/install/vehicle_interface/share/colcon-core/packages/vehicle_interface)
[6.231s] DEBUG:colcon.colcon_parallel_executor.executor.parallel:closing loop
[6.232s] DEBUG:colcon.colcon_parallel_executor.executor.parallel:loop closed
[6.232s] DEBUG:colcon.colcon_parallel_executor.executor.parallel:run_until_complete finished with '2'
[6.232s] DEBUG:colcon.colcon_core.event_reactor:joining thread
[6.251s] INFO:colcon.colcon_core.plugin_system:Skipping extension 'colcon_notification.desktop_notification.terminal_notifier': Not used on non-Darwin systems
[6.251s] INFO:colcon.colcon_core.plugin_system:Skipping extension 'colcon_notification.desktop_notification.win32': Not used on non-Windows systems
[6.252s] INFO:colcon.colcon_notification.desktop_notification:Sending desktop notification using 'notify2'
[6.279s] DEBUG:colcon.colcon_notification.desktop_notification.notify2:Failed to initialize notify2: org.freedesktop.DBus.Error.Spawn.ChildExited: Process org.freedesktop.Notifications exited with status 1
[6.280s] DEBUG:colcon.colcon_core.event_reactor:joined thread
[6.280s] INFO:colcon.colcon_core.shell:Creating prefix script '/home/wowjw/Project/Automobile/Phase4/ros2_ws/src/vehicle_interface/install/local_setup.ps1'
[6.284s] INFO:colcon.colcon_core.shell:Creating prefix util module '/home/wowjw/Project/Automobile/Phase4/ros2_ws/src/vehicle_interface/install/_local_setup_util_ps1.py'
[6.287s] INFO:colcon.colcon_core.shell:Creating prefix chain script '/home/wowjw/Project/Automobile/Phase4/ros2_ws/src/vehicle_interface/install/setup.ps1'
[6.290s] INFO:colcon.colcon_core.shell:Creating prefix script '/home/wowjw/Project/Automobile/Phase4/ros2_ws/src/vehicle_interface/install/local_setup.sh'
[6.291s] INFO:colcon.colcon_core.shell:Creating prefix util module '/home/wowjw/Project/Automobile/Phase4/ros2_ws/src/vehicle_interface/install/_local_setup_util_sh.py'
[6.292s] INFO:colcon.colcon_core.shell:Creating prefix chain script '/home/wowjw/Project/Automobile/Phase4/ros2_ws/src/vehicle_interface/install/setup.sh'
[6.296s] INFO:colcon.colcon_core.shell:Creating prefix script '/home/wowjw/Project/Automobile/Phase4/ros2_ws/src/vehicle_interface/install/local_setup.bash'
[6.297s] INFO:colcon.colcon_core.shell:Creating prefix chain script '/home/wowjw/Project/Automobile/Phase4/ros2_ws/src/vehicle_interface/install/setup.bash'
[6.298s] INFO:colcon.colcon_core.shell:Creating prefix script '/home/wowjw/Project/Automobile/Phase4/ros2_ws/src/vehicle_interface/install/local_setup.zsh'
[6.300s] INFO:colcon.colcon_core.shell:Creating prefix chain script '/home/wowjw/Project/Automobile/Phase4/ros2_ws/src/vehicle_interface/install/setup.zsh'
