[0.022s] Invoking command in '/home/wowjw/Project/Automobile/Phase4/ros2_ws/build/vehicle_controller': CMAKE_PREFIX_PATH=/home/wowjw/Project/Automobile/Phase4/ros2_ws/install/vehicle_interface:/home/wowjw/Project/Automobile/Phase4/ros2_ws/install/vehicle_controller:/home/wowjw/Project/Automobile/Phase4/install/vehicle_controller:/home/wowjw/Project/Automobile/Phase4/install/vehicle_interface:/opt/ros/humble LD_LIBRARY_PATH=/home/wowjw/Project/Automobile/Phase4/ros2_ws/install/vehicle_interface/lib:/home/wowjw/Project/Automobile/Phase4/ros2_ws/install/vehicle_controller/lib:/home/wowjw/Project/Automobile/Phase4/install/vehicle_controller/lib:/home/wowjw/Project/Automobile/Phase4/install/vehicle_interface/lib:/usr/local/cuda-12.6/lib64:/opt/ros/humble/opt/rviz_ogre_vendor/lib:/opt/ros/humble/lib/aarch64-linux-gnu:/opt/ros/humble/lib:/usr/local/cuda-12.6/lib64 /usr/bin/cmake --build /home/wowjw/Project/Automobile/Phase4/ros2_ws/build/vehicle_controller -- -j6 -l6
[0.101s] [35m[1mConsolidate compiler generated dependencies of target vehicle_controller__rosidl_generator_c[0m
[0.120s] [ 11%] Built target vehicle_controller__cpp
[0.120s] [ 11%] Built target vehicle_controller__rosidl_generator_c
[0.137s] [ 11%] Built target ament_cmake_python_copy_vehicle_controller
[0.138s] [35m[1mConsolidate compiler generated dependencies of target vehicle_controller__rosidl_typesupport_introspection_c[0m
[0.138s] [35m[1mConsolidate compiler generated dependencies of target vehicle_controller__rosidl_typesupport_fastrtps_cpp[0m
[0.138s] [35m[1mConsolidate compiler generated dependencies of target vehicle_controller__rosidl_typesupport_fastrtps_c[0m
[0.139s] [35m[1mConsolidate compiler generated dependencies of target vehicle_controller__rosidl_typesupport_introspection_cpp[0m
[0.154s] [35m[1mConsolidate compiler generated dependencies of target vehicle_controller__rosidl_typesupport_c[0m
[0.158s] [ 20%] Built target vehicle_controller__rosidl_typesupport_introspection_c
[0.158s] [35m[1mConsolidate compiler generated dependencies of target vehicle_controller__rosidl_typesupport_cpp[0m
[0.161s] [ 38%] Built target vehicle_controller__rosidl_typesupport_fastrtps_c
[0.161s] [ 38%] Built target vehicle_controller__rosidl_typesupport_fastrtps_cpp
[0.161s] [ 47%] Built target vehicle_controller__rosidl_typesupport_introspection_cpp
[0.181s] [ 55%] Built target vehicle_controller__rosidl_typesupport_c
[0.182s] [ 64%] Built target vehicle_controller__rosidl_typesupport_cpp
[0.223s] [ 64%] Built target vehicle_controller
[0.244s] [35m[1mConsolidate compiler generated dependencies of target vehicle_controller_node[0m
[0.261s] [ 67%] Built target vehicle_controller__py
[0.280s] [35m[1mConsolidate compiler generated dependencies of target vehicle_controller__rosidl_generator_py[0m
[0.289s] [ 76%] Built target vehicle_controller_node
[0.310s] [ 82%] Built target vehicle_controller__rosidl_generator_py
[0.328s] [35m[1mConsolidate compiler generated dependencies of target vehicle_controller__rosidl_typesupport_introspection_c__pyext[0m
[0.328s] [35m[1mConsolidate compiler generated dependencies of target vehicle_controller__rosidl_typesupport_fastrtps_c__pyext[0m
[0.331s] [35m[1mConsolidate compiler generated dependencies of target vehicle_controller__rosidl_typesupport_c__pyext[0m
[0.353s] [ 88%] Built target vehicle_controller__rosidl_typesupport_fastrtps_c__pyext
[0.354s] [ 94%] Built target vehicle_controller__rosidl_typesupport_introspection_c__pyext
[0.358s] [100%] Built target vehicle_controller__rosidl_typesupport_c__pyext
[0.645s] running egg_info
[0.646s] writing vehicle_controller.egg-info/PKG-INFO
[0.646s] writing dependency_links to vehicle_controller.egg-info/dependency_links.txt
[0.647s] writing top-level names to vehicle_controller.egg-info/top_level.txt
[0.651s] reading manifest file 'vehicle_controller.egg-info/SOURCES.txt'
[0.652s] writing manifest file 'vehicle_controller.egg-info/SOURCES.txt'
[0.721s] [100%] Built target ament_cmake_python_build_vehicle_controller_egg
[0.747s] Invoked command in '/home/wowjw/Project/Automobile/Phase4/ros2_ws/build/vehicle_controller' returned '0': CMAKE_PREFIX_PATH=/home/wowjw/Project/Automobile/Phase4/ros2_ws/install/vehicle_interface:/home/wowjw/Project/Automobile/Phase4/ros2_ws/install/vehicle_controller:/home/wowjw/Project/Automobile/Phase4/install/vehicle_controller:/home/wowjw/Project/Automobile/Phase4/install/vehicle_interface:/opt/ros/humble LD_LIBRARY_PATH=/home/wowjw/Project/Automobile/Phase4/ros2_ws/install/vehicle_interface/lib:/home/wowjw/Project/Automobile/Phase4/ros2_ws/install/vehicle_controller/lib:/home/wowjw/Project/Automobile/Phase4/install/vehicle_controller/lib:/home/wowjw/Project/Automobile/Phase4/install/vehicle_interface/lib:/usr/local/cuda-12.6/lib64:/opt/ros/humble/opt/rviz_ogre_vendor/lib:/opt/ros/humble/lib/aarch64-linux-gnu:/opt/ros/humble/lib:/usr/local/cuda-12.6/lib64 /usr/bin/cmake --build /home/wowjw/Project/Automobile/Phase4/ros2_ws/build/vehicle_controller -- -j6 -l6
[0.752s] Invoking command in '/home/wowjw/Project/Automobile/Phase4/ros2_ws/build/vehicle_controller': CMAKE_PREFIX_PATH=/home/wowjw/Project/Automobile/Phase4/ros2_ws/install/vehicle_interface:/home/wowjw/Project/Automobile/Phase4/ros2_ws/install/vehicle_controller:/home/wowjw/Project/Automobile/Phase4/install/vehicle_controller:/home/wowjw/Project/Automobile/Phase4/install/vehicle_interface:/opt/ros/humble LD_LIBRARY_PATH=/home/wowjw/Project/Automobile/Phase4/ros2_ws/install/vehicle_interface/lib:/home/wowjw/Project/Automobile/Phase4/ros2_ws/install/vehicle_controller/lib:/home/wowjw/Project/Automobile/Phase4/install/vehicle_controller/lib:/home/wowjw/Project/Automobile/Phase4/install/vehicle_interface/lib:/usr/local/cuda-12.6/lib64:/opt/ros/humble/opt/rviz_ogre_vendor/lib:/opt/ros/humble/lib/aarch64-linux-gnu:/opt/ros/humble/lib:/usr/local/cuda-12.6/lib64 /usr/bin/cmake --install /home/wowjw/Project/Automobile/Phase4/ros2_ws/build/vehicle_controller
[0.770s] -- Install configuration: ""
[0.770s] -- Up-to-date: /home/wowjw/Project/Automobile/Phase4/ros2_ws/install/vehicle_controller/share/ament_index/resource_index/rosidl_interfaces/vehicle_controller
[0.771s] -- Up-to-date: /home/wowjw/Project/Automobile/Phase4/ros2_ws/install/vehicle_controller/include/vehicle_controller/vehicle_controller
[0.771s] -- Up-to-date: /home/wowjw/Project/Automobile/Phase4/ros2_ws/install/vehicle_controller/include/vehicle_controller/vehicle_controller/msg
[0.771s] -- Up-to-date: /home/wowjw/Project/Automobile/Phase4/ros2_ws/install/vehicle_controller/include/vehicle_controller/vehicle_controller/msg/vehicle_pose.h
[0.771s] -- Up-to-date: /home/wowjw/Project/Automobile/Phase4/ros2_ws/install/vehicle_controller/include/vehicle_controller/vehicle_controller/msg/detail
[0.772s] -- Up-to-date: /home/wowjw/Project/Automobile/Phase4/ros2_ws/install/vehicle_controller/include/vehicle_controller/vehicle_controller/msg/detail/vehicle_pose__functions.c
[0.772s] -- Up-to-date: /home/wowjw/Project/Automobile/Phase4/ros2_ws/install/vehicle_controller/include/vehicle_controller/vehicle_controller/msg/detail/vehicle_pose__struct.h
[0.772s] -- Up-to-date: /home/wowjw/Project/Automobile/Phase4/ros2_ws/install/vehicle_controller/include/vehicle_controller/vehicle_controller/msg/detail/vehicle_pose__functions.h
[0.773s] -- Up-to-date: /home/wowjw/Project/Automobile/Phase4/ros2_ws/install/vehicle_controller/include/vehicle_controller/vehicle_controller/msg/detail/vehicle_pose__type_support.h
[0.773s] -- Up-to-date: /home/wowjw/Project/Automobile/Phase4/ros2_ws/install/vehicle_controller/include/vehicle_controller/vehicle_controller/msg/rosidl_generator_c__visibility_control.h
[0.773s] -- Up-to-date: /home/wowjw/Project/Automobile/Phase4/ros2_ws/install/vehicle_controller/share/vehicle_controller/environment/library_path.sh
[0.773s] -- Up-to-date: /home/wowjw/Project/Automobile/Phase4/ros2_ws/install/vehicle_controller/share/vehicle_controller/environment/library_path.dsv
[0.774s] -- Up-to-date: /home/wowjw/Project/Automobile/Phase4/ros2_ws/install/vehicle_controller/lib/libvehicle_controller__rosidl_generator_c.so
[0.774s] -- Up-to-date: /home/wowjw/Project/Automobile/Phase4/ros2_ws/install/vehicle_controller/include/vehicle_controller/vehicle_controller
[0.774s] -- Up-to-date: /home/wowjw/Project/Automobile/Phase4/ros2_ws/install/vehicle_controller/include/vehicle_controller/vehicle_controller/msg
[0.774s] -- Up-to-date: /home/wowjw/Project/Automobile/Phase4/ros2_ws/install/vehicle_controller/include/vehicle_controller/vehicle_controller/msg/rosidl_typesupport_fastrtps_c__visibility_control.h
[0.775s] -- Up-to-date: /home/wowjw/Project/Automobile/Phase4/ros2_ws/install/vehicle_controller/include/vehicle_controller/vehicle_controller/msg/detail
[0.775s] -- Up-to-date: /home/wowjw/Project/Automobile/Phase4/ros2_ws/install/vehicle_controller/include/vehicle_controller/vehicle_controller/msg/detail/vehicle_pose__rosidl_typesupport_fastrtps_c.h
[0.775s] -- Up-to-date: /home/wowjw/Project/Automobile/Phase4/ros2_ws/install/vehicle_controller/lib/libvehicle_controller__rosidl_typesupport_fastrtps_c.so
[0.776s] -- Up-to-date: /home/wowjw/Project/Automobile/Phase4/ros2_ws/install/vehicle_controller/include/vehicle_controller/vehicle_controller
[0.776s] -- Up-to-date: /home/wowjw/Project/Automobile/Phase4/ros2_ws/install/vehicle_controller/include/vehicle_controller/vehicle_controller/msg
[0.776s] -- Up-to-date: /home/wowjw/Project/Automobile/Phase4/ros2_ws/install/vehicle_controller/include/vehicle_controller/vehicle_controller/msg/rosidl_typesupport_introspection_c__visibility_control.h
[0.776s] -- Up-to-date: /home/wowjw/Project/Automobile/Phase4/ros2_ws/install/vehicle_controller/include/vehicle_controller/vehicle_controller/msg/detail
[0.777s] -- Up-to-date: /home/wowjw/Project/Automobile/Phase4/ros2_ws/install/vehicle_controller/include/vehicle_controller/vehicle_controller/msg/detail/vehicle_pose__rosidl_typesupport_introspection_c.h
[0.777s] -- Up-to-date: /home/wowjw/Project/Automobile/Phase4/ros2_ws/install/vehicle_controller/include/vehicle_controller/vehicle_controller/msg/detail/vehicle_pose__type_support.c
[0.777s] -- Up-to-date: /home/wowjw/Project/Automobile/Phase4/ros2_ws/install/vehicle_controller/lib/libvehicle_controller__rosidl_typesupport_introspection_c.so
[0.777s] -- Up-to-date: /home/wowjw/Project/Automobile/Phase4/ros2_ws/install/vehicle_controller/lib/libvehicle_controller__rosidl_typesupport_c.so
[0.777s] -- Up-to-date: /home/wowjw/Project/Automobile/Phase4/ros2_ws/install/vehicle_controller/include/vehicle_controller/vehicle_controller
[0.778s] -- Up-to-date: /home/wowjw/Project/Automobile/Phase4/ros2_ws/install/vehicle_controller/include/vehicle_controller/vehicle_controller/msg
[0.778s] -- Up-to-date: /home/wowjw/Project/Automobile/Phase4/ros2_ws/install/vehicle_controller/include/vehicle_controller/vehicle_controller/msg/detail
[0.778s] -- Up-to-date: /home/wowjw/Project/Automobile/Phase4/ros2_ws/install/vehicle_controller/include/vehicle_controller/vehicle_controller/msg/detail/vehicle_pose__type_support.hpp
[0.778s] -- Up-to-date: /home/wowjw/Project/Automobile/Phase4/ros2_ws/install/vehicle_controller/include/vehicle_controller/vehicle_controller/msg/detail/vehicle_pose__struct.hpp
[0.779s] -- Up-to-date: /home/wowjw/Project/Automobile/Phase4/ros2_ws/install/vehicle_controller/include/vehicle_controller/vehicle_controller/msg/detail/vehicle_pose__traits.hpp
[0.779s] -- Up-to-date: /home/wowjw/Project/Automobile/Phase4/ros2_ws/install/vehicle_controller/include/vehicle_controller/vehicle_controller/msg/detail/vehicle_pose__builder.hpp
[0.779s] -- Up-to-date: /home/wowjw/Project/Automobile/Phase4/ros2_ws/install/vehicle_controller/include/vehicle_controller/vehicle_controller/msg/vehicle_pose.hpp
[0.779s] -- Up-to-date: /home/wowjw/Project/Automobile/Phase4/ros2_ws/install/vehicle_controller/include/vehicle_controller/vehicle_controller/msg/rosidl_generator_cpp__visibility_control.hpp
[0.780s] -- Up-to-date: /home/wowjw/Project/Automobile/Phase4/ros2_ws/install/vehicle_controller/include/vehicle_controller/vehicle_controller
[0.780s] -- Up-to-date: /home/wowjw/Project/Automobile/Phase4/ros2_ws/install/vehicle_controller/include/vehicle_controller/vehicle_controller/msg
[0.780s] -- Up-to-date: /home/wowjw/Project/Automobile/Phase4/ros2_ws/install/vehicle_controller/include/vehicle_controller/vehicle_controller/msg/rosidl_typesupport_fastrtps_cpp__visibility_control.h
[0.780s] -- Up-to-date: /home/wowjw/Project/Automobile/Phase4/ros2_ws/install/vehicle_controller/include/vehicle_controller/vehicle_controller/msg/detail
[0.780s] -- Up-to-date: /home/wowjw/Project/Automobile/Phase4/ros2_ws/install/vehicle_controller/include/vehicle_controller/vehicle_controller/msg/detail/dds_fastrtps
[0.780s] -- Up-to-date: /home/wowjw/Project/Automobile/Phase4/ros2_ws/install/vehicle_controller/include/vehicle_controller/vehicle_controller/msg/detail/vehicle_pose__rosidl_typesupport_fastrtps_cpp.hpp
[0.781s] -- Up-to-date: /home/wowjw/Project/Automobile/Phase4/ros2_ws/install/vehicle_controller/lib/libvehicle_controller__rosidl_typesupport_fastrtps_cpp.so
[0.781s] -- Up-to-date: /home/wowjw/Project/Automobile/Phase4/ros2_ws/install/vehicle_controller/include/vehicle_controller/vehicle_controller
[0.781s] -- Up-to-date: /home/wowjw/Project/Automobile/Phase4/ros2_ws/install/vehicle_controller/include/vehicle_controller/vehicle_controller/msg
[0.781s] -- Up-to-date: /home/wowjw/Project/Automobile/Phase4/ros2_ws/install/vehicle_controller/include/vehicle_controller/vehicle_controller/msg/detail
[0.781s] -- Up-to-date: /home/wowjw/Project/Automobile/Phase4/ros2_ws/install/vehicle_controller/include/vehicle_controller/vehicle_controller/msg/detail/vehicle_pose__rosidl_typesupport_introspection_cpp.hpp
[0.781s] -- Up-to-date: /home/wowjw/Project/Automobile/Phase4/ros2_ws/install/vehicle_controller/include/vehicle_controller/vehicle_controller/msg/detail/vehicle_pose__type_support.cpp
[0.781s] -- Up-to-date: /home/wowjw/Project/Automobile/Phase4/ros2_ws/install/vehicle_controller/lib/libvehicle_controller__rosidl_typesupport_introspection_cpp.so
[0.782s] -- Up-to-date: /home/wowjw/Project/Automobile/Phase4/ros2_ws/install/vehicle_controller/lib/libvehicle_controller__rosidl_typesupport_cpp.so
[0.782s] -- Up-to-date: /home/wowjw/Project/Automobile/Phase4/ros2_ws/install/vehicle_controller/share/vehicle_controller/environment/pythonpath.sh
[0.782s] -- Up-to-date: /home/wowjw/Project/Automobile/Phase4/ros2_ws/install/vehicle_controller/share/vehicle_controller/environment/pythonpath.dsv
[0.782s] -- Up-to-date: /home/wowjw/Project/Automobile/Phase4/ros2_ws/install/vehicle_controller/local/lib/python3.10/dist-packages/vehicle_controller-0.0.0-py3.10.egg-info
[0.782s] -- Installing: /home/wowjw/Project/Automobile/Phase4/ros2_ws/install/vehicle_controller/local/lib/python3.10/dist-packages/vehicle_controller-0.0.0-py3.10.egg-info/SOURCES.txt
[0.782s] -- Installing: /home/wowjw/Project/Automobile/Phase4/ros2_ws/install/vehicle_controller/local/lib/python3.10/dist-packages/vehicle_controller-0.0.0-py3.10.egg-info/dependency_links.txt
[0.782s] -- Installing: /home/wowjw/Project/Automobile/Phase4/ros2_ws/install/vehicle_controller/local/lib/python3.10/dist-packages/vehicle_controller-0.0.0-py3.10.egg-info/top_level.txt
[0.782s] -- Installing: /home/wowjw/Project/Automobile/Phase4/ros2_ws/install/vehicle_controller/local/lib/python3.10/dist-packages/vehicle_controller-0.0.0-py3.10.egg-info/PKG-INFO
[0.783s] -- Up-to-date: /home/wowjw/Project/Automobile/Phase4/ros2_ws/install/vehicle_controller/local/lib/python3.10/dist-packages/vehicle_controller
[0.783s] -- Up-to-date: /home/wowjw/Project/Automobile/Phase4/ros2_ws/install/vehicle_controller/local/lib/python3.10/dist-packages/vehicle_controller/libvehicle_controller__rosidl_generator_py.so
[0.783s] -- Up-to-date: /home/wowjw/Project/Automobile/Phase4/ros2_ws/install/vehicle_controller/local/lib/python3.10/dist-packages/vehicle_controller/_vehicle_controller_s.ep.rosidl_typesupport_introspection_c.c
[0.783s] -- Up-to-date: /home/wowjw/Project/Automobile/Phase4/ros2_ws/install/vehicle_controller/local/lib/python3.10/dist-packages/vehicle_controller/vehicle_controller_s__rosidl_typesupport_introspection_c.cpython-310-aarch64-linux-gnu.so
[0.783s] -- Up-to-date: /home/wowjw/Project/Automobile/Phase4/ros2_ws/install/vehicle_controller/local/lib/python3.10/dist-packages/vehicle_controller/_vehicle_controller_s.ep.rosidl_typesupport_c.c
[0.783s] -- Up-to-date: /home/wowjw/Project/Automobile/Phase4/ros2_ws/install/vehicle_controller/local/lib/python3.10/dist-packages/vehicle_controller/vehicle_controller_s__rosidl_typesupport_fastrtps_c.cpython-310-aarch64-linux-gnu.so
[0.783s] -- Up-to-date: /home/wowjw/Project/Automobile/Phase4/ros2_ws/install/vehicle_controller/local/lib/python3.10/dist-packages/vehicle_controller/_vehicle_controller_s.ep.rosidl_typesupport_fastrtps_c.c
[0.783s] -- Up-to-date: /home/wowjw/Project/Automobile/Phase4/ros2_ws/install/vehicle_controller/local/lib/python3.10/dist-packages/vehicle_controller/vehicle_controller_s__rosidl_typesupport_c.cpython-310-aarch64-linux-gnu.so
[0.784s] -- Up-to-date: /home/wowjw/Project/Automobile/Phase4/ros2_ws/install/vehicle_controller/local/lib/python3.10/dist-packages/vehicle_controller/__init__.py
[0.784s] -- Up-to-date: /home/wowjw/Project/Automobile/Phase4/ros2_ws/install/vehicle_controller/local/lib/python3.10/dist-packages/vehicle_controller/msg
[0.784s] -- Up-to-date: /home/wowjw/Project/Automobile/Phase4/ros2_ws/install/vehicle_controller/local/lib/python3.10/dist-packages/vehicle_controller/msg/_vehicle_pose_s.c
[0.784s] -- Up-to-date: /home/wowjw/Project/Automobile/Phase4/ros2_ws/install/vehicle_controller/local/lib/python3.10/dist-packages/vehicle_controller/msg/_vehicle_pose.py
[0.784s] -- Up-to-date: /home/wowjw/Project/Automobile/Phase4/ros2_ws/install/vehicle_controller/local/lib/python3.10/dist-packages/vehicle_controller/msg/__init__.py
[0.836s] Listing '/home/wowjw/Project/Automobile/Phase4/ros2_ws/install/vehicle_controller/local/lib/python3.10/dist-packages/vehicle_controller'...
[0.837s] Listing '/home/wowjw/Project/Automobile/Phase4/ros2_ws/install/vehicle_controller/local/lib/python3.10/dist-packages/vehicle_controller/msg'...
[0.846s] -- Up-to-date: /home/wowjw/Project/Automobile/Phase4/ros2_ws/install/vehicle_controller/local/lib/python3.10/dist-packages/vehicle_controller/vehicle_controller_s__rosidl_typesupport_fastrtps_c.cpython-310-aarch64-linux-gnu.so
[0.847s] -- Up-to-date: /home/wowjw/Project/Automobile/Phase4/ros2_ws/install/vehicle_controller/local/lib/python3.10/dist-packages/vehicle_controller/vehicle_controller_s__rosidl_typesupport_introspection_c.cpython-310-aarch64-linux-gnu.so
[0.847s] -- Up-to-date: /home/wowjw/Project/Automobile/Phase4/ros2_ws/install/vehicle_controller/local/lib/python3.10/dist-packages/vehicle_controller/vehicle_controller_s__rosidl_typesupport_c.cpython-310-aarch64-linux-gnu.so
[0.848s] -- Up-to-date: /home/wowjw/Project/Automobile/Phase4/ros2_ws/install/vehicle_controller/lib/libvehicle_controller__rosidl_generator_py.so
[0.849s] -- Up-to-date: /home/wowjw/Project/Automobile/Phase4/ros2_ws/install/vehicle_controller/share/vehicle_controller/msg/VehiclePose.idl
[0.849s] -- Up-to-date: /home/wowjw/Project/Automobile/Phase4/ros2_ws/install/vehicle_controller/share/vehicle_controller/msg/VehiclePose.msg
[0.849s] -- Up-to-date: /home/wowjw/Project/Automobile/Phase4/ros2_ws/install/vehicle_controller/lib/vehicle_controller/vehicle_controller_node
[0.849s] -- Up-to-date: /home/wowjw/Project/Automobile/Phase4/ros2_ws/install/vehicle_controller/share/ament_index/resource_index/package_run_dependencies/vehicle_controller
[0.850s] -- Up-to-date: /home/wowjw/Project/Automobile/Phase4/ros2_ws/install/vehicle_controller/share/ament_index/resource_index/parent_prefix_path/vehicle_controller
[0.850s] -- Up-to-date: /home/wowjw/Project/Automobile/Phase4/ros2_ws/install/vehicle_controller/share/vehicle_controller/environment/ament_prefix_path.sh
[0.850s] -- Up-to-date: /home/wowjw/Project/Automobile/Phase4/ros2_ws/install/vehicle_controller/share/vehicle_controller/environment/ament_prefix_path.dsv
[0.851s] -- Up-to-date: /home/wowjw/Project/Automobile/Phase4/ros2_ws/install/vehicle_controller/share/vehicle_controller/environment/path.sh
[0.851s] -- Up-to-date: /home/wowjw/Project/Automobile/Phase4/ros2_ws/install/vehicle_controller/share/vehicle_controller/environment/path.dsv
[0.851s] -- Up-to-date: /home/wowjw/Project/Automobile/Phase4/ros2_ws/install/vehicle_controller/share/vehicle_controller/local_setup.bash
[0.851s] -- Up-to-date: /home/wowjw/Project/Automobile/Phase4/ros2_ws/install/vehicle_controller/share/vehicle_controller/local_setup.sh
[0.852s] -- Up-to-date: /home/wowjw/Project/Automobile/Phase4/ros2_ws/install/vehicle_controller/share/vehicle_controller/local_setup.zsh
[0.852s] -- Up-to-date: /home/wowjw/Project/Automobile/Phase4/ros2_ws/install/vehicle_controller/share/vehicle_controller/local_setup.dsv
[0.852s] -- Installing: /home/wowjw/Project/Automobile/Phase4/ros2_ws/install/vehicle_controller/share/vehicle_controller/package.dsv
[0.853s] -- Up-to-date: /home/wowjw/Project/Automobile/Phase4/ros2_ws/install/vehicle_controller/share/ament_index/resource_index/packages/vehicle_controller
[0.853s] -- Up-to-date: /home/wowjw/Project/Automobile/Phase4/ros2_ws/install/vehicle_controller/share/vehicle_controller/cmake/export_vehicle_controller__rosidl_generator_cExport.cmake
[0.853s] -- Up-to-date: /home/wowjw/Project/Automobile/Phase4/ros2_ws/install/vehicle_controller/share/vehicle_controller/cmake/export_vehicle_controller__rosidl_generator_cExport-noconfig.cmake
[0.854s] -- Up-to-date: /home/wowjw/Project/Automobile/Phase4/ros2_ws/install/vehicle_controller/share/vehicle_controller/cmake/export_vehicle_controller__rosidl_typesupport_fastrtps_cExport.cmake
[0.854s] -- Up-to-date: /home/wowjw/Project/Automobile/Phase4/ros2_ws/install/vehicle_controller/share/vehicle_controller/cmake/export_vehicle_controller__rosidl_typesupport_fastrtps_cExport-noconfig.cmake
[0.854s] -- Up-to-date: /home/wowjw/Project/Automobile/Phase4/ros2_ws/install/vehicle_controller/share/vehicle_controller/cmake/vehicle_controller__rosidl_typesupport_introspection_cExport.cmake
[0.854s] -- Up-to-date: /home/wowjw/Project/Automobile/Phase4/ros2_ws/install/vehicle_controller/share/vehicle_controller/cmake/vehicle_controller__rosidl_typesupport_introspection_cExport-noconfig.cmake
[0.855s] -- Up-to-date: /home/wowjw/Project/Automobile/Phase4/ros2_ws/install/vehicle_controller/share/vehicle_controller/cmake/vehicle_controller__rosidl_typesupport_cExport.cmake
[0.855s] -- Up-to-date: /home/wowjw/Project/Automobile/Phase4/ros2_ws/install/vehicle_controller/share/vehicle_controller/cmake/vehicle_controller__rosidl_typesupport_cExport-noconfig.cmake
[0.855s] -- Up-to-date: /home/wowjw/Project/Automobile/Phase4/ros2_ws/install/vehicle_controller/share/vehicle_controller/cmake/export_vehicle_controller__rosidl_generator_cppExport.cmake
[0.856s] -- Up-to-date: /home/wowjw/Project/Automobile/Phase4/ros2_ws/install/vehicle_controller/share/vehicle_controller/cmake/export_vehicle_controller__rosidl_typesupport_fastrtps_cppExport.cmake
[0.856s] -- Up-to-date: /home/wowjw/Project/Automobile/Phase4/ros2_ws/install/vehicle_controller/share/vehicle_controller/cmake/export_vehicle_controller__rosidl_typesupport_fastrtps_cppExport-noconfig.cmake
[0.856s] -- Up-to-date: /home/wowjw/Project/Automobile/Phase4/ros2_ws/install/vehicle_controller/share/vehicle_controller/cmake/vehicle_controller__rosidl_typesupport_introspection_cppExport.cmake
[0.856s] -- Up-to-date: /home/wowjw/Project/Automobile/Phase4/ros2_ws/install/vehicle_controller/share/vehicle_controller/cmake/vehicle_controller__rosidl_typesupport_introspection_cppExport-noconfig.cmake
[0.857s] -- Up-to-date: /home/wowjw/Project/Automobile/Phase4/ros2_ws/install/vehicle_controller/share/vehicle_controller/cmake/vehicle_controller__rosidl_typesupport_cppExport.cmake
[0.857s] -- Up-to-date: /home/wowjw/Project/Automobile/Phase4/ros2_ws/install/vehicle_controller/share/vehicle_controller/cmake/vehicle_controller__rosidl_typesupport_cppExport-noconfig.cmake
[0.857s] -- Up-to-date: /home/wowjw/Project/Automobile/Phase4/ros2_ws/install/vehicle_controller/share/vehicle_controller/cmake/export_vehicle_controller__rosidl_generator_pyExport.cmake
[0.857s] -- Up-to-date: /home/wowjw/Project/Automobile/Phase4/ros2_ws/install/vehicle_controller/share/vehicle_controller/cmake/export_vehicle_controller__rosidl_generator_pyExport-noconfig.cmake
[0.857s] -- Up-to-date: /home/wowjw/Project/Automobile/Phase4/ros2_ws/install/vehicle_controller/share/vehicle_controller/cmake/rosidl_cmake-extras.cmake
[0.857s] -- Up-to-date: /home/wowjw/Project/Automobile/Phase4/ros2_ws/install/vehicle_controller/share/vehicle_controller/cmake/ament_cmake_export_include_directories-extras.cmake
[0.858s] -- Up-to-date: /home/wowjw/Project/Automobile/Phase4/ros2_ws/install/vehicle_controller/share/vehicle_controller/cmake/ament_cmake_export_libraries-extras.cmake
[0.858s] -- Up-to-date: /home/wowjw/Project/Automobile/Phase4/ros2_ws/install/vehicle_controller/share/vehicle_controller/cmake/ament_cmake_export_targets-extras.cmake
[0.858s] -- Up-to-date: /home/wowjw/Project/Automobile/Phase4/ros2_ws/install/vehicle_controller/share/vehicle_controller/cmake/rosidl_cmake_export_typesupport_targets-extras.cmake
[0.858s] -- Up-to-date: /home/wowjw/Project/Automobile/Phase4/ros2_ws/install/vehicle_controller/share/vehicle_controller/cmake/ament_cmake_export_dependencies-extras.cmake
[0.858s] -- Up-to-date: /home/wowjw/Project/Automobile/Phase4/ros2_ws/install/vehicle_controller/share/vehicle_controller/cmake/rosidl_cmake_export_typesupport_libraries-extras.cmake
[0.858s] -- Up-to-date: /home/wowjw/Project/Automobile/Phase4/ros2_ws/install/vehicle_controller/share/vehicle_controller/cmake/vehicle_controllerConfig.cmake
[0.859s] -- Up-to-date: /home/wowjw/Project/Automobile/Phase4/ros2_ws/install/vehicle_controller/share/vehicle_controller/cmake/vehicle_controllerConfig-version.cmake
[0.859s] -- Up-to-date: /home/wowjw/Project/Automobile/Phase4/ros2_ws/install/vehicle_controller/share/vehicle_controller/package.xml
[0.863s] Invoked command in '/home/wowjw/Project/Automobile/Phase4/ros2_ws/build/vehicle_controller' returned '0': CMAKE_PREFIX_PATH=/home/wowjw/Project/Automobile/Phase4/ros2_ws/install/vehicle_interface:/home/wowjw/Project/Automobile/Phase4/ros2_ws/install/vehicle_controller:/home/wowjw/Project/Automobile/Phase4/install/vehicle_controller:/home/wowjw/Project/Automobile/Phase4/install/vehicle_interface:/opt/ros/humble LD_LIBRARY_PATH=/home/wowjw/Project/Automobile/Phase4/ros2_ws/install/vehicle_interface/lib:/home/wowjw/Project/Automobile/Phase4/ros2_ws/install/vehicle_controller/lib:/home/wowjw/Project/Automobile/Phase4/install/vehicle_controller/lib:/home/wowjw/Project/Automobile/Phase4/install/vehicle_interface/lib:/usr/local/cuda-12.6/lib64:/opt/ros/humble/opt/rviz_ogre_vendor/lib:/opt/ros/humble/lib/aarch64-linux-gnu:/opt/ros/humble/lib:/usr/local/cuda-12.6/lib64 /usr/bin/cmake --install /home/wowjw/Project/Automobile/Phase4/ros2_ws/build/vehicle_controller
