[0.020s] Invoking command in '/home/wowjw/Project/Automobile/Phase4/ros2_ws/src/vehicle_interface/build/vehicle_interface': CMAKE_PREFIX_PATH=/opt/ros/humble /usr/bin/cmake --build /home/wowjw/Project/Automobile/Phase4/ros2_ws/src/vehicle_interface/build/vehicle_interface -- -j6 -l6
[0.090s] [35m[1mConsolidate compiler generated dependencies of target vehicle_interface__rosidl_generator_c[0m
[0.109s] [  2%] Built target vehicle_interface__cpp
[0.112s] [ 11%] Built target vehicle_interface__rosidl_generator_c
[0.127s] [35m[1mConsolidate compiler generated dependencies of target vehicle_interface__rosidl_typesupport_cpp[0m
[0.128s] [35m[1mConsolidate compiler generated dependencies of target vehicle_interface__rosidl_typesupport_fastrtps_cpp[0m
[0.129s] [ 11%] Built target ament_cmake_python_copy_vehicle_interface
[0.134s] [35m[1mConsolidate compiler generated dependencies of target vehicle_interface__rosidl_typesupport_fastrtps_c[0m
[0.144s] [35m[1mConsolidate compiler generated dependencies of target vehicle_interface__rosidl_typesupport_introspection_cpp[0m
[0.150s] [35m[1mConsolidate compiler generated dependencies of target vehicle_interface__rosidl_typesupport_introspection_c[0m
[0.158s] [35m[1mConsolidate compiler generated dependencies of target vehicle_interface__rosidl_typesupport_c[0m
[0.159s] [ 20%] Built target vehicle_interface__rosidl_typesupport_cpp
[0.167s] [ 30%] Built target vehicle_interface__rosidl_typesupport_fastrtps_c
[0.176s] [ 39%] Built target vehicle_interface__rosidl_typesupport_c
[0.176s] [ 48%] Built target vehicle_interface__rosidl_typesupport_fastrtps_cpp
[0.180s] [ 58%] Built target vehicle_interface__rosidl_typesupport_introspection_cpp
[0.187s] [ 67%] Built target vehicle_interface__rosidl_typesupport_introspection_c
[0.213s] [ 72%] [32mBuilding CXX object CMakeFiles/vehicle_interface_node.dir/src/main.cpp.o[0m
[0.213s] [ 72%] [32mBuilding CXX object CMakeFiles/vehicle_interface_node.dir/src/Vehicle_Ctrl_Node.cpp.o[0m
[0.214s] [ 74%] [32mBuilding CXX object CMakeFiles/vehicle_interface_node.dir/src/Uart_drv.cpp.o[0m
[0.231s] [ 74%] Built target vehicle_interface
[0.237s] [01m[K/home/wowjw/Project/Automobile/Phase4/ros2_ws/src/vehicle_interface/src/Vehicle_Ctrl_Node.cpp:1:10:[m[K [01;31m[Kfatal error: [m[KVehicle_Ctrl_Node.h: No such file or directory
[0.237s]     1 | #include [01;31m[K"Vehicle_Ctrl_Node.h"[m[K
[0.237s]       |          [01;31m[K^~~~~~~~~~~~~~~~~~~~~[m[K
[0.237s] compilation terminated.
[0.238s] gmake[2]: *** [CMakeFiles/vehicle_interface_node.dir/build.make:90: CMakeFiles/vehicle_interface_node.dir/src/Vehicle_Ctrl_Node.cpp.o] Error 1
[0.238s] gmake[2]: *** Waiting for unfinished jobs....
[0.269s] [01m[K/home/wowjw/Project/Automobile/Phase4/ros2_ws/src/vehicle_interface/src/Uart_drv.cpp:6:10:[m[K [01;31m[Kfatal error: [m[KUart_drv.hpp: No such file or directory
[0.269s]     6 | #include [01;31m[K"Uart_drv.hpp"[m[K
[0.269s]       |          [01;31m[K^~~~~~~~~~~~~~[m[K
[0.269s] compilation terminated.
[0.271s] gmake[2]: *** [CMakeFiles/vehicle_interface_node.dir/build.make:104: CMakeFiles/vehicle_interface_node.dir/src/Uart_drv.cpp.o] Error 1
[0.271s] [ 76%] [34m[1mGenerating Python code for ROS interfaces[0m
[0.654s] running egg_info
[0.656s] writing vehicle_interface.egg-info/PKG-INFO
[0.656s] writing dependency_links to vehicle_interface.egg-info/dependency_links.txt
[0.656s] writing top-level names to vehicle_interface.egg-info/top_level.txt
[0.661s] reading manifest file 'vehicle_interface.egg-info/SOURCES.txt'
[0.662s] writing manifest file 'vehicle_interface.egg-info/SOURCES.txt'
[0.663s] In file included from [01m[K/home/wowjw/Project/Automobile/Phase4/ros2_ws/src/vehicle_interface/src/main.cpp:1[m[K:
[0.664s] [01m[K/home/wowjw/Project/Automobile/Phase4/ros2_ws/src/vehicle_interface/include/vehicle_interface/Vehicle_Ctrl_Node.h:10:10:[m[K [01;31m[Kfatal error: [m[Kstd_msgs/msg/string.hpp: No such file or directory
[0.664s]    10 | #include [01;31m[K"std_msgs/msg/string.hpp"[m[K
[0.664s]       |          [01;31m[K^~~~~~~~~~~~~~~~~~~~~~~~~[m[K
[0.664s] compilation terminated.
[0.667s] gmake[2]: *** [CMakeFiles/vehicle_interface_node.dir/build.make:76: CMakeFiles/vehicle_interface_node.dir/src/main.cpp.o] Error 1
[0.668s] gmake[1]: *** [CMakeFiles/Makefile2:593: CMakeFiles/vehicle_interface_node.dir/all] Error 2
[0.668s] gmake[1]: *** Waiting for unfinished jobs....
[0.725s] [ 76%] Built target ament_cmake_python_build_vehicle_interface_egg
[1.025s] [ 76%] Built target vehicle_interface__py
[1.027s] gmake: *** [Makefile:146: all] Error 2
[1.032s] Invoked command in '/home/wowjw/Project/Automobile/Phase4/ros2_ws/src/vehicle_interface/build/vehicle_interface' returned '2': CMAKE_PREFIX_PATH=/opt/ros/humble /usr/bin/cmake --build /home/wowjw/Project/Automobile/Phase4/ros2_ws/src/vehicle_interface/build/vehicle_interface -- -j6 -l6
