[0.204s] DEBUG:colcon:Command line arguments: ['/usr/bin/colcon', 'build', '--packages-up-to', 'vehicle_controller']
[0.204s] DEBUG:colcon:Parsed command line arguments: Namespace(log_base=None, log_level=None, verb_name='build', build_base='build', install_base='install', merge_install=False, symlink_install=False, test_result_base=None, continue_on_error=False, executor='parallel', parallel_workers=6, event_handlers=None, ignore_user_meta=False, metas=['./colcon.meta'], base_paths=['.'], packages_ignore=None, packages_ignore_regex=None, paths=None, packages_up_to=['vehicle_controller'], packages_up_to_regex=None, packages_above=None, packages_above_and_dependencies=None, packages_above_depth=None, packages_select_by_dep=None, packages_skip_by_dep=None, packages_skip_up_to=None, packages_select_build_failed=False, packages_skip_build_finished=False, packages_select_test_failures=False, packages_skip_test_passed=False, packages_select=None, packages_skip=None, packages_select_regex=None, packages_skip_regex=None, packages_start=None, packages_end=None, allow_overriding=[], cmake_args=None, cmake_target=None, cmake_target_skip_unavailable=False, cmake_clean_cache=False, cmake_clean_first=False, cmake_force_configure=False, ament_cmake_args=None, catkin_cmake_args=None, catkin_skip_building_tests=False, mixin_files=None, mixin=None, verb_parser=<colcon_mixin.mixin.mixin_argument.MixinArgumentDecorator object at 0xffffacab5f30>, verb_extension=<colcon_core.verb.build.BuildVerb object at 0xffffacab59f0>, main=<bound method BuildVerb.main of <colcon_core.verb.build.BuildVerb object at 0xffffacab59f0>>, mixin_verb=('build',))
[0.529s] Level 1:colcon.colcon_core.package_discovery:discover_packages(colcon_meta) check parameters
[0.529s] Level 1:colcon.colcon_core.package_discovery:discover_packages(recursive) check parameters
[0.529s] Level 1:colcon.colcon_core.package_discovery:discover_packages(ignore) check parameters
[0.529s] Level 1:colcon.colcon_core.package_discovery:discover_packages(path) check parameters
[0.529s] Level 1:colcon.colcon_core.package_discovery:discover_packages(colcon_meta) discover
[0.529s] Level 1:colcon.colcon_core.package_discovery:discover_packages(recursive) discover
[0.530s] INFO:colcon.colcon_core.package_discovery:Crawling recursively for packages in '/home/wowjw/Project/Automobile/Phase4/ros2_ws'
[0.530s] Level 1:colcon.colcon_core.package_identification:_identify(.) by extensions ['ignore', 'ignore_ament_install']
[0.530s] Level 1:colcon.colcon_core.package_identification:_identify(.) by extension 'ignore'
[0.530s] Level 1:colcon.colcon_core.package_identification:_identify(.) by extension 'ignore_ament_install'
[0.530s] Level 1:colcon.colcon_core.package_identification:_identify(.) by extensions ['colcon_pkg']
[0.530s] Level 1:colcon.colcon_core.package_identification:_identify(.) by extension 'colcon_pkg'
[0.530s] Level 1:colcon.colcon_core.package_identification:_identify(.) by extensions ['colcon_meta']
[0.530s] Level 1:colcon.colcon_core.package_identification:_identify(.) by extension 'colcon_meta'
[0.530s] Level 1:colcon.colcon_core.package_identification:_identify(.) by extensions ['ros']
[0.531s] Level 1:colcon.colcon_core.package_identification:_identify(.) by extension 'ros'
[0.550s] Level 1:colcon.colcon_core.package_identification:_identify(.) by extensions ['cmake', 'python']
[0.550s] Level 1:colcon.colcon_core.package_identification:_identify(.) by extension 'cmake'
[0.550s] Level 1:colcon.colcon_core.package_identification:_identify(.) by extension 'python'
[0.551s] Level 1:colcon.colcon_core.package_identification:_identify(.) by extensions ['python_setup_py']
[0.551s] Level 1:colcon.colcon_core.package_identification:_identify(.) by extension 'python_setup_py'
[0.551s] Level 1:colcon.colcon_core.package_identification:_identify(build) by extensions ['ignore', 'ignore_ament_install']
[0.551s] Level 1:colcon.colcon_core.package_identification:_identify(build) by extension 'ignore'
[0.551s] Level 1:colcon.colcon_core.package_identification:_identify(build) ignored
[0.551s] Level 1:colcon.colcon_core.package_identification:_identify(install) by extensions ['ignore', 'ignore_ament_install']
[0.552s] Level 1:colcon.colcon_core.package_identification:_identify(install) by extension 'ignore'
[0.552s] Level 1:colcon.colcon_core.package_identification:_identify(install) ignored
[0.552s] Level 1:colcon.colcon_core.package_identification:_identify(log) by extensions ['ignore', 'ignore_ament_install']
[0.552s] Level 1:colcon.colcon_core.package_identification:_identify(log) by extension 'ignore'
[0.552s] Level 1:colcon.colcon_core.package_identification:_identify(log) ignored
[0.552s] Level 1:colcon.colcon_core.package_identification:_identify(src) by extensions ['ignore', 'ignore_ament_install']
[0.553s] Level 1:colcon.colcon_core.package_identification:_identify(src) by extension 'ignore'
[0.553s] Level 1:colcon.colcon_core.package_identification:_identify(src) by extension 'ignore_ament_install'
[0.553s] Level 1:colcon.colcon_core.package_identification:_identify(src) by extensions ['colcon_pkg']
[0.553s] Level 1:colcon.colcon_core.package_identification:_identify(src) by extension 'colcon_pkg'
[0.553s] Level 1:colcon.colcon_core.package_identification:_identify(src) by extensions ['colcon_meta']
[0.553s] Level 1:colcon.colcon_core.package_identification:_identify(src) by extension 'colcon_meta'
[0.553s] Level 1:colcon.colcon_core.package_identification:_identify(src) by extensions ['ros']
[0.553s] Level 1:colcon.colcon_core.package_identification:_identify(src) by extension 'ros'
[0.553s] Level 1:colcon.colcon_core.package_identification:_identify(src) by extensions ['cmake', 'python']
[0.553s] Level 1:colcon.colcon_core.package_identification:_identify(src) by extension 'cmake'
[0.553s] Level 1:colcon.colcon_core.package_identification:_identify(src) by extension 'python'
[0.553s] Level 1:colcon.colcon_core.package_identification:_identify(src) by extensions ['python_setup_py']
[0.553s] Level 1:colcon.colcon_core.package_identification:_identify(src) by extension 'python_setup_py'
[0.554s] Level 1:colcon.colcon_core.package_identification:_identify(src/vehicle_controller) by extensions ['ignore', 'ignore_ament_install']
[0.554s] Level 1:colcon.colcon_core.package_identification:_identify(src/vehicle_controller) by extension 'ignore'
[0.554s] Level 1:colcon.colcon_core.package_identification:_identify(src/vehicle_controller) by extension 'ignore_ament_install'
[0.554s] Level 1:colcon.colcon_core.package_identification:_identify(src/vehicle_controller) by extensions ['colcon_pkg']
[0.554s] Level 1:colcon.colcon_core.package_identification:_identify(src/vehicle_controller) by extension 'colcon_pkg'
[0.554s] Level 1:colcon.colcon_core.package_identification:_identify(src/vehicle_controller) by extensions ['colcon_meta']
[0.554s] Level 1:colcon.colcon_core.package_identification:_identify(src/vehicle_controller) by extension 'colcon_meta'
[0.554s] Level 1:colcon.colcon_core.package_identification:_identify(src/vehicle_controller) by extensions ['ros']
[0.554s] Level 1:colcon.colcon_core.package_identification:_identify(src/vehicle_controller) by extension 'ros'
[0.559s] DEBUG:colcon.colcon_core.package_identification:Package 'src/vehicle_controller' with type 'ros.ament_cmake' and name 'vehicle_controller'
[0.559s] Level 1:colcon.colcon_core.package_identification:_identify(src/vehicle_interface) by extensions ['ignore', 'ignore_ament_install']
[0.559s] Level 1:colcon.colcon_core.package_identification:_identify(src/vehicle_interface) by extension 'ignore'
[0.560s] Level 1:colcon.colcon_core.package_identification:_identify(src/vehicle_interface) by extension 'ignore_ament_install'
[0.560s] Level 1:colcon.colcon_core.package_identification:_identify(src/vehicle_interface) by extensions ['colcon_pkg']
[0.560s] Level 1:colcon.colcon_core.package_identification:_identify(src/vehicle_interface) by extension 'colcon_pkg'
[0.560s] Level 1:colcon.colcon_core.package_identification:_identify(src/vehicle_interface) by extensions ['colcon_meta']
[0.560s] Level 1:colcon.colcon_core.package_identification:_identify(src/vehicle_interface) by extension 'colcon_meta'
[0.560s] Level 1:colcon.colcon_core.package_identification:_identify(src/vehicle_interface) by extensions ['ros']
[0.560s] Level 1:colcon.colcon_core.package_identification:_identify(src/vehicle_interface) by extension 'ros'
[0.561s] DEBUG:colcon.colcon_core.package_identification:Package 'src/vehicle_interface' with type 'ros.ament_cmake' and name 'vehicle_interface'
[0.561s] Level 1:colcon.colcon_core.package_discovery:discover_packages(recursive) using defaults
[0.561s] Level 1:colcon.colcon_core.package_discovery:discover_packages(ignore) discover
[0.561s] Level 1:colcon.colcon_core.package_discovery:discover_packages(ignore) using defaults
[0.561s] Level 1:colcon.colcon_core.package_discovery:discover_packages(path) discover
[0.562s] Level 1:colcon.colcon_core.package_discovery:discover_packages(path) using defaults
[0.625s] Level 1:colcon.colcon_core.package_discovery:discover_packages(prefix_path) check parameters
[0.625s] Level 1:colcon.colcon_core.package_discovery:discover_packages(prefix_path) discover
[0.627s] WARNING:colcon.colcon_core.prefix_path.colcon:The path '/home/wowjw/Project/Automobile/Phase4/install' in the environment variable COLCON_PREFIX_PATH doesn't exist
[0.627s] WARNING:colcon.colcon_ros.prefix_path.ament:The path '/home/wowjw/Project/Automobile/Phase4/ros2_ws/install/vehicle_controller' in the environment variable AMENT_PREFIX_PATH doesn't exist
[0.627s] WARNING:colcon.colcon_ros.prefix_path.ament:The path '/home/wowjw/Project/Automobile/Phase4/ros2_ws/install/vehicle_interface' in the environment variable AMENT_PREFIX_PATH doesn't exist
[0.627s] WARNING:colcon.colcon_ros.prefix_path.ament:The path '/home/wowjw/Project/Automobile/Phase4/install/vehicle_controller' in the environment variable AMENT_PREFIX_PATH doesn't exist
[0.627s] WARNING:colcon.colcon_ros.prefix_path.ament:The path '/home/wowjw/Project/Automobile/Phase4/install/vehicle_interface' in the environment variable AMENT_PREFIX_PATH doesn't exist
[0.627s] WARNING:colcon.colcon_ros.prefix_path.catkin:The path '/home/wowjw/Project/Automobile/Phase4/ros2_ws/install/vehicle_controller' in the environment variable CMAKE_PREFIX_PATH doesn't exist
[0.628s] WARNING:colcon.colcon_ros.prefix_path.catkin:The path '/home/wowjw/Project/Automobile/Phase4/ros2_ws/install/vehicle_interface' in the environment variable CMAKE_PREFIX_PATH doesn't exist
[0.628s] WARNING:colcon.colcon_ros.prefix_path.catkin:The path '/home/wowjw/Project/Automobile/Phase4/install/vehicle_controller' in the environment variable CMAKE_PREFIX_PATH doesn't exist
[0.628s] WARNING:colcon.colcon_ros.prefix_path.catkin:The path '/home/wowjw/Project/Automobile/Phase4/install/vehicle_interface' in the environment variable CMAKE_PREFIX_PATH doesn't exist
[0.629s] DEBUG:colcon.colcon_installed_package_information.package_discovery:Found 0 installed packages in /home/wowjw/Project/Automobile/Phase4/ros2_ws/install
[0.631s] DEBUG:colcon.colcon_installed_package_information.package_discovery:Found 324 installed packages in /opt/ros/humble
[0.634s] Level 1:colcon.colcon_core.package_discovery:discover_packages(prefix_path) using defaults
[0.713s] Level 5:colcon.colcon_core.verb:set package 'vehicle_interface' build argument 'cmake_args' from command line to 'None'
[0.714s] Level 5:colcon.colcon_core.verb:set package 'vehicle_interface' build argument 'cmake_target' from command line to 'None'
[0.714s] Level 5:colcon.colcon_core.verb:set package 'vehicle_interface' build argument 'cmake_target_skip_unavailable' from command line to 'False'
[0.714s] Level 5:colcon.colcon_core.verb:set package 'vehicle_interface' build argument 'cmake_clean_cache' from command line to 'False'
[0.714s] Level 5:colcon.colcon_core.verb:set package 'vehicle_interface' build argument 'cmake_clean_first' from command line to 'False'
[0.714s] Level 5:colcon.colcon_core.verb:set package 'vehicle_interface' build argument 'cmake_force_configure' from command line to 'False'
[0.714s] Level 5:colcon.colcon_core.verb:set package 'vehicle_interface' build argument 'ament_cmake_args' from command line to 'None'
[0.714s] Level 5:colcon.colcon_core.verb:set package 'vehicle_interface' build argument 'catkin_cmake_args' from command line to 'None'
[0.714s] Level 5:colcon.colcon_core.verb:set package 'vehicle_interface' build argument 'catkin_skip_building_tests' from command line to 'False'
[0.714s] DEBUG:colcon.colcon_core.verb:Building package 'vehicle_interface' with the following arguments: {'ament_cmake_args': None, 'build_base': '/home/wowjw/Project/Automobile/Phase4/ros2_ws/build/vehicle_interface', 'catkin_cmake_args': None, 'catkin_skip_building_tests': False, 'cmake_args': None, 'cmake_clean_cache': False, 'cmake_clean_first': False, 'cmake_force_configure': False, 'cmake_target': None, 'cmake_target_skip_unavailable': False, 'install_base': '/home/wowjw/Project/Automobile/Phase4/ros2_ws/install/vehicle_interface', 'merge_install': False, 'path': '/home/wowjw/Project/Automobile/Phase4/ros2_ws/src/vehicle_interface', 'symlink_install': False, 'test_result_base': None}
[0.715s] Level 5:colcon.colcon_core.verb:set package 'vehicle_controller' build argument 'cmake_args' from command line to 'None'
[0.715s] Level 5:colcon.colcon_core.verb:set package 'vehicle_controller' build argument 'cmake_target' from command line to 'None'
[0.715s] Level 5:colcon.colcon_core.verb:set package 'vehicle_controller' build argument 'cmake_target_skip_unavailable' from command line to 'False'
[0.715s] Level 5:colcon.colcon_core.verb:set package 'vehicle_controller' build argument 'cmake_clean_cache' from command line to 'False'
[0.715s] Level 5:colcon.colcon_core.verb:set package 'vehicle_controller' build argument 'cmake_clean_first' from command line to 'False'
[0.715s] Level 5:colcon.colcon_core.verb:set package 'vehicle_controller' build argument 'cmake_force_configure' from command line to 'False'
[0.715s] Level 5:colcon.colcon_core.verb:set package 'vehicle_controller' build argument 'ament_cmake_args' from command line to 'None'
[0.715s] Level 5:colcon.colcon_core.verb:set package 'vehicle_controller' build argument 'catkin_cmake_args' from command line to 'None'
[0.715s] Level 5:colcon.colcon_core.verb:set package 'vehicle_controller' build argument 'catkin_skip_building_tests' from command line to 'False'
[0.715s] DEBUG:colcon.colcon_core.verb:Building package 'vehicle_controller' with the following arguments: {'ament_cmake_args': None, 'build_base': '/home/wowjw/Project/Automobile/Phase4/ros2_ws/build/vehicle_controller', 'catkin_cmake_args': None, 'catkin_skip_building_tests': False, 'cmake_args': None, 'cmake_clean_cache': False, 'cmake_clean_first': False, 'cmake_force_configure': False, 'cmake_target': None, 'cmake_target_skip_unavailable': False, 'install_base': '/home/wowjw/Project/Automobile/Phase4/ros2_ws/install/vehicle_controller', 'merge_install': False, 'path': '/home/wowjw/Project/Automobile/Phase4/ros2_ws/src/vehicle_controller', 'symlink_install': False, 'test_result_base': None}
[0.715s] INFO:colcon.colcon_core.executor:Executing jobs using 'parallel' executor
[0.717s] DEBUG:colcon.colcon_parallel_executor.executor.parallel:run_until_complete
[0.718s] INFO:colcon.colcon_ros.task.ament_cmake.build:Building ROS package in '/home/wowjw/Project/Automobile/Phase4/ros2_ws/src/vehicle_interface' with build type 'ament_cmake'
[0.718s] INFO:colcon.colcon_cmake.task.cmake.build:Building CMake package in '/home/wowjw/Project/Automobile/Phase4/ros2_ws/src/vehicle_interface'
[0.722s] INFO:colcon.colcon_core.plugin_system:Skipping extension 'colcon_core.shell.bat': Not used on non-Windows systems
[0.722s] INFO:colcon.colcon_core.shell:Skip shell extension 'powershell' for command environment: Not usable outside of PowerShell
[0.722s] DEBUG:colcon.colcon_core.shell:Skip shell extension 'dsv' for command environment
[0.733s] DEBUG:colcon.colcon_core.event_handler.log_command:Invoking command in '/home/wowjw/Project/Automobile/Phase4/ros2_ws/build/vehicle_interface': CMAKE_PREFIX_PATH=${CMAKE_PREFIX_PATH}:/opt/ros/humble /usr/bin/cmake /home/wowjw/Project/Automobile/Phase4/ros2_ws/src/vehicle_interface -DCMAKE_INSTALL_PREFIX=/home/wowjw/Project/Automobile/Phase4/ros2_ws/install/vehicle_interface
[4.696s] DEBUG:colcon.colcon_core.event_handler.log_command:Invoked command in '/home/wowjw/Project/Automobile/Phase4/ros2_ws/build/vehicle_interface' returned '0': CMAKE_PREFIX_PATH=${CMAKE_PREFIX_PATH}:/opt/ros/humble /usr/bin/cmake /home/wowjw/Project/Automobile/Phase4/ros2_ws/src/vehicle_interface -DCMAKE_INSTALL_PREFIX=/home/wowjw/Project/Automobile/Phase4/ros2_ws/install/vehicle_interface
[4.700s] DEBUG:colcon.colcon_core.event_handler.log_command:Invoking command in '/home/wowjw/Project/Automobile/Phase4/ros2_ws/build/vehicle_interface': CMAKE_PREFIX_PATH=${CMAKE_PREFIX_PATH}:/opt/ros/humble /usr/bin/cmake --build /home/wowjw/Project/Automobile/Phase4/ros2_ws/build/vehicle_interface -- -j6 -l6
[24.305s] DEBUG:colcon.colcon_core.event_handler.log_command:Invoked command in '/home/wowjw/Project/Automobile/Phase4/ros2_ws/build/vehicle_interface' returned '0': CMAKE_PREFIX_PATH=${CMAKE_PREFIX_PATH}:/opt/ros/humble /usr/bin/cmake --build /home/wowjw/Project/Automobile/Phase4/ros2_ws/build/vehicle_interface -- -j6 -l6
[24.328s] DEBUG:colcon.colcon_core.event_handler.log_command:Invoking command in '/home/wowjw/Project/Automobile/Phase4/ros2_ws/build/vehicle_interface': CMAKE_PREFIX_PATH=${CMAKE_PREFIX_PATH}:/opt/ros/humble /usr/bin/cmake --install /home/wowjw/Project/Automobile/Phase4/ros2_ws/build/vehicle_interface
[24.480s] Level 1:colcon.colcon_core.environment:create_environment_scripts_only(vehicle_interface)
[24.482s] DEBUG:colcon.colcon_core.event_handler.log_command:Invoked command in '/home/wowjw/Project/Automobile/Phase4/ros2_ws/build/vehicle_interface' returned '0': CMAKE_PREFIX_PATH=${CMAKE_PREFIX_PATH}:/opt/ros/humble /usr/bin/cmake --install /home/wowjw/Project/Automobile/Phase4/ros2_ws/build/vehicle_interface
[24.490s] Level 1:colcon.colcon_core.environment:checking '/home/wowjw/Project/Automobile/Phase4/ros2_ws/install/vehicle_interface' for CMake module files
[24.492s] Level 1:colcon.colcon_core.environment:checking '/home/wowjw/Project/Automobile/Phase4/ros2_ws/install/vehicle_interface' for CMake config files
[24.493s] Level 1:colcon.colcon_core.shell:create_environment_hook('vehicle_interface', 'cmake_prefix_path')
[24.494s] INFO:colcon.colcon_core.shell:Creating environment hook '/home/wowjw/Project/Automobile/Phase4/ros2_ws/install/vehicle_interface/share/vehicle_interface/hook/cmake_prefix_path.ps1'
[24.496s] INFO:colcon.colcon_core.shell:Creating environment descriptor '/home/wowjw/Project/Automobile/Phase4/ros2_ws/install/vehicle_interface/share/vehicle_interface/hook/cmake_prefix_path.dsv'
[24.498s] INFO:colcon.colcon_core.shell:Creating environment hook '/home/wowjw/Project/Automobile/Phase4/ros2_ws/install/vehicle_interface/share/vehicle_interface/hook/cmake_prefix_path.sh'
[24.501s] Level 1:colcon.colcon_core.environment:checking '/home/wowjw/Project/Automobile/Phase4/ros2_ws/install/vehicle_interface/lib'
[24.502s] Level 1:colcon.colcon_core.shell:create_environment_hook('vehicle_interface', 'ld_library_path_lib')
[24.502s] INFO:colcon.colcon_core.shell:Creating environment hook '/home/wowjw/Project/Automobile/Phase4/ros2_ws/install/vehicle_interface/share/vehicle_interface/hook/ld_library_path_lib.ps1'
[24.504s] INFO:colcon.colcon_core.shell:Creating environment descriptor '/home/wowjw/Project/Automobile/Phase4/ros2_ws/install/vehicle_interface/share/vehicle_interface/hook/ld_library_path_lib.dsv'
[24.505s] INFO:colcon.colcon_core.shell:Creating environment hook '/home/wowjw/Project/Automobile/Phase4/ros2_ws/install/vehicle_interface/share/vehicle_interface/hook/ld_library_path_lib.sh'
[24.506s] Level 1:colcon.colcon_core.environment:checking '/home/wowjw/Project/Automobile/Phase4/ros2_ws/install/vehicle_interface/bin'
[24.507s] Level 1:colcon.colcon_core.environment:checking '/home/wowjw/Project/Automobile/Phase4/ros2_ws/install/vehicle_interface/lib/pkgconfig/vehicle_interface.pc'
[24.507s] Level 1:colcon.colcon_core.environment:checking '/home/wowjw/Project/Automobile/Phase4/ros2_ws/install/vehicle_interface/lib/python3.10/site-packages'
[24.509s] Level 1:colcon.colcon_core.environment:checking '/home/wowjw/Project/Automobile/Phase4/ros2_ws/install/vehicle_interface/bin'
[24.510s] INFO:colcon.colcon_core.shell:Creating package script '/home/wowjw/Project/Automobile/Phase4/ros2_ws/install/vehicle_interface/share/vehicle_interface/package.ps1'
[24.513s] INFO:colcon.colcon_core.shell:Creating package descriptor '/home/wowjw/Project/Automobile/Phase4/ros2_ws/install/vehicle_interface/share/vehicle_interface/package.dsv'
[24.515s] INFO:colcon.colcon_core.shell:Creating package script '/home/wowjw/Project/Automobile/Phase4/ros2_ws/install/vehicle_interface/share/vehicle_interface/package.sh'
[24.518s] INFO:colcon.colcon_core.shell:Creating package script '/home/wowjw/Project/Automobile/Phase4/ros2_ws/install/vehicle_interface/share/vehicle_interface/package.bash'
[24.520s] INFO:colcon.colcon_core.shell:Creating package script '/home/wowjw/Project/Automobile/Phase4/ros2_ws/install/vehicle_interface/share/vehicle_interface/package.zsh'
[24.523s] Level 1:colcon.colcon_core.environment:create_file_with_runtime_dependencies(/home/wowjw/Project/Automobile/Phase4/ros2_ws/install/vehicle_interface/share/colcon-core/packages/vehicle_interface)
[24.524s] Level 1:colcon.colcon_core.environment:create_environment_scripts_only(vehicle_interface)
[24.524s] Level 1:colcon.colcon_core.environment:checking '/home/wowjw/Project/Automobile/Phase4/ros2_ws/install/vehicle_interface' for CMake module files
[24.525s] Level 1:colcon.colcon_core.environment:checking '/home/wowjw/Project/Automobile/Phase4/ros2_ws/install/vehicle_interface' for CMake config files
[24.526s] Level 1:colcon.colcon_core.shell:create_environment_hook('vehicle_interface', 'cmake_prefix_path')
[24.526s] INFO:colcon.colcon_core.shell:Creating environment hook '/home/wowjw/Project/Automobile/Phase4/ros2_ws/install/vehicle_interface/share/vehicle_interface/hook/cmake_prefix_path.ps1'
[24.527s] INFO:colcon.colcon_core.shell:Creating environment descriptor '/home/wowjw/Project/Automobile/Phase4/ros2_ws/install/vehicle_interface/share/vehicle_interface/hook/cmake_prefix_path.dsv'
[24.529s] INFO:colcon.colcon_core.shell:Creating environment hook '/home/wowjw/Project/Automobile/Phase4/ros2_ws/install/vehicle_interface/share/vehicle_interface/hook/cmake_prefix_path.sh'
[24.530s] Level 1:colcon.colcon_core.environment:checking '/home/wowjw/Project/Automobile/Phase4/ros2_ws/install/vehicle_interface/lib'
[24.530s] Level 1:colcon.colcon_core.shell:create_environment_hook('vehicle_interface', 'ld_library_path_lib')
[24.531s] INFO:colcon.colcon_core.shell:Creating environment hook '/home/wowjw/Project/Automobile/Phase4/ros2_ws/install/vehicle_interface/share/vehicle_interface/hook/ld_library_path_lib.ps1'
[24.532s] INFO:colcon.colcon_core.shell:Creating environment descriptor '/home/wowjw/Project/Automobile/Phase4/ros2_ws/install/vehicle_interface/share/vehicle_interface/hook/ld_library_path_lib.dsv'
[24.532s] INFO:colcon.colcon_core.shell:Creating environment hook '/home/wowjw/Project/Automobile/Phase4/ros2_ws/install/vehicle_interface/share/vehicle_interface/hook/ld_library_path_lib.sh'
[24.533s] Level 1:colcon.colcon_core.environment:checking '/home/wowjw/Project/Automobile/Phase4/ros2_ws/install/vehicle_interface/bin'
[24.534s] Level 1:colcon.colcon_core.environment:checking '/home/wowjw/Project/Automobile/Phase4/ros2_ws/install/vehicle_interface/lib/pkgconfig/vehicle_interface.pc'
[24.534s] Level 1:colcon.colcon_core.environment:checking '/home/wowjw/Project/Automobile/Phase4/ros2_ws/install/vehicle_interface/lib/python3.10/site-packages'
[24.535s] Level 1:colcon.colcon_core.environment:checking '/home/wowjw/Project/Automobile/Phase4/ros2_ws/install/vehicle_interface/bin'
[24.536s] INFO:colcon.colcon_core.shell:Creating package script '/home/wowjw/Project/Automobile/Phase4/ros2_ws/install/vehicle_interface/share/vehicle_interface/package.ps1'
[24.538s] INFO:colcon.colcon_core.shell:Creating package descriptor '/home/wowjw/Project/Automobile/Phase4/ros2_ws/install/vehicle_interface/share/vehicle_interface/package.dsv'
[24.539s] INFO:colcon.colcon_core.shell:Creating package script '/home/wowjw/Project/Automobile/Phase4/ros2_ws/install/vehicle_interface/share/vehicle_interface/package.sh'
[24.540s] INFO:colcon.colcon_core.shell:Creating package script '/home/wowjw/Project/Automobile/Phase4/ros2_ws/install/vehicle_interface/share/vehicle_interface/package.bash'
[24.541s] INFO:colcon.colcon_core.shell:Creating package script '/home/wowjw/Project/Automobile/Phase4/ros2_ws/install/vehicle_interface/share/vehicle_interface/package.zsh'
[24.542s] Level 1:colcon.colcon_core.environment:create_file_with_runtime_dependencies(/home/wowjw/Project/Automobile/Phase4/ros2_ws/install/vehicle_interface/share/colcon-core/packages/vehicle_interface)
[24.542s] INFO:colcon.colcon_ros.task.ament_cmake.build:Building ROS package in '/home/wowjw/Project/Automobile/Phase4/ros2_ws/src/vehicle_controller' with build type 'ament_cmake'
[24.543s] INFO:colcon.colcon_cmake.task.cmake.build:Building CMake package in '/home/wowjw/Project/Automobile/Phase4/ros2_ws/src/vehicle_controller'
[24.544s] INFO:colcon.colcon_core.shell:Skip shell extension 'powershell' for command environment: Not usable outside of PowerShell
[24.544s] DEBUG:colcon.colcon_core.shell:Skip shell extension 'dsv' for command environment
[24.567s] DEBUG:colcon.colcon_core.event_handler.log_command:Invoking command in '/home/wowjw/Project/Automobile/Phase4/ros2_ws/build/vehicle_controller': CMAKE_PREFIX_PATH=/home/wowjw/Project/Automobile/Phase4/ros2_ws/install/vehicle_interface:/home/wowjw/Project/Automobile/Phase4/ros2_ws/install/vehicle_controller:/home/wowjw/Project/Automobile/Phase4/install/vehicle_controller:/home/wowjw/Project/Automobile/Phase4/install/vehicle_interface:/opt/ros/humble LD_LIBRARY_PATH=/home/wowjw/Project/Automobile/Phase4/ros2_ws/install/vehicle_interface/lib:/home/wowjw/Project/Automobile/Phase4/install/vehicle_controller/lib:/home/wowjw/Project/Automobile/Phase4/install/vehicle_interface/lib:/usr/local/cuda-12.6/lib64:/opt/ros/humble/opt/rviz_ogre_vendor/lib:/opt/ros/humble/lib/aarch64-linux-gnu:/opt/ros/humble/lib:/usr/local/cuda-12.6/lib64 /usr/bin/cmake /home/wowjw/Project/Automobile/Phase4/ros2_ws/src/vehicle_controller -DCMAKE_INSTALL_PREFIX=/home/wowjw/Project/Automobile/Phase4/ros2_ws/install/vehicle_controller
[28.211s] DEBUG:colcon.colcon_core.event_handler.log_command:Invoked command in '/home/wowjw/Project/Automobile/Phase4/ros2_ws/build/vehicle_controller' returned '0': CMAKE_PREFIX_PATH=/home/wowjw/Project/Automobile/Phase4/ros2_ws/install/vehicle_interface:/home/wowjw/Project/Automobile/Phase4/ros2_ws/install/vehicle_controller:/home/wowjw/Project/Automobile/Phase4/install/vehicle_controller:/home/wowjw/Project/Automobile/Phase4/install/vehicle_interface:/opt/ros/humble LD_LIBRARY_PATH=/home/wowjw/Project/Automobile/Phase4/ros2_ws/install/vehicle_interface/lib:/home/wowjw/Project/Automobile/Phase4/install/vehicle_controller/lib:/home/wowjw/Project/Automobile/Phase4/install/vehicle_interface/lib:/usr/local/cuda-12.6/lib64:/opt/ros/humble/opt/rviz_ogre_vendor/lib:/opt/ros/humble/lib/aarch64-linux-gnu:/opt/ros/humble/lib:/usr/local/cuda-12.6/lib64 /usr/bin/cmake /home/wowjw/Project/Automobile/Phase4/ros2_ws/src/vehicle_controller -DCMAKE_INSTALL_PREFIX=/home/wowjw/Project/Automobile/Phase4/ros2_ws/install/vehicle_controller
[28.215s] DEBUG:colcon.colcon_core.event_handler.log_command:Invoking command in '/home/wowjw/Project/Automobile/Phase4/ros2_ws/build/vehicle_controller': CMAKE_PREFIX_PATH=/home/wowjw/Project/Automobile/Phase4/ros2_ws/install/vehicle_interface:/home/wowjw/Project/Automobile/Phase4/ros2_ws/install/vehicle_controller:/home/wowjw/Project/Automobile/Phase4/install/vehicle_controller:/home/wowjw/Project/Automobile/Phase4/install/vehicle_interface:/opt/ros/humble LD_LIBRARY_PATH=/home/wowjw/Project/Automobile/Phase4/ros2_ws/install/vehicle_interface/lib:/home/wowjw/Project/Automobile/Phase4/install/vehicle_controller/lib:/home/wowjw/Project/Automobile/Phase4/install/vehicle_interface/lib:/usr/local/cuda-12.6/lib64:/opt/ros/humble/opt/rviz_ogre_vendor/lib:/opt/ros/humble/lib/aarch64-linux-gnu:/opt/ros/humble/lib:/usr/local/cuda-12.6/lib64 /usr/bin/cmake --build /home/wowjw/Project/Automobile/Phase4/ros2_ws/build/vehicle_controller -- -j6 -l6
[53.567s] DEBUG:colcon.colcon_core.event_handler.log_command:Invoked command in '/home/wowjw/Project/Automobile/Phase4/ros2_ws/build/vehicle_controller' returned '0': CMAKE_PREFIX_PATH=/home/wowjw/Project/Automobile/Phase4/ros2_ws/install/vehicle_interface:/home/wowjw/Project/Automobile/Phase4/ros2_ws/install/vehicle_controller:/home/wowjw/Project/Automobile/Phase4/install/vehicle_controller:/home/wowjw/Project/Automobile/Phase4/install/vehicle_interface:/opt/ros/humble LD_LIBRARY_PATH=/home/wowjw/Project/Automobile/Phase4/ros2_ws/install/vehicle_interface/lib:/home/wowjw/Project/Automobile/Phase4/install/vehicle_controller/lib:/home/wowjw/Project/Automobile/Phase4/install/vehicle_interface/lib:/usr/local/cuda-12.6/lib64:/opt/ros/humble/opt/rviz_ogre_vendor/lib:/opt/ros/humble/lib/aarch64-linux-gnu:/opt/ros/humble/lib:/usr/local/cuda-12.6/lib64 /usr/bin/cmake --build /home/wowjw/Project/Automobile/Phase4/ros2_ws/build/vehicle_controller -- -j6 -l6
[53.572s] DEBUG:colcon.colcon_core.event_handler.log_command:Invoking command in '/home/wowjw/Project/Automobile/Phase4/ros2_ws/build/vehicle_controller': CMAKE_PREFIX_PATH=/home/wowjw/Project/Automobile/Phase4/ros2_ws/install/vehicle_interface:/home/wowjw/Project/Automobile/Phase4/ros2_ws/install/vehicle_controller:/home/wowjw/Project/Automobile/Phase4/install/vehicle_controller:/home/wowjw/Project/Automobile/Phase4/install/vehicle_interface:/opt/ros/humble LD_LIBRARY_PATH=/home/wowjw/Project/Automobile/Phase4/ros2_ws/install/vehicle_interface/lib:/home/wowjw/Project/Automobile/Phase4/install/vehicle_controller/lib:/home/wowjw/Project/Automobile/Phase4/install/vehicle_interface/lib:/usr/local/cuda-12.6/lib64:/opt/ros/humble/opt/rviz_ogre_vendor/lib:/opt/ros/humble/lib/aarch64-linux-gnu:/opt/ros/humble/lib:/usr/local/cuda-12.6/lib64 /usr/bin/cmake --install /home/wowjw/Project/Automobile/Phase4/ros2_ws/build/vehicle_controller
[53.630s] Level 1:colcon.colcon_core.environment:create_environment_scripts_only(vehicle_controller)
[53.631s] Level 1:colcon.colcon_core.environment:checking '/home/wowjw/Project/Automobile/Phase4/ros2_ws/install/vehicle_controller' for CMake module files
[53.633s] DEBUG:colcon.colcon_core.event_handler.log_command:Invoked command in '/home/wowjw/Project/Automobile/Phase4/ros2_ws/build/vehicle_controller' returned '0': CMAKE_PREFIX_PATH=/home/wowjw/Project/Automobile/Phase4/ros2_ws/install/vehicle_interface:/home/wowjw/Project/Automobile/Phase4/ros2_ws/install/vehicle_controller:/home/wowjw/Project/Automobile/Phase4/install/vehicle_controller:/home/wowjw/Project/Automobile/Phase4/install/vehicle_interface:/opt/ros/humble LD_LIBRARY_PATH=/home/wowjw/Project/Automobile/Phase4/ros2_ws/install/vehicle_interface/lib:/home/wowjw/Project/Automobile/Phase4/install/vehicle_controller/lib:/home/wowjw/Project/Automobile/Phase4/install/vehicle_interface/lib:/usr/local/cuda-12.6/lib64:/opt/ros/humble/opt/rviz_ogre_vendor/lib:/opt/ros/humble/lib/aarch64-linux-gnu:/opt/ros/humble/lib:/usr/local/cuda-12.6/lib64 /usr/bin/cmake --install /home/wowjw/Project/Automobile/Phase4/ros2_ws/build/vehicle_controller
[53.634s] Level 1:colcon.colcon_core.environment:checking '/home/wowjw/Project/Automobile/Phase4/ros2_ws/install/vehicle_controller' for CMake config files
[53.635s] Level 1:colcon.colcon_core.shell:create_environment_hook('vehicle_controller', 'cmake_prefix_path')
[53.636s] INFO:colcon.colcon_core.shell:Creating environment hook '/home/wowjw/Project/Automobile/Phase4/ros2_ws/install/vehicle_controller/share/vehicle_controller/hook/cmake_prefix_path.ps1'
[53.638s] INFO:colcon.colcon_core.shell:Creating environment descriptor '/home/wowjw/Project/Automobile/Phase4/ros2_ws/install/vehicle_controller/share/vehicle_controller/hook/cmake_prefix_path.dsv'
[53.639s] INFO:colcon.colcon_core.shell:Creating environment hook '/home/wowjw/Project/Automobile/Phase4/ros2_ws/install/vehicle_controller/share/vehicle_controller/hook/cmake_prefix_path.sh'
[53.641s] Level 1:colcon.colcon_core.environment:checking '/home/wowjw/Project/Automobile/Phase4/ros2_ws/install/vehicle_controller/lib'
[53.641s] Level 1:colcon.colcon_core.shell:create_environment_hook('vehicle_controller', 'ld_library_path_lib')
[53.642s] INFO:colcon.colcon_core.shell:Creating environment hook '/home/wowjw/Project/Automobile/Phase4/ros2_ws/install/vehicle_controller/share/vehicle_controller/hook/ld_library_path_lib.ps1'
[53.644s] INFO:colcon.colcon_core.shell:Creating environment descriptor '/home/wowjw/Project/Automobile/Phase4/ros2_ws/install/vehicle_controller/share/vehicle_controller/hook/ld_library_path_lib.dsv'
[53.645s] INFO:colcon.colcon_core.shell:Creating environment hook '/home/wowjw/Project/Automobile/Phase4/ros2_ws/install/vehicle_controller/share/vehicle_controller/hook/ld_library_path_lib.sh'
[53.647s] Level 1:colcon.colcon_core.environment:checking '/home/wowjw/Project/Automobile/Phase4/ros2_ws/install/vehicle_controller/bin'
[53.647s] Level 1:colcon.colcon_core.environment:checking '/home/wowjw/Project/Automobile/Phase4/ros2_ws/install/vehicle_controller/lib/pkgconfig/vehicle_controller.pc'
[53.648s] Level 1:colcon.colcon_core.environment:checking '/home/wowjw/Project/Automobile/Phase4/ros2_ws/install/vehicle_controller/lib/python3.10/site-packages'
[53.649s] Level 1:colcon.colcon_core.environment:checking '/home/wowjw/Project/Automobile/Phase4/ros2_ws/install/vehicle_controller/bin'
[53.650s] INFO:colcon.colcon_core.shell:Creating package script '/home/wowjw/Project/Automobile/Phase4/ros2_ws/install/vehicle_controller/share/vehicle_controller/package.ps1'
[53.652s] INFO:colcon.colcon_core.shell:Creating package descriptor '/home/wowjw/Project/Automobile/Phase4/ros2_ws/install/vehicle_controller/share/vehicle_controller/package.dsv'
[53.654s] INFO:colcon.colcon_core.shell:Creating package script '/home/wowjw/Project/Automobile/Phase4/ros2_ws/install/vehicle_controller/share/vehicle_controller/package.sh'
[53.655s] INFO:colcon.colcon_core.shell:Creating package script '/home/wowjw/Project/Automobile/Phase4/ros2_ws/install/vehicle_controller/share/vehicle_controller/package.bash'
[53.657s] INFO:colcon.colcon_core.shell:Creating package script '/home/wowjw/Project/Automobile/Phase4/ros2_ws/install/vehicle_controller/share/vehicle_controller/package.zsh'
[53.658s] Level 1:colcon.colcon_core.environment:create_file_with_runtime_dependencies(/home/wowjw/Project/Automobile/Phase4/ros2_ws/install/vehicle_controller/share/colcon-core/packages/vehicle_controller)
[53.660s] Level 1:colcon.colcon_core.environment:create_environment_scripts_only(vehicle_controller)
[53.661s] Level 1:colcon.colcon_core.environment:checking '/home/wowjw/Project/Automobile/Phase4/ros2_ws/install/vehicle_controller' for CMake module files
[53.662s] Level 1:colcon.colcon_core.environment:checking '/home/wowjw/Project/Automobile/Phase4/ros2_ws/install/vehicle_controller' for CMake config files
[53.663s] Level 1:colcon.colcon_core.shell:create_environment_hook('vehicle_controller', 'cmake_prefix_path')
[53.664s] INFO:colcon.colcon_core.shell:Creating environment hook '/home/wowjw/Project/Automobile/Phase4/ros2_ws/install/vehicle_controller/share/vehicle_controller/hook/cmake_prefix_path.ps1'
[53.665s] INFO:colcon.colcon_core.shell:Creating environment descriptor '/home/wowjw/Project/Automobile/Phase4/ros2_ws/install/vehicle_controller/share/vehicle_controller/hook/cmake_prefix_path.dsv'
[53.666s] INFO:colcon.colcon_core.shell:Creating environment hook '/home/wowjw/Project/Automobile/Phase4/ros2_ws/install/vehicle_controller/share/vehicle_controller/hook/cmake_prefix_path.sh'
[53.667s] Level 1:colcon.colcon_core.environment:checking '/home/wowjw/Project/Automobile/Phase4/ros2_ws/install/vehicle_controller/lib'
[53.667s] Level 1:colcon.colcon_core.shell:create_environment_hook('vehicle_controller', 'ld_library_path_lib')
[53.667s] INFO:colcon.colcon_core.shell:Creating environment hook '/home/wowjw/Project/Automobile/Phase4/ros2_ws/install/vehicle_controller/share/vehicle_controller/hook/ld_library_path_lib.ps1'
[53.668s] INFO:colcon.colcon_core.shell:Creating environment descriptor '/home/wowjw/Project/Automobile/Phase4/ros2_ws/install/vehicle_controller/share/vehicle_controller/hook/ld_library_path_lib.dsv'
[53.669s] INFO:colcon.colcon_core.shell:Creating environment hook '/home/wowjw/Project/Automobile/Phase4/ros2_ws/install/vehicle_controller/share/vehicle_controller/hook/ld_library_path_lib.sh'
[53.670s] Level 1:colcon.colcon_core.environment:checking '/home/wowjw/Project/Automobile/Phase4/ros2_ws/install/vehicle_controller/bin'
[53.670s] Level 1:colcon.colcon_core.environment:checking '/home/wowjw/Project/Automobile/Phase4/ros2_ws/install/vehicle_controller/lib/pkgconfig/vehicle_controller.pc'
[53.671s] Level 1:colcon.colcon_core.environment:checking '/home/wowjw/Project/Automobile/Phase4/ros2_ws/install/vehicle_controller/lib/python3.10/site-packages'
[53.672s] Level 1:colcon.colcon_core.environment:checking '/home/wowjw/Project/Automobile/Phase4/ros2_ws/install/vehicle_controller/bin'
[53.672s] INFO:colcon.colcon_core.shell:Creating package script '/home/wowjw/Project/Automobile/Phase4/ros2_ws/install/vehicle_controller/share/vehicle_controller/package.ps1'
[53.674s] INFO:colcon.colcon_core.shell:Creating package descriptor '/home/wowjw/Project/Automobile/Phase4/ros2_ws/install/vehicle_controller/share/vehicle_controller/package.dsv'
[53.675s] INFO:colcon.colcon_core.shell:Creating package script '/home/wowjw/Project/Automobile/Phase4/ros2_ws/install/vehicle_controller/share/vehicle_controller/package.sh'
[53.676s] INFO:colcon.colcon_core.shell:Creating package script '/home/wowjw/Project/Automobile/Phase4/ros2_ws/install/vehicle_controller/share/vehicle_controller/package.bash'
[53.676s] INFO:colcon.colcon_core.shell:Creating package script '/home/wowjw/Project/Automobile/Phase4/ros2_ws/install/vehicle_controller/share/vehicle_controller/package.zsh'
[53.677s] Level 1:colcon.colcon_core.environment:create_file_with_runtime_dependencies(/home/wowjw/Project/Automobile/Phase4/ros2_ws/install/vehicle_controller/share/colcon-core/packages/vehicle_controller)
[53.678s] DEBUG:colcon.colcon_parallel_executor.executor.parallel:closing loop
[53.679s] DEBUG:colcon.colcon_parallel_executor.executor.parallel:loop closed
[53.679s] DEBUG:colcon.colcon_parallel_executor.executor.parallel:run_until_complete finished with '0'
[53.680s] DEBUG:colcon.colcon_core.event_reactor:joining thread
[53.698s] INFO:colcon.colcon_core.plugin_system:Skipping extension 'colcon_notification.desktop_notification.terminal_notifier': Not used on non-Darwin systems
[53.698s] INFO:colcon.colcon_core.plugin_system:Skipping extension 'colcon_notification.desktop_notification.win32': Not used on non-Windows systems
[53.698s] INFO:colcon.colcon_notification.desktop_notification:Sending desktop notification using 'notify2'
[53.723s] DEBUG:colcon.colcon_notification.desktop_notification.notify2:Failed to initialize notify2: org.freedesktop.DBus.Error.Spawn.ChildExited: Process org.freedesktop.Notifications exited with status 1
[53.724s] DEBUG:colcon.colcon_core.event_reactor:joined thread
[53.725s] INFO:colcon.colcon_core.shell:Creating prefix script '/home/wowjw/Project/Automobile/Phase4/ros2_ws/install/local_setup.ps1'
[53.728s] INFO:colcon.colcon_core.shell:Creating prefix util module '/home/wowjw/Project/Automobile/Phase4/ros2_ws/install/_local_setup_util_ps1.py'
[53.732s] INFO:colcon.colcon_core.shell:Creating prefix chain script '/home/wowjw/Project/Automobile/Phase4/ros2_ws/install/setup.ps1'
[53.736s] INFO:colcon.colcon_core.shell:Creating prefix script '/home/wowjw/Project/Automobile/Phase4/ros2_ws/install/local_setup.sh'
[53.737s] INFO:colcon.colcon_core.shell:Creating prefix util module '/home/wowjw/Project/Automobile/Phase4/ros2_ws/install/_local_setup_util_sh.py'
[53.739s] INFO:colcon.colcon_core.shell:Creating prefix chain script '/home/wowjw/Project/Automobile/Phase4/ros2_ws/install/setup.sh'
[53.742s] INFO:colcon.colcon_core.shell:Creating prefix script '/home/wowjw/Project/Automobile/Phase4/ros2_ws/install/local_setup.bash'
[53.744s] INFO:colcon.colcon_core.shell:Creating prefix chain script '/home/wowjw/Project/Automobile/Phase4/ros2_ws/install/setup.bash'
[53.747s] INFO:colcon.colcon_core.shell:Creating prefix script '/home/wowjw/Project/Automobile/Phase4/ros2_ws/install/local_setup.zsh'
[53.748s] INFO:colcon.colcon_core.shell:Creating prefix chain script '/home/wowjw/Project/Automobile/Phase4/ros2_ws/install/setup.zsh'
