[0.204s] DEBUG:colcon:Command line arguments: ['/usr/bin/colcon', 'build', '--packages-up-to', 'vehicle_controller']
[0.204s] DEBUG:colcon:Parsed command line arguments: Namespace(log_base=None, log_level=None, verb_name='build', build_base='build', install_base='install', merge_install=False, symlink_install=False, test_result_base=None, continue_on_error=False, executor='parallel', parallel_workers=6, event_handlers=None, ignore_user_meta=False, metas=['./colcon.meta'], base_paths=['.'], packages_ignore=None, packages_ignore_regex=None, paths=None, packages_up_to=['vehicle_controller'], packages_up_to_regex=None, packages_above=None, packages_above_and_dependencies=None, packages_above_depth=None, packages_select_by_dep=None, packages_skip_by_dep=None, packages_skip_up_to=None, packages_select_build_failed=False, packages_skip_build_finished=False, packages_select_test_failures=False, packages_skip_test_passed=False, packages_select=None, packages_skip=None, packages_select_regex=None, packages_skip_regex=None, packages_start=None, packages_end=None, allow_overriding=[], cmake_args=None, cmake_target=None, cmake_target_skip_unavailable=False, cmake_clean_cache=False, cmake_clean_first=False, cmake_force_configure=False, ament_cmake_args=None, catkin_cmake_args=None, catkin_skip_building_tests=False, mixin_files=None, mixin=None, verb_parser=<colcon_mixin.mixin.mixin_argument.MixinArgumentDecorator object at 0xffff81275e70>, verb_extension=<colcon_core.verb.build.BuildVerb object at 0xffff81275930>, main=<bound method BuildVerb.main of <colcon_core.verb.build.BuildVerb object at 0xffff81275930>>, mixin_verb=('build',))
[0.528s] Level 1:colcon.colcon_core.package_discovery:discover_packages(colcon_meta) check parameters
[0.528s] Level 1:colcon.colcon_core.package_discovery:discover_packages(recursive) check parameters
[0.528s] Level 1:colcon.colcon_core.package_discovery:discover_packages(ignore) check parameters
[0.528s] Level 1:colcon.colcon_core.package_discovery:discover_packages(path) check parameters
[0.528s] Level 1:colcon.colcon_core.package_discovery:discover_packages(colcon_meta) discover
[0.528s] Level 1:colcon.colcon_core.package_discovery:discover_packages(recursive) discover
[0.528s] INFO:colcon.colcon_core.package_discovery:Crawling recursively for packages in '/home/wowjw/Project/Automobile/Phase4/ros2_ws'
[0.529s] Level 1:colcon.colcon_core.package_identification:_identify(.) by extensions ['ignore', 'ignore_ament_install']
[0.529s] Level 1:colcon.colcon_core.package_identification:_identify(.) by extension 'ignore'
[0.529s] Level 1:colcon.colcon_core.package_identification:_identify(.) by extension 'ignore_ament_install'
[0.529s] Level 1:colcon.colcon_core.package_identification:_identify(.) by extensions ['colcon_pkg']
[0.529s] Level 1:colcon.colcon_core.package_identification:_identify(.) by extension 'colcon_pkg'
[0.529s] Level 1:colcon.colcon_core.package_identification:_identify(.) by extensions ['colcon_meta']
[0.529s] Level 1:colcon.colcon_core.package_identification:_identify(.) by extension 'colcon_meta'
[0.529s] Level 1:colcon.colcon_core.package_identification:_identify(.) by extensions ['ros']
[0.530s] Level 1:colcon.colcon_core.package_identification:_identify(.) by extension 'ros'
[0.549s] Level 1:colcon.colcon_core.package_identification:_identify(.) by extensions ['cmake', 'python']
[0.549s] Level 1:colcon.colcon_core.package_identification:_identify(.) by extension 'cmake'
[0.549s] Level 1:colcon.colcon_core.package_identification:_identify(.) by extension 'python'
[0.550s] Level 1:colcon.colcon_core.package_identification:_identify(.) by extensions ['python_setup_py']
[0.550s] Level 1:colcon.colcon_core.package_identification:_identify(.) by extension 'python_setup_py'
[0.550s] Level 1:colcon.colcon_core.package_identification:_identify(build) by extensions ['ignore', 'ignore_ament_install']
[0.550s] Level 1:colcon.colcon_core.package_identification:_identify(build) by extension 'ignore'
[0.550s] Level 1:colcon.colcon_core.package_identification:_identify(build) ignored
[0.550s] Level 1:colcon.colcon_core.package_identification:_identify(install) by extensions ['ignore', 'ignore_ament_install']
[0.551s] Level 1:colcon.colcon_core.package_identification:_identify(install) by extension 'ignore'
[0.551s] Level 1:colcon.colcon_core.package_identification:_identify(install) ignored
[0.551s] Level 1:colcon.colcon_core.package_identification:_identify(log) by extensions ['ignore', 'ignore_ament_install']
[0.551s] Level 1:colcon.colcon_core.package_identification:_identify(log) by extension 'ignore'
[0.551s] Level 1:colcon.colcon_core.package_identification:_identify(log) ignored
[0.551s] Level 1:colcon.colcon_core.package_identification:_identify(src) by extensions ['ignore', 'ignore_ament_install']
[0.552s] Level 1:colcon.colcon_core.package_identification:_identify(src) by extension 'ignore'
[0.552s] Level 1:colcon.colcon_core.package_identification:_identify(src) by extension 'ignore_ament_install'
[0.552s] Level 1:colcon.colcon_core.package_identification:_identify(src) by extensions ['colcon_pkg']
[0.552s] Level 1:colcon.colcon_core.package_identification:_identify(src) by extension 'colcon_pkg'
[0.552s] Level 1:colcon.colcon_core.package_identification:_identify(src) by extensions ['colcon_meta']
[0.552s] Level 1:colcon.colcon_core.package_identification:_identify(src) by extension 'colcon_meta'
[0.552s] Level 1:colcon.colcon_core.package_identification:_identify(src) by extensions ['ros']
[0.552s] Level 1:colcon.colcon_core.package_identification:_identify(src) by extension 'ros'
[0.552s] Level 1:colcon.colcon_core.package_identification:_identify(src) by extensions ['cmake', 'python']
[0.552s] Level 1:colcon.colcon_core.package_identification:_identify(src) by extension 'cmake'
[0.553s] Level 1:colcon.colcon_core.package_identification:_identify(src) by extension 'python'
[0.553s] Level 1:colcon.colcon_core.package_identification:_identify(src) by extensions ['python_setup_py']
[0.553s] Level 1:colcon.colcon_core.package_identification:_identify(src) by extension 'python_setup_py'
[0.553s] Level 1:colcon.colcon_core.package_identification:_identify(src/vehicle_controller) by extensions ['ignore', 'ignore_ament_install']
[0.553s] Level 1:colcon.colcon_core.package_identification:_identify(src/vehicle_controller) by extension 'ignore'
[0.553s] Level 1:colcon.colcon_core.package_identification:_identify(src/vehicle_controller) by extension 'ignore_ament_install'
[0.553s] Level 1:colcon.colcon_core.package_identification:_identify(src/vehicle_controller) by extensions ['colcon_pkg']
[0.553s] Level 1:colcon.colcon_core.package_identification:_identify(src/vehicle_controller) by extension 'colcon_pkg'
[0.553s] Level 1:colcon.colcon_core.package_identification:_identify(src/vehicle_controller) by extensions ['colcon_meta']
[0.553s] Level 1:colcon.colcon_core.package_identification:_identify(src/vehicle_controller) by extension 'colcon_meta'
[0.554s] Level 1:colcon.colcon_core.package_identification:_identify(src/vehicle_controller) by extensions ['ros']
[0.554s] Level 1:colcon.colcon_core.package_identification:_identify(src/vehicle_controller) by extension 'ros'
[0.559s] DEBUG:colcon.colcon_core.package_identification:Package 'src/vehicle_controller' with type 'ros.ament_cmake' and name 'vehicle_controller'
[0.559s] Level 1:colcon.colcon_core.package_identification:_identify(src/vehicle_interface) by extensions ['ignore', 'ignore_ament_install']
[0.559s] Level 1:colcon.colcon_core.package_identification:_identify(src/vehicle_interface) by extension 'ignore'
[0.559s] Level 1:colcon.colcon_core.package_identification:_identify(src/vehicle_interface) by extension 'ignore_ament_install'
[0.560s] Level 1:colcon.colcon_core.package_identification:_identify(src/vehicle_interface) by extensions ['colcon_pkg']
[0.560s] Level 1:colcon.colcon_core.package_identification:_identify(src/vehicle_interface) by extension 'colcon_pkg'
[0.560s] Level 1:colcon.colcon_core.package_identification:_identify(src/vehicle_interface) by extensions ['colcon_meta']
[0.560s] Level 1:colcon.colcon_core.package_identification:_identify(src/vehicle_interface) by extension 'colcon_meta'
[0.560s] Level 1:colcon.colcon_core.package_identification:_identify(src/vehicle_interface) by extensions ['ros']
[0.560s] Level 1:colcon.colcon_core.package_identification:_identify(src/vehicle_interface) by extension 'ros'
[0.561s] DEBUG:colcon.colcon_core.package_identification:Package 'src/vehicle_interface' with type 'ros.ament_cmake' and name 'vehicle_interface'
[0.561s] Level 1:colcon.colcon_core.package_discovery:discover_packages(recursive) using defaults
[0.562s] Level 1:colcon.colcon_core.package_discovery:discover_packages(ignore) discover
[0.562s] Level 1:colcon.colcon_core.package_discovery:discover_packages(ignore) using defaults
[0.562s] Level 1:colcon.colcon_core.package_discovery:discover_packages(path) discover
[0.562s] Level 1:colcon.colcon_core.package_discovery:discover_packages(path) using defaults
[0.628s] Level 1:colcon.colcon_core.package_discovery:discover_packages(prefix_path) check parameters
[0.628s] Level 1:colcon.colcon_core.package_discovery:discover_packages(prefix_path) discover
[0.630s] WARNING:colcon.colcon_core.prefix_path.colcon:The path '/home/wowjw/Project/Automobile/Phase4/install' in the environment variable COLCON_PREFIX_PATH doesn't exist
[0.630s] WARNING:colcon.colcon_ros.prefix_path.ament:The path '/home/wowjw/Project/Automobile/Phase4/ros2_ws/install/vehicle_controller' in the environment variable AMENT_PREFIX_PATH doesn't exist
[0.630s] WARNING:colcon.colcon_ros.prefix_path.ament:The path '/home/wowjw/Project/Automobile/Phase4/install/vehicle_controller' in the environment variable AMENT_PREFIX_PATH doesn't exist
[0.630s] WARNING:colcon.colcon_ros.prefix_path.ament:The path '/home/wowjw/Project/Automobile/Phase4/install/vehicle_interface' in the environment variable AMENT_PREFIX_PATH doesn't exist
[0.631s] WARNING:colcon.colcon_ros.prefix_path.catkin:The path '/home/wowjw/Project/Automobile/Phase4/ros2_ws/install/vehicle_controller' in the environment variable CMAKE_PREFIX_PATH doesn't exist
[0.631s] WARNING:colcon.colcon_ros.prefix_path.catkin:The path '/home/wowjw/Project/Automobile/Phase4/install/vehicle_controller' in the environment variable CMAKE_PREFIX_PATH doesn't exist
[0.631s] WARNING:colcon.colcon_ros.prefix_path.catkin:The path '/home/wowjw/Project/Automobile/Phase4/install/vehicle_interface' in the environment variable CMAKE_PREFIX_PATH doesn't exist
[0.632s] DEBUG:colcon.colcon_installed_package_information.package_discovery:Found 1 installed packages in /home/wowjw/Project/Automobile/Phase4/ros2_ws/install
[0.634s] DEBUG:colcon.colcon_installed_package_information.package_discovery:Found 324 installed packages in /opt/ros/humble
[0.637s] Level 1:colcon.colcon_core.package_discovery:discover_packages(prefix_path) using defaults
[0.716s] Level 5:colcon.colcon_core.verb:set package 'vehicle_interface' build argument 'cmake_args' from command line to 'None'
[0.716s] Level 5:colcon.colcon_core.verb:set package 'vehicle_interface' build argument 'cmake_target' from command line to 'None'
[0.716s] Level 5:colcon.colcon_core.verb:set package 'vehicle_interface' build argument 'cmake_target_skip_unavailable' from command line to 'False'
[0.716s] Level 5:colcon.colcon_core.verb:set package 'vehicle_interface' build argument 'cmake_clean_cache' from command line to 'False'
[0.716s] Level 5:colcon.colcon_core.verb:set package 'vehicle_interface' build argument 'cmake_clean_first' from command line to 'False'
[0.716s] Level 5:colcon.colcon_core.verb:set package 'vehicle_interface' build argument 'cmake_force_configure' from command line to 'False'
[0.716s] Level 5:colcon.colcon_core.verb:set package 'vehicle_interface' build argument 'ament_cmake_args' from command line to 'None'
[0.716s] Level 5:colcon.colcon_core.verb:set package 'vehicle_interface' build argument 'catkin_cmake_args' from command line to 'None'
[0.716s] Level 5:colcon.colcon_core.verb:set package 'vehicle_interface' build argument 'catkin_skip_building_tests' from command line to 'False'
[0.716s] DEBUG:colcon.colcon_core.verb:Building package 'vehicle_interface' with the following arguments: {'ament_cmake_args': None, 'build_base': '/home/wowjw/Project/Automobile/Phase4/ros2_ws/build/vehicle_interface', 'catkin_cmake_args': None, 'catkin_skip_building_tests': False, 'cmake_args': None, 'cmake_clean_cache': False, 'cmake_clean_first': False, 'cmake_force_configure': False, 'cmake_target': None, 'cmake_target_skip_unavailable': False, 'install_base': '/home/wowjw/Project/Automobile/Phase4/ros2_ws/install/vehicle_interface', 'merge_install': False, 'path': '/home/wowjw/Project/Automobile/Phase4/ros2_ws/src/vehicle_interface', 'symlink_install': False, 'test_result_base': None}
[0.717s] Level 5:colcon.colcon_core.verb:set package 'vehicle_controller' build argument 'cmake_args' from command line to 'None'
[0.717s] Level 5:colcon.colcon_core.verb:set package 'vehicle_controller' build argument 'cmake_target' from command line to 'None'
[0.717s] Level 5:colcon.colcon_core.verb:set package 'vehicle_controller' build argument 'cmake_target_skip_unavailable' from command line to 'False'
[0.717s] Level 5:colcon.colcon_core.verb:set package 'vehicle_controller' build argument 'cmake_clean_cache' from command line to 'False'
[0.717s] Level 5:colcon.colcon_core.verb:set package 'vehicle_controller' build argument 'cmake_clean_first' from command line to 'False'
[0.717s] Level 5:colcon.colcon_core.verb:set package 'vehicle_controller' build argument 'cmake_force_configure' from command line to 'False'
[0.717s] Level 5:colcon.colcon_core.verb:set package 'vehicle_controller' build argument 'ament_cmake_args' from command line to 'None'
[0.717s] Level 5:colcon.colcon_core.verb:set package 'vehicle_controller' build argument 'catkin_cmake_args' from command line to 'None'
[0.717s] Level 5:colcon.colcon_core.verb:set package 'vehicle_controller' build argument 'catkin_skip_building_tests' from command line to 'False'
[0.717s] DEBUG:colcon.colcon_core.verb:Building package 'vehicle_controller' with the following arguments: {'ament_cmake_args': None, 'build_base': '/home/wowjw/Project/Automobile/Phase4/ros2_ws/build/vehicle_controller', 'catkin_cmake_args': None, 'catkin_skip_building_tests': False, 'cmake_args': None, 'cmake_clean_cache': False, 'cmake_clean_first': False, 'cmake_force_configure': False, 'cmake_target': None, 'cmake_target_skip_unavailable': False, 'install_base': '/home/wowjw/Project/Automobile/Phase4/ros2_ws/install/vehicle_controller', 'merge_install': False, 'path': '/home/wowjw/Project/Automobile/Phase4/ros2_ws/src/vehicle_controller', 'symlink_install': False, 'test_result_base': None}
[0.718s] INFO:colcon.colcon_core.executor:Executing jobs using 'parallel' executor
[0.720s] DEBUG:colcon.colcon_parallel_executor.executor.parallel:run_until_complete
[0.720s] INFO:colcon.colcon_ros.task.ament_cmake.build:Building ROS package in '/home/wowjw/Project/Automobile/Phase4/ros2_ws/src/vehicle_interface' with build type 'ament_cmake'
[0.721s] INFO:colcon.colcon_cmake.task.cmake.build:Building CMake package in '/home/wowjw/Project/Automobile/Phase4/ros2_ws/src/vehicle_interface'
[0.724s] INFO:colcon.colcon_core.plugin_system:Skipping extension 'colcon_core.shell.bat': Not used on non-Windows systems
[0.724s] INFO:colcon.colcon_core.shell:Skip shell extension 'powershell' for command environment: Not usable outside of PowerShell
[0.725s] DEBUG:colcon.colcon_core.shell:Skip shell extension 'dsv' for command environment
[0.739s] DEBUG:colcon.colcon_core.event_handler.log_command:Invoking command in '/home/wowjw/Project/Automobile/Phase4/ros2_ws/build/vehicle_interface': CMAKE_PREFIX_PATH=${CMAKE_PREFIX_PATH}:/opt/ros/humble /usr/bin/cmake --build /home/wowjw/Project/Automobile/Phase4/ros2_ws/build/vehicle_interface -- -j6 -l6
[1.448s] DEBUG:colcon.colcon_core.event_handler.log_command:Invoked command in '/home/wowjw/Project/Automobile/Phase4/ros2_ws/build/vehicle_interface' returned '0': CMAKE_PREFIX_PATH=${CMAKE_PREFIX_PATH}:/opt/ros/humble /usr/bin/cmake --build /home/wowjw/Project/Automobile/Phase4/ros2_ws/build/vehicle_interface -- -j6 -l6
[1.470s] DEBUG:colcon.colcon_core.event_handler.log_command:Invoking command in '/home/wowjw/Project/Automobile/Phase4/ros2_ws/build/vehicle_interface': CMAKE_PREFIX_PATH=${CMAKE_PREFIX_PATH}:/opt/ros/humble /usr/bin/cmake --install /home/wowjw/Project/Automobile/Phase4/ros2_ws/build/vehicle_interface
[1.583s] Level 1:colcon.colcon_core.environment:create_environment_scripts_only(vehicle_interface)
[1.584s] DEBUG:colcon.colcon_core.event_handler.log_command:Invoked command in '/home/wowjw/Project/Automobile/Phase4/ros2_ws/build/vehicle_interface' returned '0': CMAKE_PREFIX_PATH=${CMAKE_PREFIX_PATH}:/opt/ros/humble /usr/bin/cmake --install /home/wowjw/Project/Automobile/Phase4/ros2_ws/build/vehicle_interface
[1.589s] Level 1:colcon.colcon_core.environment:checking '/home/wowjw/Project/Automobile/Phase4/ros2_ws/install/vehicle_interface' for CMake module files
[1.591s] Level 1:colcon.colcon_core.environment:checking '/home/wowjw/Project/Automobile/Phase4/ros2_ws/install/vehicle_interface' for CMake config files
[1.592s] Level 1:colcon.colcon_core.shell:create_environment_hook('vehicle_interface', 'cmake_prefix_path')
[1.593s] INFO:colcon.colcon_core.shell:Creating environment hook '/home/wowjw/Project/Automobile/Phase4/ros2_ws/install/vehicle_interface/share/vehicle_interface/hook/cmake_prefix_path.ps1'
[1.595s] INFO:colcon.colcon_core.shell:Creating environment descriptor '/home/wowjw/Project/Automobile/Phase4/ros2_ws/install/vehicle_interface/share/vehicle_interface/hook/cmake_prefix_path.dsv'
[1.596s] INFO:colcon.colcon_core.shell:Creating environment hook '/home/wowjw/Project/Automobile/Phase4/ros2_ws/install/vehicle_interface/share/vehicle_interface/hook/cmake_prefix_path.sh'
[1.598s] Level 1:colcon.colcon_core.environment:checking '/home/wowjw/Project/Automobile/Phase4/ros2_ws/install/vehicle_interface/lib'
[1.598s] Level 1:colcon.colcon_core.shell:create_environment_hook('vehicle_interface', 'ld_library_path_lib')
[1.599s] INFO:colcon.colcon_core.shell:Creating environment hook '/home/wowjw/Project/Automobile/Phase4/ros2_ws/install/vehicle_interface/share/vehicle_interface/hook/ld_library_path_lib.ps1'
[1.600s] INFO:colcon.colcon_core.shell:Creating environment descriptor '/home/wowjw/Project/Automobile/Phase4/ros2_ws/install/vehicle_interface/share/vehicle_interface/hook/ld_library_path_lib.dsv'
[1.602s] INFO:colcon.colcon_core.shell:Creating environment hook '/home/wowjw/Project/Automobile/Phase4/ros2_ws/install/vehicle_interface/share/vehicle_interface/hook/ld_library_path_lib.sh'
[1.603s] Level 1:colcon.colcon_core.environment:checking '/home/wowjw/Project/Automobile/Phase4/ros2_ws/install/vehicle_interface/bin'
[1.603s] Level 1:colcon.colcon_core.environment:checking '/home/wowjw/Project/Automobile/Phase4/ros2_ws/install/vehicle_interface/lib/pkgconfig/vehicle_interface.pc'
[1.604s] Level 1:colcon.colcon_core.environment:checking '/home/wowjw/Project/Automobile/Phase4/ros2_ws/install/vehicle_interface/lib/python3.10/site-packages'
[1.604s] Level 1:colcon.colcon_core.environment:checking '/home/wowjw/Project/Automobile/Phase4/ros2_ws/install/vehicle_interface/bin'
[1.605s] INFO:colcon.colcon_core.shell:Creating package script '/home/wowjw/Project/Automobile/Phase4/ros2_ws/install/vehicle_interface/share/vehicle_interface/package.ps1'
[1.608s] INFO:colcon.colcon_core.shell:Creating package descriptor '/home/wowjw/Project/Automobile/Phase4/ros2_ws/install/vehicle_interface/share/vehicle_interface/package.dsv'
[1.609s] INFO:colcon.colcon_core.shell:Creating package script '/home/wowjw/Project/Automobile/Phase4/ros2_ws/install/vehicle_interface/share/vehicle_interface/package.sh'
[1.611s] INFO:colcon.colcon_core.shell:Creating package script '/home/wowjw/Project/Automobile/Phase4/ros2_ws/install/vehicle_interface/share/vehicle_interface/package.bash'
[1.613s] INFO:colcon.colcon_core.shell:Creating package script '/home/wowjw/Project/Automobile/Phase4/ros2_ws/install/vehicle_interface/share/vehicle_interface/package.zsh'
[1.615s] Level 1:colcon.colcon_core.environment:create_file_with_runtime_dependencies(/home/wowjw/Project/Automobile/Phase4/ros2_ws/install/vehicle_interface/share/colcon-core/packages/vehicle_interface)
[1.616s] Level 1:colcon.colcon_core.environment:create_environment_scripts_only(vehicle_interface)
[1.616s] Level 1:colcon.colcon_core.environment:checking '/home/wowjw/Project/Automobile/Phase4/ros2_ws/install/vehicle_interface' for CMake module files
[1.619s] Level 1:colcon.colcon_core.environment:checking '/home/wowjw/Project/Automobile/Phase4/ros2_ws/install/vehicle_interface' for CMake config files
[1.619s] Level 1:colcon.colcon_core.shell:create_environment_hook('vehicle_interface', 'cmake_prefix_path')
[1.620s] INFO:colcon.colcon_core.shell:Creating environment hook '/home/wowjw/Project/Automobile/Phase4/ros2_ws/install/vehicle_interface/share/vehicle_interface/hook/cmake_prefix_path.ps1'
[1.621s] INFO:colcon.colcon_core.shell:Creating environment descriptor '/home/wowjw/Project/Automobile/Phase4/ros2_ws/install/vehicle_interface/share/vehicle_interface/hook/cmake_prefix_path.dsv'
[1.622s] INFO:colcon.colcon_core.shell:Creating environment hook '/home/wowjw/Project/Automobile/Phase4/ros2_ws/install/vehicle_interface/share/vehicle_interface/hook/cmake_prefix_path.sh'
[1.624s] Level 1:colcon.colcon_core.environment:checking '/home/wowjw/Project/Automobile/Phase4/ros2_ws/install/vehicle_interface/lib'
[1.624s] Level 1:colcon.colcon_core.shell:create_environment_hook('vehicle_interface', 'ld_library_path_lib')
[1.625s] INFO:colcon.colcon_core.shell:Creating environment hook '/home/wowjw/Project/Automobile/Phase4/ros2_ws/install/vehicle_interface/share/vehicle_interface/hook/ld_library_path_lib.ps1'
[1.626s] INFO:colcon.colcon_core.shell:Creating environment descriptor '/home/wowjw/Project/Automobile/Phase4/ros2_ws/install/vehicle_interface/share/vehicle_interface/hook/ld_library_path_lib.dsv'
[1.627s] INFO:colcon.colcon_core.shell:Creating environment hook '/home/wowjw/Project/Automobile/Phase4/ros2_ws/install/vehicle_interface/share/vehicle_interface/hook/ld_library_path_lib.sh'
[1.628s] Level 1:colcon.colcon_core.environment:checking '/home/wowjw/Project/Automobile/Phase4/ros2_ws/install/vehicle_interface/bin'
[1.628s] Level 1:colcon.colcon_core.environment:checking '/home/wowjw/Project/Automobile/Phase4/ros2_ws/install/vehicle_interface/lib/pkgconfig/vehicle_interface.pc'
[1.628s] Level 1:colcon.colcon_core.environment:checking '/home/wowjw/Project/Automobile/Phase4/ros2_ws/install/vehicle_interface/lib/python3.10/site-packages'
[1.629s] Level 1:colcon.colcon_core.environment:checking '/home/wowjw/Project/Automobile/Phase4/ros2_ws/install/vehicle_interface/bin'
[1.630s] INFO:colcon.colcon_core.shell:Creating package script '/home/wowjw/Project/Automobile/Phase4/ros2_ws/install/vehicle_interface/share/vehicle_interface/package.ps1'
[1.632s] INFO:colcon.colcon_core.shell:Creating package descriptor '/home/wowjw/Project/Automobile/Phase4/ros2_ws/install/vehicle_interface/share/vehicle_interface/package.dsv'
[1.633s] INFO:colcon.colcon_core.shell:Creating package script '/home/wowjw/Project/Automobile/Phase4/ros2_ws/install/vehicle_interface/share/vehicle_interface/package.sh'
[1.634s] INFO:colcon.colcon_core.shell:Creating package script '/home/wowjw/Project/Automobile/Phase4/ros2_ws/install/vehicle_interface/share/vehicle_interface/package.bash'
[1.635s] INFO:colcon.colcon_core.shell:Creating package script '/home/wowjw/Project/Automobile/Phase4/ros2_ws/install/vehicle_interface/share/vehicle_interface/package.zsh'
[1.636s] Level 1:colcon.colcon_core.environment:create_file_with_runtime_dependencies(/home/wowjw/Project/Automobile/Phase4/ros2_ws/install/vehicle_interface/share/colcon-core/packages/vehicle_interface)
[1.637s] INFO:colcon.colcon_ros.task.ament_cmake.build:Building ROS package in '/home/wowjw/Project/Automobile/Phase4/ros2_ws/src/vehicle_controller' with build type 'ament_cmake'
[1.638s] INFO:colcon.colcon_cmake.task.cmake.build:Building CMake package in '/home/wowjw/Project/Automobile/Phase4/ros2_ws/src/vehicle_controller'
[1.639s] INFO:colcon.colcon_core.shell:Skip shell extension 'powershell' for command environment: Not usable outside of PowerShell
[1.639s] DEBUG:colcon.colcon_core.shell:Skip shell extension 'dsv' for command environment
[1.661s] DEBUG:colcon.colcon_core.event_handler.log_command:Invoking command in '/home/wowjw/Project/Automobile/Phase4/ros2_ws/build/vehicle_controller': CMAKE_PREFIX_PATH=/home/wowjw/Project/Automobile/Phase4/ros2_ws/install/vehicle_interface:/home/wowjw/Project/Automobile/Phase4/ros2_ws/install/vehicle_controller:/home/wowjw/Project/Automobile/Phase4/install/vehicle_controller:/home/wowjw/Project/Automobile/Phase4/install/vehicle_interface:/opt/ros/humble LD_LIBRARY_PATH=/home/wowjw/Project/Automobile/Phase4/ros2_ws/install/vehicle_interface/lib:/home/wowjw/Project/Automobile/Phase4/ros2_ws/install/vehicle_controller/lib:/home/wowjw/Project/Automobile/Phase4/install/vehicle_controller/lib:/home/wowjw/Project/Automobile/Phase4/install/vehicle_interface/lib:/usr/local/cuda-12.6/lib64:/opt/ros/humble/opt/rviz_ogre_vendor/lib:/opt/ros/humble/lib/aarch64-linux-gnu:/opt/ros/humble/lib:/usr/local/cuda-12.6/lib64 /usr/bin/cmake /home/wowjw/Project/Automobile/Phase4/ros2_ws/src/vehicle_controller -DCMAKE_INSTALL_PREFIX=/home/wowjw/Project/Automobile/Phase4/ros2_ws/install/vehicle_controller
[5.320s] DEBUG:colcon.colcon_core.event_handler.log_command:Invoked command in '/home/wowjw/Project/Automobile/Phase4/ros2_ws/build/vehicle_controller' returned '0': CMAKE_PREFIX_PATH=/home/wowjw/Project/Automobile/Phase4/ros2_ws/install/vehicle_interface:/home/wowjw/Project/Automobile/Phase4/ros2_ws/install/vehicle_controller:/home/wowjw/Project/Automobile/Phase4/install/vehicle_controller:/home/wowjw/Project/Automobile/Phase4/install/vehicle_interface:/opt/ros/humble LD_LIBRARY_PATH=/home/wowjw/Project/Automobile/Phase4/ros2_ws/install/vehicle_interface/lib:/home/wowjw/Project/Automobile/Phase4/ros2_ws/install/vehicle_controller/lib:/home/wowjw/Project/Automobile/Phase4/install/vehicle_controller/lib:/home/wowjw/Project/Automobile/Phase4/install/vehicle_interface/lib:/usr/local/cuda-12.6/lib64:/opt/ros/humble/opt/rviz_ogre_vendor/lib:/opt/ros/humble/lib/aarch64-linux-gnu:/opt/ros/humble/lib:/usr/local/cuda-12.6/lib64 /usr/bin/cmake /home/wowjw/Project/Automobile/Phase4/ros2_ws/src/vehicle_controller -DCMAKE_INSTALL_PREFIX=/home/wowjw/Project/Automobile/Phase4/ros2_ws/install/vehicle_controller
[5.325s] DEBUG:colcon.colcon_core.event_handler.log_command:Invoking command in '/home/wowjw/Project/Automobile/Phase4/ros2_ws/build/vehicle_controller': CMAKE_PREFIX_PATH=/home/wowjw/Project/Automobile/Phase4/ros2_ws/install/vehicle_interface:/home/wowjw/Project/Automobile/Phase4/ros2_ws/install/vehicle_controller:/home/wowjw/Project/Automobile/Phase4/install/vehicle_controller:/home/wowjw/Project/Automobile/Phase4/install/vehicle_interface:/opt/ros/humble LD_LIBRARY_PATH=/home/wowjw/Project/Automobile/Phase4/ros2_ws/install/vehicle_interface/lib:/home/wowjw/Project/Automobile/Phase4/ros2_ws/install/vehicle_controller/lib:/home/wowjw/Project/Automobile/Phase4/install/vehicle_controller/lib:/home/wowjw/Project/Automobile/Phase4/install/vehicle_interface/lib:/usr/local/cuda-12.6/lib64:/opt/ros/humble/opt/rviz_ogre_vendor/lib:/opt/ros/humble/lib/aarch64-linux-gnu:/opt/ros/humble/lib:/usr/local/cuda-12.6/lib64 /usr/bin/cmake --build /home/wowjw/Project/Automobile/Phase4/ros2_ws/build/vehicle_controller -- -j6 -l6
[30.783s] DEBUG:colcon.colcon_core.event_handler.log_command:Invoked command in '/home/wowjw/Project/Automobile/Phase4/ros2_ws/build/vehicle_controller' returned '0': CMAKE_PREFIX_PATH=/home/wowjw/Project/Automobile/Phase4/ros2_ws/install/vehicle_interface:/home/wowjw/Project/Automobile/Phase4/ros2_ws/install/vehicle_controller:/home/wowjw/Project/Automobile/Phase4/install/vehicle_controller:/home/wowjw/Project/Automobile/Phase4/install/vehicle_interface:/opt/ros/humble LD_LIBRARY_PATH=/home/wowjw/Project/Automobile/Phase4/ros2_ws/install/vehicle_interface/lib:/home/wowjw/Project/Automobile/Phase4/ros2_ws/install/vehicle_controller/lib:/home/wowjw/Project/Automobile/Phase4/install/vehicle_controller/lib:/home/wowjw/Project/Automobile/Phase4/install/vehicle_interface/lib:/usr/local/cuda-12.6/lib64:/opt/ros/humble/opt/rviz_ogre_vendor/lib:/opt/ros/humble/lib/aarch64-linux-gnu:/opt/ros/humble/lib:/usr/local/cuda-12.6/lib64 /usr/bin/cmake --build /home/wowjw/Project/Automobile/Phase4/ros2_ws/build/vehicle_controller -- -j6 -l6
[30.788s] DEBUG:colcon.colcon_core.event_handler.log_command:Invoking command in '/home/wowjw/Project/Automobile/Phase4/ros2_ws/build/vehicle_controller': CMAKE_PREFIX_PATH=/home/wowjw/Project/Automobile/Phase4/ros2_ws/install/vehicle_interface:/home/wowjw/Project/Automobile/Phase4/ros2_ws/install/vehicle_controller:/home/wowjw/Project/Automobile/Phase4/install/vehicle_controller:/home/wowjw/Project/Automobile/Phase4/install/vehicle_interface:/opt/ros/humble LD_LIBRARY_PATH=/home/wowjw/Project/Automobile/Phase4/ros2_ws/install/vehicle_interface/lib:/home/wowjw/Project/Automobile/Phase4/ros2_ws/install/vehicle_controller/lib:/home/wowjw/Project/Automobile/Phase4/install/vehicle_controller/lib:/home/wowjw/Project/Automobile/Phase4/install/vehicle_interface/lib:/usr/local/cuda-12.6/lib64:/opt/ros/humble/opt/rviz_ogre_vendor/lib:/opt/ros/humble/lib/aarch64-linux-gnu:/opt/ros/humble/lib:/usr/local/cuda-12.6/lib64 /usr/bin/cmake --install /home/wowjw/Project/Automobile/Phase4/ros2_ws/build/vehicle_controller
[30.848s] Level 1:colcon.colcon_core.environment:create_environment_scripts_only(vehicle_controller)
[30.850s] Level 1:colcon.colcon_core.environment:checking '/home/wowjw/Project/Automobile/Phase4/ros2_ws/install/vehicle_controller' for CMake module files
[30.851s] DEBUG:colcon.colcon_core.event_handler.log_command:Invoked command in '/home/wowjw/Project/Automobile/Phase4/ros2_ws/build/vehicle_controller' returned '0': CMAKE_PREFIX_PATH=/home/wowjw/Project/Automobile/Phase4/ros2_ws/install/vehicle_interface:/home/wowjw/Project/Automobile/Phase4/ros2_ws/install/vehicle_controller:/home/wowjw/Project/Automobile/Phase4/install/vehicle_controller:/home/wowjw/Project/Automobile/Phase4/install/vehicle_interface:/opt/ros/humble LD_LIBRARY_PATH=/home/wowjw/Project/Automobile/Phase4/ros2_ws/install/vehicle_interface/lib:/home/wowjw/Project/Automobile/Phase4/ros2_ws/install/vehicle_controller/lib:/home/wowjw/Project/Automobile/Phase4/install/vehicle_controller/lib:/home/wowjw/Project/Automobile/Phase4/install/vehicle_interface/lib:/usr/local/cuda-12.6/lib64:/opt/ros/humble/opt/rviz_ogre_vendor/lib:/opt/ros/humble/lib/aarch64-linux-gnu:/opt/ros/humble/lib:/usr/local/cuda-12.6/lib64 /usr/bin/cmake --install /home/wowjw/Project/Automobile/Phase4/ros2_ws/build/vehicle_controller
[30.853s] Level 1:colcon.colcon_core.environment:checking '/home/wowjw/Project/Automobile/Phase4/ros2_ws/install/vehicle_controller' for CMake config files
[30.854s] Level 1:colcon.colcon_core.shell:create_environment_hook('vehicle_controller', 'cmake_prefix_path')
[30.854s] INFO:colcon.colcon_core.shell:Creating environment hook '/home/wowjw/Project/Automobile/Phase4/ros2_ws/install/vehicle_controller/share/vehicle_controller/hook/cmake_prefix_path.ps1'
[30.856s] INFO:colcon.colcon_core.shell:Creating environment descriptor '/home/wowjw/Project/Automobile/Phase4/ros2_ws/install/vehicle_controller/share/vehicle_controller/hook/cmake_prefix_path.dsv'
[30.857s] INFO:colcon.colcon_core.shell:Creating environment hook '/home/wowjw/Project/Automobile/Phase4/ros2_ws/install/vehicle_controller/share/vehicle_controller/hook/cmake_prefix_path.sh'
[30.859s] Level 1:colcon.colcon_core.environment:checking '/home/wowjw/Project/Automobile/Phase4/ros2_ws/install/vehicle_controller/lib'
[30.860s] Level 1:colcon.colcon_core.shell:create_environment_hook('vehicle_controller', 'ld_library_path_lib')
[30.861s] INFO:colcon.colcon_core.shell:Creating environment hook '/home/wowjw/Project/Automobile/Phase4/ros2_ws/install/vehicle_controller/share/vehicle_controller/hook/ld_library_path_lib.ps1'
[30.862s] INFO:colcon.colcon_core.shell:Creating environment descriptor '/home/wowjw/Project/Automobile/Phase4/ros2_ws/install/vehicle_controller/share/vehicle_controller/hook/ld_library_path_lib.dsv'
[30.863s] INFO:colcon.colcon_core.shell:Creating environment hook '/home/wowjw/Project/Automobile/Phase4/ros2_ws/install/vehicle_controller/share/vehicle_controller/hook/ld_library_path_lib.sh'
[30.864s] Level 1:colcon.colcon_core.environment:checking '/home/wowjw/Project/Automobile/Phase4/ros2_ws/install/vehicle_controller/bin'
[30.865s] Level 1:colcon.colcon_core.environment:checking '/home/wowjw/Project/Automobile/Phase4/ros2_ws/install/vehicle_controller/lib/pkgconfig/vehicle_controller.pc'
[30.866s] Level 1:colcon.colcon_core.environment:checking '/home/wowjw/Project/Automobile/Phase4/ros2_ws/install/vehicle_controller/lib/python3.10/site-packages'
[30.867s] Level 1:colcon.colcon_core.environment:checking '/home/wowjw/Project/Automobile/Phase4/ros2_ws/install/vehicle_controller/bin'
[30.868s] INFO:colcon.colcon_core.shell:Creating package script '/home/wowjw/Project/Automobile/Phase4/ros2_ws/install/vehicle_controller/share/vehicle_controller/package.ps1'
[30.870s] INFO:colcon.colcon_core.shell:Creating package descriptor '/home/wowjw/Project/Automobile/Phase4/ros2_ws/install/vehicle_controller/share/vehicle_controller/package.dsv'
[30.872s] INFO:colcon.colcon_core.shell:Creating package script '/home/wowjw/Project/Automobile/Phase4/ros2_ws/install/vehicle_controller/share/vehicle_controller/package.sh'
[30.873s] INFO:colcon.colcon_core.shell:Creating package script '/home/wowjw/Project/Automobile/Phase4/ros2_ws/install/vehicle_controller/share/vehicle_controller/package.bash'
[30.874s] INFO:colcon.colcon_core.shell:Creating package script '/home/wowjw/Project/Automobile/Phase4/ros2_ws/install/vehicle_controller/share/vehicle_controller/package.zsh'
[30.876s] Level 1:colcon.colcon_core.environment:create_file_with_runtime_dependencies(/home/wowjw/Project/Automobile/Phase4/ros2_ws/install/vehicle_controller/share/colcon-core/packages/vehicle_controller)
[30.878s] Level 1:colcon.colcon_core.environment:create_environment_scripts_only(vehicle_controller)
[30.879s] Level 1:colcon.colcon_core.environment:checking '/home/wowjw/Project/Automobile/Phase4/ros2_ws/install/vehicle_controller' for CMake module files
[30.880s] Level 1:colcon.colcon_core.environment:checking '/home/wowjw/Project/Automobile/Phase4/ros2_ws/install/vehicle_controller' for CMake config files
[30.880s] Level 1:colcon.colcon_core.shell:create_environment_hook('vehicle_controller', 'cmake_prefix_path')
[30.881s] INFO:colcon.colcon_core.shell:Creating environment hook '/home/wowjw/Project/Automobile/Phase4/ros2_ws/install/vehicle_controller/share/vehicle_controller/hook/cmake_prefix_path.ps1'
[30.881s] INFO:colcon.colcon_core.shell:Creating environment descriptor '/home/wowjw/Project/Automobile/Phase4/ros2_ws/install/vehicle_controller/share/vehicle_controller/hook/cmake_prefix_path.dsv'
[30.883s] INFO:colcon.colcon_core.shell:Creating environment hook '/home/wowjw/Project/Automobile/Phase4/ros2_ws/install/vehicle_controller/share/vehicle_controller/hook/cmake_prefix_path.sh'
[30.884s] Level 1:colcon.colcon_core.environment:checking '/home/wowjw/Project/Automobile/Phase4/ros2_ws/install/vehicle_controller/lib'
[30.884s] Level 1:colcon.colcon_core.shell:create_environment_hook('vehicle_controller', 'ld_library_path_lib')
[30.885s] INFO:colcon.colcon_core.shell:Creating environment hook '/home/wowjw/Project/Automobile/Phase4/ros2_ws/install/vehicle_controller/share/vehicle_controller/hook/ld_library_path_lib.ps1'
[30.886s] INFO:colcon.colcon_core.shell:Creating environment descriptor '/home/wowjw/Project/Automobile/Phase4/ros2_ws/install/vehicle_controller/share/vehicle_controller/hook/ld_library_path_lib.dsv'
[30.886s] INFO:colcon.colcon_core.shell:Creating environment hook '/home/wowjw/Project/Automobile/Phase4/ros2_ws/install/vehicle_controller/share/vehicle_controller/hook/ld_library_path_lib.sh'
[30.887s] Level 1:colcon.colcon_core.environment:checking '/home/wowjw/Project/Automobile/Phase4/ros2_ws/install/vehicle_controller/bin'
[30.888s] Level 1:colcon.colcon_core.environment:checking '/home/wowjw/Project/Automobile/Phase4/ros2_ws/install/vehicle_controller/lib/pkgconfig/vehicle_controller.pc'
[30.888s] Level 1:colcon.colcon_core.environment:checking '/home/wowjw/Project/Automobile/Phase4/ros2_ws/install/vehicle_controller/lib/python3.10/site-packages'
[30.890s] Level 1:colcon.colcon_core.environment:checking '/home/wowjw/Project/Automobile/Phase4/ros2_ws/install/vehicle_controller/bin'
[30.891s] INFO:colcon.colcon_core.shell:Creating package script '/home/wowjw/Project/Automobile/Phase4/ros2_ws/install/vehicle_controller/share/vehicle_controller/package.ps1'
[30.893s] INFO:colcon.colcon_core.shell:Creating package descriptor '/home/wowjw/Project/Automobile/Phase4/ros2_ws/install/vehicle_controller/share/vehicle_controller/package.dsv'
[30.894s] INFO:colcon.colcon_core.shell:Creating package script '/home/wowjw/Project/Automobile/Phase4/ros2_ws/install/vehicle_controller/share/vehicle_controller/package.sh'
[30.894s] INFO:colcon.colcon_core.shell:Creating package script '/home/wowjw/Project/Automobile/Phase4/ros2_ws/install/vehicle_controller/share/vehicle_controller/package.bash'
[30.895s] INFO:colcon.colcon_core.shell:Creating package script '/home/wowjw/Project/Automobile/Phase4/ros2_ws/install/vehicle_controller/share/vehicle_controller/package.zsh'
[30.896s] Level 1:colcon.colcon_core.environment:create_file_with_runtime_dependencies(/home/wowjw/Project/Automobile/Phase4/ros2_ws/install/vehicle_controller/share/colcon-core/packages/vehicle_controller)
[30.897s] DEBUG:colcon.colcon_parallel_executor.executor.parallel:closing loop
[30.898s] DEBUG:colcon.colcon_parallel_executor.executor.parallel:loop closed
[30.898s] DEBUG:colcon.colcon_parallel_executor.executor.parallel:run_until_complete finished with '0'
[30.898s] DEBUG:colcon.colcon_core.event_reactor:joining thread
[30.917s] INFO:colcon.colcon_core.plugin_system:Skipping extension 'colcon_notification.desktop_notification.terminal_notifier': Not used on non-Darwin systems
[30.918s] INFO:colcon.colcon_core.plugin_system:Skipping extension 'colcon_notification.desktop_notification.win32': Not used on non-Windows systems
[30.918s] INFO:colcon.colcon_notification.desktop_notification:Sending desktop notification using 'notify2'
[30.946s] DEBUG:colcon.colcon_notification.desktop_notification.notify2:Failed to initialize notify2: org.freedesktop.DBus.Error.Spawn.ChildExited: Process org.freedesktop.Notifications exited with status 1
[30.946s] DEBUG:colcon.colcon_core.event_reactor:joined thread
[30.947s] INFO:colcon.colcon_core.shell:Creating prefix script '/home/wowjw/Project/Automobile/Phase4/ros2_ws/install/local_setup.ps1'
[30.951s] INFO:colcon.colcon_core.shell:Creating prefix util module '/home/wowjw/Project/Automobile/Phase4/ros2_ws/install/_local_setup_util_ps1.py'
[30.953s] INFO:colcon.colcon_core.shell:Creating prefix chain script '/home/wowjw/Project/Automobile/Phase4/ros2_ws/install/setup.ps1'
[30.957s] INFO:colcon.colcon_core.shell:Creating prefix script '/home/wowjw/Project/Automobile/Phase4/ros2_ws/install/local_setup.sh'
[30.958s] INFO:colcon.colcon_core.shell:Creating prefix util module '/home/wowjw/Project/Automobile/Phase4/ros2_ws/install/_local_setup_util_sh.py'
[30.959s] INFO:colcon.colcon_core.shell:Creating prefix chain script '/home/wowjw/Project/Automobile/Phase4/ros2_ws/install/setup.sh'
[30.962s] INFO:colcon.colcon_core.shell:Creating prefix script '/home/wowjw/Project/Automobile/Phase4/ros2_ws/install/local_setup.bash'
[30.963s] INFO:colcon.colcon_core.shell:Creating prefix chain script '/home/wowjw/Project/Automobile/Phase4/ros2_ws/install/setup.bash'
[30.965s] INFO:colcon.colcon_core.shell:Creating prefix script '/home/wowjw/Project/Automobile/Phase4/ros2_ws/install/local_setup.zsh'
[30.967s] INFO:colcon.colcon_core.shell:Creating prefix chain script '/home/wowjw/Project/Automobile/Phase4/ros2_ws/install/setup.zsh'
