[0.021s] Invoking command in '/home/wowjw/Project/Automobile/Phase4/ros2_ws/build/vehicle_controller': CMAKE_PREFIX_PATH=/home/wowjw/Project/Automobile/Phase4/ros2_ws/install/vehicle_interface:/home/wowjw/Project/Automobile/Phase4/ros2_ws/install/vehicle_controller:/home/wowjw/Project/Automobile/Phase4/install/vehicle_controller:/home/wowjw/Project/Automobile/Phase4/install/vehicle_interface:/opt/ros/humble LD_LIBRARY_PATH=/home/wowjw/Project/Automobile/Phase4/ros2_ws/install/vehicle_interface/lib:/home/wowjw/Project/Automobile/Phase4/ros2_ws/install/vehicle_controller/lib:/home/wowjw/Project/Automobile/Phase4/install/vehicle_controller/lib:/home/wowjw/Project/Automobile/Phase4/install/vehicle_interface/lib:/usr/local/cuda-12.6/lib64:/opt/ros/humble/opt/rviz_ogre_vendor/lib:/opt/ros/humble/lib/aarch64-linux-gnu:/opt/ros/humble/lib:/usr/local/cuda-12.6/lib64 /usr/bin/cmake --build /home/wowjw/Project/Automobile/Phase4/ros2_ws/build/vehicle_controller -- -j6 -l6
[0.073s] -- Found rosidl_default_generators: 1.2.0 (/opt/ros/humble/share/rosidl_default_generators/cmake)
[0.074s] -- Found ament_cmake_core: 1.3.12 (/opt/ros/humble/share/ament_cmake_core/cmake)
[0.314s] -- Using all available rosidl_typesupport_c: rosidl_typesupport_fastrtps_c;rosidl_typesupport_introspection_c
[0.324s] -- Found rosidl_adapter: 3.1.8 (/opt/ros/humble/share/rosidl_adapter/cmake)
[0.417s] -- Using all available rosidl_typesupport_cpp: rosidl_typesupport_fastrtps_cpp;rosidl_typesupport_introspection_cpp
[0.460s] -- Found rclcpp: 16.0.17 (/opt/ros/humble/share/rclcpp/cmake)
[0.519s] -- Found rmw_implementation_cmake: 6.1.2 (/opt/ros/humble/share/rmw_implementation_cmake/cmake)
[0.521s] -- Found rmw_fastrtps_cpp: 6.2.9 (/opt/ros/humble/share/rmw_fastrtps_cpp/cmake)
[0.692s] -- Using RMW implementation 'rmw_fastrtps_cpp' as default
[0.771s] -- Found vehicle_interface: 0.0.0 (/home/wowjw/Project/Automobile/Phase4/ros2_ws/install/vehicle_interface/share/vehicle_interface/cmake)
[1.275s] -- Found ament_cmake_ros: 0.10.0 (/opt/ros/humble/share/ament_cmake_ros/cmake)
[1.659s] -- Using all available rosidl_typesupport_c: rosidl_typesupport_fastrtps_c;rosidl_typesupport_introspection_c
[2.166s] -- Using all available rosidl_typesupport_cpp: rosidl_typesupport_fastrtps_cpp;rosidl_typesupport_introspection_cpp
[2.218s] -- Found PythonInterp: /usr/bin/python3 (found suitable version "3.10.12", minimum required is "3.6") 
[2.221s] -- Found python_cmake_module: 0.10.0 (/opt/ros/humble/share/python_cmake_module/cmake)
[2.283s] -- Found PythonLibs: /usr/lib/aarch64-linux-gnu/libpython3.10.so (found suitable version "3.10.12", minimum required is "3.5") 
[2.283s] -- Using PYTHON_EXECUTABLE: /usr/bin/python3
[2.284s] -- Using PYTHON_INCLUDE_DIRS: /usr/include/python3.10
[2.284s] -- Using PYTHON_LIBRARIES: /usr/lib/aarch64-linux-gnu/libpython3.10.so
[2.329s] -- Found PythonExtra: .so  
[2.412s] [0mCMake Deprecation Warning at /opt/ros/humble/share/rosidl_cmake/cmake/rosidl_target_interfaces.cmake:32 (message):
[2.413s]   Use rosidl_get_typesupport_target() and target_link_libraries() instead of
[2.413s]   rosidl_target_interfaces()
[2.413s] Call Stack (most recent call first):
[2.414s]   CMakeLists.txt:23 (rosidl_target_interfaces)
[2.414s] 
[2.414s] [0m
[2.416s] -- Found ament_lint_auto: 0.12.14 (/opt/ros/humble/share/ament_lint_auto/cmake)
[2.445s] -- Added test 'cppcheck' to perform static code analysis on C / C++ code
[2.446s] -- Configured cppcheck include dirs: /home/wowjw/Project/Automobile/Phase4/ros2_ws/src/vehicle_controller/include
[2.446s] -- Configured cppcheck exclude dirs and/or files: 
[2.447s] -- Added test 'lint_cmake' to check CMake code style
[2.450s] -- Added test 'uncrustify' to check C / C++ code style
[2.450s] -- Configured uncrustify additional arguments: 
[2.450s] -- Added test 'xmllint' to check XML markup files
[2.455s] -- Configuring done
[2.521s] -- Generating done
[2.543s] -- Build files have been written to: /home/wowjw/Project/Automobile/Phase4/ros2_ws/build/vehicle_controller
[2.609s] [35m[1mConsolidate compiler generated dependencies of target vehicle_controller__rosidl_generator_c[0m
[2.621s] [  2%] Built target vehicle_controller__cpp
[2.637s] [  5%] Built target ament_cmake_python_copy_vehicle_controller
[2.637s] [ 11%] Built target vehicle_controller__rosidl_generator_c
[2.639s] [35m[1mConsolidate compiler generated dependencies of target vehicle_controller__rosidl_typesupport_fastrtps_cpp[0m
[2.639s] [35m[1mConsolidate compiler generated dependencies of target vehicle_controller__rosidl_typesupport_cpp[0m
[2.640s] [35m[1mConsolidate compiler generated dependencies of target vehicle_controller__rosidl_typesupport_introspection_cpp[0m
[2.655s] [35m[1mConsolidate compiler generated dependencies of target vehicle_controller__rosidl_typesupport_introspection_c[0m
[2.655s] [35m[1mConsolidate compiler generated dependencies of target vehicle_controller__rosidl_typesupport_fastrtps_c[0m
[2.663s] [ 23%] Built target vehicle_controller__rosidl_typesupport_cpp
[2.664s] [ 29%] Built target vehicle_controller__rosidl_typesupport_introspection_cpp
[2.682s] [ 47%] Built target vehicle_controller__rosidl_typesupport_fastrtps_c
[2.682s] [ 47%] Built target vehicle_controller__rosidl_typesupport_introspection_c
[2.682s] [35m[1mConsolidate compiler generated dependencies of target vehicle_controller__rosidl_typesupport_c[0m
[2.683s] [ 55%] Built target vehicle_controller__rosidl_typesupport_fastrtps_cpp
[2.706s] [ 64%] Built target vehicle_controller__rosidl_typesupport_c
[2.745s] [ 64%] Built target vehicle_controller
[2.765s] [35m[1mConsolidate compiler generated dependencies of target vehicle_controller_node[0m
[2.781s] [ 67%] [34m[1mGenerating Python code for ROS interfaces[0m
[2.805s] [ 76%] Built target vehicle_controller_node
[3.114s] running egg_info
[3.115s] creating vehicle_controller.egg-info
[3.115s] writing vehicle_controller.egg-info/PKG-INFO
[3.116s] writing dependency_links to vehicle_controller.egg-info/dependency_links.txt
[3.116s] writing top-level names to vehicle_controller.egg-info/top_level.txt
[3.116s] writing manifest file 'vehicle_controller.egg-info/SOURCES.txt'
[3.120s] reading manifest file 'vehicle_controller.egg-info/SOURCES.txt'
[3.121s] writing manifest file 'vehicle_controller.egg-info/SOURCES.txt'
[3.183s] [ 76%] Built target ament_cmake_python_build_vehicle_controller_egg
[3.324s] [ 76%] Built target vehicle_controller__py
[3.366s] [ 79%] [32mBuilding C object CMakeFiles/vehicle_controller__rosidl_generator_py.dir/rosidl_generator_py/vehicle_controller/msg/_vehicle_pose_s.c.o[0m
[3.561s] [ 82%] [32m[1mLinking C shared library rosidl_generator_py/vehicle_controller/libvehicle_controller__rosidl_generator_py.so[0m
[3.632s] [ 82%] Built target vehicle_controller__rosidl_generator_py
[3.669s] [ 88%] [32mBuilding C object CMakeFiles/vehicle_controller__rosidl_typesupport_c__pyext.dir/rosidl_generator_py/vehicle_controller/_vehicle_controller_s.ep.rosidl_typesupport_c.c.o[0m
[3.670s] [ 88%] [32mBuilding C object CMakeFiles/vehicle_controller__rosidl_typesupport_fastrtps_c__pyext.dir/rosidl_generator_py/vehicle_controller/_vehicle_controller_s.ep.rosidl_typesupport_fastrtps_c.c.o[0m
[3.675s] [ 91%] [32mBuilding C object CMakeFiles/vehicle_controller__rosidl_typesupport_introspection_c__pyext.dir/rosidl_generator_py/vehicle_controller/_vehicle_controller_s.ep.rosidl_typesupport_introspection_c.c.o[0m
[3.833s] [ 94%] [32m[1mLinking C shared library rosidl_generator_py/vehicle_controller/vehicle_controller_s__rosidl_typesupport_c.cpython-310-aarch64-linux-gnu.so[0m
[3.838s] [ 97%] [32m[1mLinking C shared library rosidl_generator_py/vehicle_controller/vehicle_controller_s__rosidl_typesupport_fastrtps_c.cpython-310-aarch64-linux-gnu.so[0m
[3.842s] [100%] [32m[1mLinking C shared library rosidl_generator_py/vehicle_controller/vehicle_controller_s__rosidl_typesupport_introspection_c.cpython-310-aarch64-linux-gnu.so[0m
[3.900s] [100%] Built target vehicle_controller__rosidl_typesupport_c__pyext
[3.901s] [100%] Built target vehicle_controller__rosidl_typesupport_fastrtps_c__pyext
[3.904s] [100%] Built target vehicle_controller__rosidl_typesupport_introspection_c__pyext
[3.931s] Invoked command in '/home/wowjw/Project/Automobile/Phase4/ros2_ws/build/vehicle_controller' returned '0': CMAKE_PREFIX_PATH=/home/wowjw/Project/Automobile/Phase4/ros2_ws/install/vehicle_interface:/home/wowjw/Project/Automobile/Phase4/ros2_ws/install/vehicle_controller:/home/wowjw/Project/Automobile/Phase4/install/vehicle_controller:/home/wowjw/Project/Automobile/Phase4/install/vehicle_interface:/opt/ros/humble LD_LIBRARY_PATH=/home/wowjw/Project/Automobile/Phase4/ros2_ws/install/vehicle_interface/lib:/home/wowjw/Project/Automobile/Phase4/ros2_ws/install/vehicle_controller/lib:/home/wowjw/Project/Automobile/Phase4/install/vehicle_controller/lib:/home/wowjw/Project/Automobile/Phase4/install/vehicle_interface/lib:/usr/local/cuda-12.6/lib64:/opt/ros/humble/opt/rviz_ogre_vendor/lib:/opt/ros/humble/lib/aarch64-linux-gnu:/opt/ros/humble/lib:/usr/local/cuda-12.6/lib64 /usr/bin/cmake --build /home/wowjw/Project/Automobile/Phase4/ros2_ws/build/vehicle_controller -- -j6 -l6
[3.936s] Invoking command in '/home/wowjw/Project/Automobile/Phase4/ros2_ws/build/vehicle_controller': CMAKE_PREFIX_PATH=/home/wowjw/Project/Automobile/Phase4/ros2_ws/install/vehicle_interface:/home/wowjw/Project/Automobile/Phase4/ros2_ws/install/vehicle_controller:/home/wowjw/Project/Automobile/Phase4/install/vehicle_controller:/home/wowjw/Project/Automobile/Phase4/install/vehicle_interface:/opt/ros/humble LD_LIBRARY_PATH=/home/wowjw/Project/Automobile/Phase4/ros2_ws/install/vehicle_interface/lib:/home/wowjw/Project/Automobile/Phase4/ros2_ws/install/vehicle_controller/lib:/home/wowjw/Project/Automobile/Phase4/install/vehicle_controller/lib:/home/wowjw/Project/Automobile/Phase4/install/vehicle_interface/lib:/usr/local/cuda-12.6/lib64:/opt/ros/humble/opt/rviz_ogre_vendor/lib:/opt/ros/humble/lib/aarch64-linux-gnu:/opt/ros/humble/lib:/usr/local/cuda-12.6/lib64 /usr/bin/cmake --install /home/wowjw/Project/Automobile/Phase4/ros2_ws/build/vehicle_controller
[3.953s] -- Install configuration: ""
[3.953s] -- Up-to-date: /home/wowjw/Project/Automobile/Phase4/ros2_ws/install/vehicle_controller/share/ament_index/resource_index/rosidl_interfaces/vehicle_controller
[3.954s] -- Up-to-date: /home/wowjw/Project/Automobile/Phase4/ros2_ws/install/vehicle_controller/include/vehicle_controller/vehicle_controller
[3.954s] -- Up-to-date: /home/wowjw/Project/Automobile/Phase4/ros2_ws/install/vehicle_controller/include/vehicle_controller/vehicle_controller/msg
[3.954s] -- Up-to-date: /home/wowjw/Project/Automobile/Phase4/ros2_ws/install/vehicle_controller/include/vehicle_controller/vehicle_controller/msg/vehicle_pose.h
[3.954s] -- Up-to-date: /home/wowjw/Project/Automobile/Phase4/ros2_ws/install/vehicle_controller/include/vehicle_controller/vehicle_controller/msg/detail
[3.955s] -- Up-to-date: /home/wowjw/Project/Automobile/Phase4/ros2_ws/install/vehicle_controller/include/vehicle_controller/vehicle_controller/msg/detail/vehicle_pose__functions.c
[3.955s] -- Up-to-date: /home/wowjw/Project/Automobile/Phase4/ros2_ws/install/vehicle_controller/include/vehicle_controller/vehicle_controller/msg/detail/vehicle_pose__struct.h
[3.955s] -- Up-to-date: /home/wowjw/Project/Automobile/Phase4/ros2_ws/install/vehicle_controller/include/vehicle_controller/vehicle_controller/msg/detail/vehicle_pose__functions.h
[3.955s] -- Up-to-date: /home/wowjw/Project/Automobile/Phase4/ros2_ws/install/vehicle_controller/include/vehicle_controller/vehicle_controller/msg/detail/vehicle_pose__type_support.h
[3.956s] -- Up-to-date: /home/wowjw/Project/Automobile/Phase4/ros2_ws/install/vehicle_controller/include/vehicle_controller/vehicle_controller/msg/rosidl_generator_c__visibility_control.h
[3.956s] -- Up-to-date: /home/wowjw/Project/Automobile/Phase4/ros2_ws/install/vehicle_controller/share/vehicle_controller/environment/library_path.sh
[3.956s] -- Installing: /home/wowjw/Project/Automobile/Phase4/ros2_ws/install/vehicle_controller/share/vehicle_controller/environment/library_path.dsv
[3.956s] -- Up-to-date: /home/wowjw/Project/Automobile/Phase4/ros2_ws/install/vehicle_controller/lib/libvehicle_controller__rosidl_generator_c.so
[3.956s] -- Up-to-date: /home/wowjw/Project/Automobile/Phase4/ros2_ws/install/vehicle_controller/include/vehicle_controller/vehicle_controller
[3.957s] -- Up-to-date: /home/wowjw/Project/Automobile/Phase4/ros2_ws/install/vehicle_controller/include/vehicle_controller/vehicle_controller/msg
[3.957s] -- Up-to-date: /home/wowjw/Project/Automobile/Phase4/ros2_ws/install/vehicle_controller/include/vehicle_controller/vehicle_controller/msg/rosidl_typesupport_fastrtps_c__visibility_control.h
[3.957s] -- Up-to-date: /home/wowjw/Project/Automobile/Phase4/ros2_ws/install/vehicle_controller/include/vehicle_controller/vehicle_controller/msg/detail
[3.957s] -- Up-to-date: /home/wowjw/Project/Automobile/Phase4/ros2_ws/install/vehicle_controller/include/vehicle_controller/vehicle_controller/msg/detail/vehicle_pose__rosidl_typesupport_fastrtps_c.h
[3.958s] -- Up-to-date: /home/wowjw/Project/Automobile/Phase4/ros2_ws/install/vehicle_controller/lib/libvehicle_controller__rosidl_typesupport_fastrtps_c.so
[3.958s] -- Up-to-date: /home/wowjw/Project/Automobile/Phase4/ros2_ws/install/vehicle_controller/include/vehicle_controller/vehicle_controller
[3.958s] -- Up-to-date: /home/wowjw/Project/Automobile/Phase4/ros2_ws/install/vehicle_controller/include/vehicle_controller/vehicle_controller/msg
[3.958s] -- Up-to-date: /home/wowjw/Project/Automobile/Phase4/ros2_ws/install/vehicle_controller/include/vehicle_controller/vehicle_controller/msg/rosidl_typesupport_introspection_c__visibility_control.h
[3.959s] -- Up-to-date: /home/wowjw/Project/Automobile/Phase4/ros2_ws/install/vehicle_controller/include/vehicle_controller/vehicle_controller/msg/detail
[3.959s] -- Up-to-date: /home/wowjw/Project/Automobile/Phase4/ros2_ws/install/vehicle_controller/include/vehicle_controller/vehicle_controller/msg/detail/vehicle_pose__rosidl_typesupport_introspection_c.h
[3.959s] -- Up-to-date: /home/wowjw/Project/Automobile/Phase4/ros2_ws/install/vehicle_controller/include/vehicle_controller/vehicle_controller/msg/detail/vehicle_pose__type_support.c
[3.959s] -- Up-to-date: /home/wowjw/Project/Automobile/Phase4/ros2_ws/install/vehicle_controller/lib/libvehicle_controller__rosidl_typesupport_introspection_c.so
[3.959s] -- Up-to-date: /home/wowjw/Project/Automobile/Phase4/ros2_ws/install/vehicle_controller/lib/libvehicle_controller__rosidl_typesupport_c.so
[3.960s] -- Up-to-date: /home/wowjw/Project/Automobile/Phase4/ros2_ws/install/vehicle_controller/include/vehicle_controller/vehicle_controller
[3.960s] -- Up-to-date: /home/wowjw/Project/Automobile/Phase4/ros2_ws/install/vehicle_controller/include/vehicle_controller/vehicle_controller/msg
[3.960s] -- Up-to-date: /home/wowjw/Project/Automobile/Phase4/ros2_ws/install/vehicle_controller/include/vehicle_controller/vehicle_controller/msg/detail
[3.960s] -- Up-to-date: /home/wowjw/Project/Automobile/Phase4/ros2_ws/install/vehicle_controller/include/vehicle_controller/vehicle_controller/msg/detail/vehicle_pose__type_support.hpp
[3.960s] -- Up-to-date: /home/wowjw/Project/Automobile/Phase4/ros2_ws/install/vehicle_controller/include/vehicle_controller/vehicle_controller/msg/detail/vehicle_pose__struct.hpp
[3.960s] -- Up-to-date: /home/wowjw/Project/Automobile/Phase4/ros2_ws/install/vehicle_controller/include/vehicle_controller/vehicle_controller/msg/detail/vehicle_pose__traits.hpp
[3.961s] -- Up-to-date: /home/wowjw/Project/Automobile/Phase4/ros2_ws/install/vehicle_controller/include/vehicle_controller/vehicle_controller/msg/detail/vehicle_pose__builder.hpp
[3.961s] -- Up-to-date: /home/wowjw/Project/Automobile/Phase4/ros2_ws/install/vehicle_controller/include/vehicle_controller/vehicle_controller/msg/vehicle_pose.hpp
[3.961s] -- Up-to-date: /home/wowjw/Project/Automobile/Phase4/ros2_ws/install/vehicle_controller/include/vehicle_controller/vehicle_controller/msg/rosidl_generator_cpp__visibility_control.hpp
[3.961s] -- Up-to-date: /home/wowjw/Project/Automobile/Phase4/ros2_ws/install/vehicle_controller/include/vehicle_controller/vehicle_controller
[3.961s] -- Up-to-date: /home/wowjw/Project/Automobile/Phase4/ros2_ws/install/vehicle_controller/include/vehicle_controller/vehicle_controller/msg
[3.962s] -- Up-to-date: /home/wowjw/Project/Automobile/Phase4/ros2_ws/install/vehicle_controller/include/vehicle_controller/vehicle_controller/msg/rosidl_typesupport_fastrtps_cpp__visibility_control.h
[3.962s] -- Up-to-date: /home/wowjw/Project/Automobile/Phase4/ros2_ws/install/vehicle_controller/include/vehicle_controller/vehicle_controller/msg/detail
[3.962s] -- Up-to-date: /home/wowjw/Project/Automobile/Phase4/ros2_ws/install/vehicle_controller/include/vehicle_controller/vehicle_controller/msg/detail/dds_fastrtps
[3.962s] -- Up-to-date: /home/wowjw/Project/Automobile/Phase4/ros2_ws/install/vehicle_controller/include/vehicle_controller/vehicle_controller/msg/detail/vehicle_pose__rosidl_typesupport_fastrtps_cpp.hpp
[3.962s] -- Up-to-date: /home/wowjw/Project/Automobile/Phase4/ros2_ws/install/vehicle_controller/lib/libvehicle_controller__rosidl_typesupport_fastrtps_cpp.so
[3.962s] -- Up-to-date: /home/wowjw/Project/Automobile/Phase4/ros2_ws/install/vehicle_controller/include/vehicle_controller/vehicle_controller
[3.963s] -- Up-to-date: /home/wowjw/Project/Automobile/Phase4/ros2_ws/install/vehicle_controller/include/vehicle_controller/vehicle_controller/msg
[3.963s] -- Up-to-date: /home/wowjw/Project/Automobile/Phase4/ros2_ws/install/vehicle_controller/include/vehicle_controller/vehicle_controller/msg/detail
[3.963s] -- Up-to-date: /home/wowjw/Project/Automobile/Phase4/ros2_ws/install/vehicle_controller/include/vehicle_controller/vehicle_controller/msg/detail/vehicle_pose__rosidl_typesupport_introspection_cpp.hpp
[3.963s] -- Up-to-date: /home/wowjw/Project/Automobile/Phase4/ros2_ws/install/vehicle_controller/include/vehicle_controller/vehicle_controller/msg/detail/vehicle_pose__type_support.cpp
[3.963s] -- Up-to-date: /home/wowjw/Project/Automobile/Phase4/ros2_ws/install/vehicle_controller/lib/libvehicle_controller__rosidl_typesupport_introspection_cpp.so
[3.964s] -- Up-to-date: /home/wowjw/Project/Automobile/Phase4/ros2_ws/install/vehicle_controller/lib/libvehicle_controller__rosidl_typesupport_cpp.so
[3.964s] -- Installing: /home/wowjw/Project/Automobile/Phase4/ros2_ws/install/vehicle_controller/share/vehicle_controller/environment/pythonpath.sh
[3.964s] -- Installing: /home/wowjw/Project/Automobile/Phase4/ros2_ws/install/vehicle_controller/share/vehicle_controller/environment/pythonpath.dsv
[3.964s] -- Installing: /home/wowjw/Project/Automobile/Phase4/ros2_ws/install/vehicle_controller/local/lib/python3.10/dist-packages/vehicle_controller-0.0.0-py3.10.egg-info
[3.964s] -- Installing: /home/wowjw/Project/Automobile/Phase4/ros2_ws/install/vehicle_controller/local/lib/python3.10/dist-packages/vehicle_controller-0.0.0-py3.10.egg-info/SOURCES.txt
[3.964s] -- Installing: /home/wowjw/Project/Automobile/Phase4/ros2_ws/install/vehicle_controller/local/lib/python3.10/dist-packages/vehicle_controller-0.0.0-py3.10.egg-info/dependency_links.txt
[3.964s] -- Installing: /home/wowjw/Project/Automobile/Phase4/ros2_ws/install/vehicle_controller/local/lib/python3.10/dist-packages/vehicle_controller-0.0.0-py3.10.egg-info/top_level.txt
[3.965s] -- Installing: /home/wowjw/Project/Automobile/Phase4/ros2_ws/install/vehicle_controller/local/lib/python3.10/dist-packages/vehicle_controller-0.0.0-py3.10.egg-info/PKG-INFO
[3.965s] -- Installing: /home/wowjw/Project/Automobile/Phase4/ros2_ws/install/vehicle_controller/local/lib/python3.10/dist-packages/vehicle_controller
[3.965s] -- Installing: /home/wowjw/Project/Automobile/Phase4/ros2_ws/install/vehicle_controller/local/lib/python3.10/dist-packages/vehicle_controller/libvehicle_controller__rosidl_generator_py.so
[3.965s] -- Installing: /home/wowjw/Project/Automobile/Phase4/ros2_ws/install/vehicle_controller/local/lib/python3.10/dist-packages/vehicle_controller/_vehicle_controller_s.ep.rosidl_typesupport_introspection_c.c
[3.965s] -- Installing: /home/wowjw/Project/Automobile/Phase4/ros2_ws/install/vehicle_controller/local/lib/python3.10/dist-packages/vehicle_controller/vehicle_controller_s__rosidl_typesupport_introspection_c.cpython-310-aarch64-linux-gnu.so
[3.965s] -- Installing: /home/wowjw/Project/Automobile/Phase4/ros2_ws/install/vehicle_controller/local/lib/python3.10/dist-packages/vehicle_controller/_vehicle_controller_s.ep.rosidl_typesupport_c.c
[3.966s] -- Installing: /home/wowjw/Project/Automobile/Phase4/ros2_ws/install/vehicle_controller/local/lib/python3.10/dist-packages/vehicle_controller/vehicle_controller_s__rosidl_typesupport_fastrtps_c.cpython-310-aarch64-linux-gnu.so
[3.966s] -- Installing: /home/wowjw/Project/Automobile/Phase4/ros2_ws/install/vehicle_controller/local/lib/python3.10/dist-packages/vehicle_controller/_vehicle_controller_s.ep.rosidl_typesupport_fastrtps_c.c
[3.966s] -- Installing: /home/wowjw/Project/Automobile/Phase4/ros2_ws/install/vehicle_controller/local/lib/python3.10/dist-packages/vehicle_controller/vehicle_controller_s__rosidl_typesupport_c.cpython-310-aarch64-linux-gnu.so
[3.966s] -- Installing: /home/wowjw/Project/Automobile/Phase4/ros2_ws/install/vehicle_controller/local/lib/python3.10/dist-packages/vehicle_controller/__init__.py
[3.966s] -- Installing: /home/wowjw/Project/Automobile/Phase4/ros2_ws/install/vehicle_controller/local/lib/python3.10/dist-packages/vehicle_controller/msg
[3.966s] -- Installing: /home/wowjw/Project/Automobile/Phase4/ros2_ws/install/vehicle_controller/local/lib/python3.10/dist-packages/vehicle_controller/msg/_vehicle_pose_s.c
[3.966s] -- Installing: /home/wowjw/Project/Automobile/Phase4/ros2_ws/install/vehicle_controller/local/lib/python3.10/dist-packages/vehicle_controller/msg/_vehicle_pose.py
[3.967s] -- Installing: /home/wowjw/Project/Automobile/Phase4/ros2_ws/install/vehicle_controller/local/lib/python3.10/dist-packages/vehicle_controller/msg/__init__.py
[4.032s] Listing '/home/wowjw/Project/Automobile/Phase4/ros2_ws/install/vehicle_controller/local/lib/python3.10/dist-packages/vehicle_controller'...
[4.032s] Compiling '/home/wowjw/Project/Automobile/Phase4/ros2_ws/install/vehicle_controller/local/lib/python3.10/dist-packages/vehicle_controller/__init__.py'...
[4.032s] Listing '/home/wowjw/Project/Automobile/Phase4/ros2_ws/install/vehicle_controller/local/lib/python3.10/dist-packages/vehicle_controller/msg'...
[4.033s] Compiling '/home/wowjw/Project/Automobile/Phase4/ros2_ws/install/vehicle_controller/local/lib/python3.10/dist-packages/vehicle_controller/msg/__init__.py'...
[4.033s] Compiling '/home/wowjw/Project/Automobile/Phase4/ros2_ws/install/vehicle_controller/local/lib/python3.10/dist-packages/vehicle_controller/msg/_vehicle_pose.py'...
[4.043s] -- Installing: /home/wowjw/Project/Automobile/Phase4/ros2_ws/install/vehicle_controller/local/lib/python3.10/dist-packages/vehicle_controller/vehicle_controller_s__rosidl_typesupport_fastrtps_c.cpython-310-aarch64-linux-gnu.so
[4.044s] -- Set runtime path of "/home/wowjw/Project/Automobile/Phase4/ros2_ws/install/vehicle_controller/local/lib/python3.10/dist-packages/vehicle_controller/vehicle_controller_s__rosidl_typesupport_fastrtps_c.cpython-310-aarch64-linux-gnu.so" to ""
[4.044s] -- Installing: /home/wowjw/Project/Automobile/Phase4/ros2_ws/install/vehicle_controller/local/lib/python3.10/dist-packages/vehicle_controller/vehicle_controller_s__rosidl_typesupport_introspection_c.cpython-310-aarch64-linux-gnu.so
[4.045s] -- Set runtime path of "/home/wowjw/Project/Automobile/Phase4/ros2_ws/install/vehicle_controller/local/lib/python3.10/dist-packages/vehicle_controller/vehicle_controller_s__rosidl_typesupport_introspection_c.cpython-310-aarch64-linux-gnu.so" to ""
[4.045s] -- Installing: /home/wowjw/Project/Automobile/Phase4/ros2_ws/install/vehicle_controller/local/lib/python3.10/dist-packages/vehicle_controller/vehicle_controller_s__rosidl_typesupport_c.cpython-310-aarch64-linux-gnu.so
[4.046s] -- Set runtime path of "/home/wowjw/Project/Automobile/Phase4/ros2_ws/install/vehicle_controller/local/lib/python3.10/dist-packages/vehicle_controller/vehicle_controller_s__rosidl_typesupport_c.cpython-310-aarch64-linux-gnu.so" to ""
[4.046s] -- Installing: /home/wowjw/Project/Automobile/Phase4/ros2_ws/install/vehicle_controller/lib/libvehicle_controller__rosidl_generator_py.so
[4.047s] -- Set runtime path of "/home/wowjw/Project/Automobile/Phase4/ros2_ws/install/vehicle_controller/lib/libvehicle_controller__rosidl_generator_py.so" to ""
[4.047s] -- Up-to-date: /home/wowjw/Project/Automobile/Phase4/ros2_ws/install/vehicle_controller/share/vehicle_controller/msg/VehiclePose.idl
[4.047s] -- Up-to-date: /home/wowjw/Project/Automobile/Phase4/ros2_ws/install/vehicle_controller/share/vehicle_controller/msg/VehiclePose.msg
[4.048s] -- Up-to-date: /home/wowjw/Project/Automobile/Phase4/ros2_ws/install/vehicle_controller/lib/vehicle_controller/vehicle_controller_node
[4.048s] -- Up-to-date: /home/wowjw/Project/Automobile/Phase4/ros2_ws/install/vehicle_controller/share/ament_index/resource_index/package_run_dependencies/vehicle_controller
[4.048s] -- Up-to-date: /home/wowjw/Project/Automobile/Phase4/ros2_ws/install/vehicle_controller/share/ament_index/resource_index/parent_prefix_path/vehicle_controller
[4.048s] -- Up-to-date: /home/wowjw/Project/Automobile/Phase4/ros2_ws/install/vehicle_controller/share/vehicle_controller/environment/ament_prefix_path.sh
[4.049s] -- Installing: /home/wowjw/Project/Automobile/Phase4/ros2_ws/install/vehicle_controller/share/vehicle_controller/environment/ament_prefix_path.dsv
[4.049s] -- Up-to-date: /home/wowjw/Project/Automobile/Phase4/ros2_ws/install/vehicle_controller/share/vehicle_controller/environment/path.sh
[4.049s] -- Installing: /home/wowjw/Project/Automobile/Phase4/ros2_ws/install/vehicle_controller/share/vehicle_controller/environment/path.dsv
[4.049s] -- Up-to-date: /home/wowjw/Project/Automobile/Phase4/ros2_ws/install/vehicle_controller/share/vehicle_controller/local_setup.bash
[4.049s] -- Installing: /home/wowjw/Project/Automobile/Phase4/ros2_ws/install/vehicle_controller/share/vehicle_controller/local_setup.sh
[4.050s] -- Up-to-date: /home/wowjw/Project/Automobile/Phase4/ros2_ws/install/vehicle_controller/share/vehicle_controller/local_setup.zsh
[4.050s] -- Installing: /home/wowjw/Project/Automobile/Phase4/ros2_ws/install/vehicle_controller/share/vehicle_controller/local_setup.dsv
[4.050s] -- Installing: /home/wowjw/Project/Automobile/Phase4/ros2_ws/install/vehicle_controller/share/vehicle_controller/package.dsv
[4.051s] -- Up-to-date: /home/wowjw/Project/Automobile/Phase4/ros2_ws/install/vehicle_controller/share/ament_index/resource_index/packages/vehicle_controller
[4.051s] -- Up-to-date: /home/wowjw/Project/Automobile/Phase4/ros2_ws/install/vehicle_controller/share/vehicle_controller/cmake/export_vehicle_controller__rosidl_generator_cExport.cmake
[4.051s] -- Up-to-date: /home/wowjw/Project/Automobile/Phase4/ros2_ws/install/vehicle_controller/share/vehicle_controller/cmake/export_vehicle_controller__rosidl_generator_cExport-noconfig.cmake
[4.051s] -- Up-to-date: /home/wowjw/Project/Automobile/Phase4/ros2_ws/install/vehicle_controller/share/vehicle_controller/cmake/export_vehicle_controller__rosidl_typesupport_fastrtps_cExport.cmake
[4.052s] -- Up-to-date: /home/wowjw/Project/Automobile/Phase4/ros2_ws/install/vehicle_controller/share/vehicle_controller/cmake/export_vehicle_controller__rosidl_typesupport_fastrtps_cExport-noconfig.cmake
[4.052s] -- Up-to-date: /home/wowjw/Project/Automobile/Phase4/ros2_ws/install/vehicle_controller/share/vehicle_controller/cmake/vehicle_controller__rosidl_typesupport_introspection_cExport.cmake
[4.052s] -- Up-to-date: /home/wowjw/Project/Automobile/Phase4/ros2_ws/install/vehicle_controller/share/vehicle_controller/cmake/vehicle_controller__rosidl_typesupport_introspection_cExport-noconfig.cmake
[4.052s] -- Up-to-date: /home/wowjw/Project/Automobile/Phase4/ros2_ws/install/vehicle_controller/share/vehicle_controller/cmake/vehicle_controller__rosidl_typesupport_cExport.cmake
[4.052s] -- Up-to-date: /home/wowjw/Project/Automobile/Phase4/ros2_ws/install/vehicle_controller/share/vehicle_controller/cmake/vehicle_controller__rosidl_typesupport_cExport-noconfig.cmake
[4.053s] -- Up-to-date: /home/wowjw/Project/Automobile/Phase4/ros2_ws/install/vehicle_controller/share/vehicle_controller/cmake/export_vehicle_controller__rosidl_generator_cppExport.cmake
[4.053s] -- Up-to-date: /home/wowjw/Project/Automobile/Phase4/ros2_ws/install/vehicle_controller/share/vehicle_controller/cmake/export_vehicle_controller__rosidl_typesupport_fastrtps_cppExport.cmake
[4.053s] -- Up-to-date: /home/wowjw/Project/Automobile/Phase4/ros2_ws/install/vehicle_controller/share/vehicle_controller/cmake/export_vehicle_controller__rosidl_typesupport_fastrtps_cppExport-noconfig.cmake
[4.053s] -- Up-to-date: /home/wowjw/Project/Automobile/Phase4/ros2_ws/install/vehicle_controller/share/vehicle_controller/cmake/vehicle_controller__rosidl_typesupport_introspection_cppExport.cmake
[4.054s] -- Up-to-date: /home/wowjw/Project/Automobile/Phase4/ros2_ws/install/vehicle_controller/share/vehicle_controller/cmake/vehicle_controller__rosidl_typesupport_introspection_cppExport-noconfig.cmake
[4.054s] -- Up-to-date: /home/wowjw/Project/Automobile/Phase4/ros2_ws/install/vehicle_controller/share/vehicle_controller/cmake/vehicle_controller__rosidl_typesupport_cppExport.cmake
[4.054s] -- Up-to-date: /home/wowjw/Project/Automobile/Phase4/ros2_ws/install/vehicle_controller/share/vehicle_controller/cmake/vehicle_controller__rosidl_typesupport_cppExport-noconfig.cmake
[4.054s] -- Installing: /home/wowjw/Project/Automobile/Phase4/ros2_ws/install/vehicle_controller/share/vehicle_controller/cmake/export_vehicle_controller__rosidl_generator_pyExport.cmake
[4.055s] -- Installing: /home/wowjw/Project/Automobile/Phase4/ros2_ws/install/vehicle_controller/share/vehicle_controller/cmake/export_vehicle_controller__rosidl_generator_pyExport-noconfig.cmake
[4.055s] -- Up-to-date: /home/wowjw/Project/Automobile/Phase4/ros2_ws/install/vehicle_controller/share/vehicle_controller/cmake/rosidl_cmake-extras.cmake
[4.055s] -- Up-to-date: /home/wowjw/Project/Automobile/Phase4/ros2_ws/install/vehicle_controller/share/vehicle_controller/cmake/ament_cmake_export_include_directories-extras.cmake
[4.055s] -- Up-to-date: /home/wowjw/Project/Automobile/Phase4/ros2_ws/install/vehicle_controller/share/vehicle_controller/cmake/ament_cmake_export_libraries-extras.cmake
[4.055s] -- Installing: /home/wowjw/Project/Automobile/Phase4/ros2_ws/install/vehicle_controller/share/vehicle_controller/cmake/ament_cmake_export_targets-extras.cmake
[4.056s] -- Installing: /home/wowjw/Project/Automobile/Phase4/ros2_ws/install/vehicle_controller/share/vehicle_controller/cmake/rosidl_cmake_export_typesupport_targets-extras.cmake
[4.056s] -- Installing: /home/wowjw/Project/Automobile/Phase4/ros2_ws/install/vehicle_controller/share/vehicle_controller/cmake/ament_cmake_export_dependencies-extras.cmake
[4.056s] -- Up-to-date: /home/wowjw/Project/Automobile/Phase4/ros2_ws/install/vehicle_controller/share/vehicle_controller/cmake/rosidl_cmake_export_typesupport_libraries-extras.cmake
[4.056s] -- Up-to-date: /home/wowjw/Project/Automobile/Phase4/ros2_ws/install/vehicle_controller/share/vehicle_controller/cmake/vehicle_controllerConfig.cmake
[4.056s] -- Up-to-date: /home/wowjw/Project/Automobile/Phase4/ros2_ws/install/vehicle_controller/share/vehicle_controller/cmake/vehicle_controllerConfig-version.cmake
[4.057s] -- Up-to-date: /home/wowjw/Project/Automobile/Phase4/ros2_ws/install/vehicle_controller/share/vehicle_controller/package.xml
[4.063s] Invoked command in '/home/wowjw/Project/Automobile/Phase4/ros2_ws/build/vehicle_controller' returned '0': CMAKE_PREFIX_PATH=/home/wowjw/Project/Automobile/Phase4/ros2_ws/install/vehicle_interface:/home/wowjw/Project/Automobile/Phase4/ros2_ws/install/vehicle_controller:/home/wowjw/Project/Automobile/Phase4/install/vehicle_controller:/home/wowjw/Project/Automobile/Phase4/install/vehicle_interface:/opt/ros/humble LD_LIBRARY_PATH=/home/wowjw/Project/Automobile/Phase4/ros2_ws/install/vehicle_interface/lib:/home/wowjw/Project/Automobile/Phase4/ros2_ws/install/vehicle_controller/lib:/home/wowjw/Project/Automobile/Phase4/install/vehicle_controller/lib:/home/wowjw/Project/Automobile/Phase4/install/vehicle_interface/lib:/usr/local/cuda-12.6/lib64:/opt/ros/humble/opt/rviz_ogre_vendor/lib:/opt/ros/humble/lib/aarch64-linux-gnu:/opt/ros/humble/lib:/usr/local/cuda-12.6/lib64 /usr/bin/cmake --install /home/wowjw/Project/Automobile/Phase4/ros2_ws/build/vehicle_controller
