[  2%] Built target vehicle_interface__cpp
[ 11%] Built target vehicle_interface__rosidl_generator_c
[ 11%] Built target ament_cmake_python_copy_vehicle_interface
[ 34%] Built target vehicle_interface__rosidl_typesupport_cpp
[ 37%] Built target vehicle_interface__rosidl_typesupport_fastrtps_c
[ 51%] Built target vehicle_interface__rosidl_typesupport_fastrtps_cpp
[ 55%] Built target vehicle_interface__rosidl_typesupport_introspection_cpp
[ 58%] Built target vehicle_interface__rosidl_typesupport_introspection_c
[ 67%] Built target vehicle_interface__rosidl_typesupport_c
[35m[1mConsolidate compiler generated dependencies of target vehicle_interface_node[0m
[ 67%] Built target vehicle_interface
[ 69%] [32mBuilding CXX object CMakeFiles/vehicle_interface_node.dir/src/Vehicle_Ctrl_Node.cpp.o[0m
[ 72%] [32mBuilding CXX object CMakeFiles/vehicle_interface_node.dir/src/main.cpp.o[0m
[ 74%] Built target vehicle_interface__py
[ 81%] Built target vehicle_interface__rosidl_generator_py
[35m[1mConsolidate compiler generated dependencies of target vehicle_interface__rosidl_typesupport_c__pyext[0m
[ 90%] Built target vehicle_interface__rosidl_typesupport_c__pyext
[ 90%] Built target vehicle_interface__rosidl_typesupport_fastrtps_c__pyext
[ 95%] Built target vehicle_interface__rosidl_typesupport_introspection_c__pyext
running egg_info
writing vehicle_interface.egg-info/PKG-INFO
writing dependency_links to vehicle_interface.egg-info/dependency_links.txt
writing top-level names to vehicle_interface.egg-info/top_level.txt
reading manifest file 'vehicle_interface.egg-info/SOURCES.txt'
writing manifest file 'vehicle_interface.egg-info/SOURCES.txt'
[ 95%] Built target ament_cmake_python_build_vehicle_interface_egg
