[0.016s] Invoking command in '/home/wowjw/Project/Automobile/Phase4/ros2_ws/src/vehicle_interface/build/vehicle_interface': CMAKE_PREFIX_PATH=/opt/ros/humble /usr/bin/cmake --build /home/wowjw/Project/Automobile/Phase4/ros2_ws/src/vehicle_interface/build/vehicle_interface -- -j6 -l6
[0.105s] [  2%] Built target vehicle_interface__cpp
[0.109s] [ 11%] Built target vehicle_interface__rosidl_generator_c
[0.125s] [ 11%] Built target ament_cmake_python_copy_vehicle_interface
[0.147s] [ 34%] Built target vehicle_interface__rosidl_typesupport_cpp
[0.147s] [ 37%] Built target vehicle_interface__rosidl_typesupport_fastrtps_c
[0.148s] [ 51%] Built target vehicle_interface__rosidl_typesupport_fastrtps_cpp
[0.148s] [ 55%] Built target vehicle_interface__rosidl_typesupport_introspection_cpp
[0.150s] [ 58%] Built target vehicle_interface__rosidl_typesupport_introspection_c
[0.165s] [ 67%] Built target vehicle_interface__rosidl_typesupport_c
[0.170s] [35m[1mConsolidate compiler generated dependencies of target vehicle_interface_node[0m
[0.203s] [ 67%] Built target vehicle_interface
[0.220s] [ 69%] [32mBuilding CXX object CMakeFiles/vehicle_interface_node.dir/src/Vehicle_Ctrl_Node.cpp.o[0m
[0.220s] [ 72%] [32mBuilding CXX object CMakeFiles/vehicle_interface_node.dir/src/main.cpp.o[0m
[0.240s] [ 74%] Built target vehicle_interface__py
[0.282s] [ 81%] Built target vehicle_interface__rosidl_generator_py
[0.301s] [35m[1mConsolidate compiler generated dependencies of target vehicle_interface__rosidl_typesupport_c__pyext[0m
[0.324s] [ 90%] Built target vehicle_interface__rosidl_typesupport_c__pyext
[0.325s] [ 90%] Built target vehicle_interface__rosidl_typesupport_fastrtps_c__pyext
[0.325s] [ 95%] Built target vehicle_interface__rosidl_typesupport_introspection_c__pyext
[0.634s] running egg_info
[0.636s] writing vehicle_interface.egg-info/PKG-INFO
[0.637s] writing dependency_links to vehicle_interface.egg-info/dependency_links.txt
[0.637s] writing top-level names to vehicle_interface.egg-info/top_level.txt
[0.642s] reading manifest file 'vehicle_interface.egg-info/SOURCES.txt'
[0.643s] writing manifest file 'vehicle_interface.egg-info/SOURCES.txt'
[0.716s] [ 95%] Built target ament_cmake_python_build_vehicle_interface_egg
[4.884s] In file included from [01m[K/home/wowjw/Project/Automobile/Phase4/ros2_ws/src/vehicle_interface/src/Vehicle_Ctrl_Node.cpp:1[m[K:
[4.884s] [01m[K/home/wowjw/Project/Automobile/Phase4/ros2_ws/src/vehicle_interface/include/vehicle_interface/Vehicle_Ctrl_Node.h:47:50:[m[K [01;31m[Kerror: [m[K‘[01m[KVehicleCommand[m[K’ is not a member of ‘[01m[Kvehicle_interface::msg[m[K’
[4.884s]    47 |     rclcpp::Subscription<vehicle_interface::msg::[01;31m[KVehicleCommand[m[K>::SharedPtr command_sub_;
[4.884s]       |                                                  [01;31m[K^~~~~~~~~~~~~~[m[K
[4.884s] [01m[K/home/wowjw/Project/Automobile/Phase4/ros2_ws/src/vehicle_interface/include/vehicle_interface/Vehicle_Ctrl_Node.h:47:64:[m[K [01;31m[Kerror: [m[Ktemplate argument 1 is invalid
[4.884s]    47 |     rclcpp::Subscription<vehicle_interface::msg::VehicleCommand[01;31m[K>[m[K::SharedPtr command_sub_;
[4.884s]       |                                                                [01;31m[K^[m[K
[4.885s] [01m[K/home/wowjw/Project/Automobile/Phase4/ros2_ws/src/vehicle_interface/include/vehicle_interface/Vehicle_Ctrl_Node.h:47:64:[m[K [01;31m[Kerror: [m[Ktemplate argument 3 is invalid
[4.885s] [01m[K/home/wowjw/Project/Automobile/Phase4/ros2_ws/src/vehicle_interface/include/vehicle_interface/Vehicle_Ctrl_Node.h:47:64:[m[K [01;31m[Kerror: [m[Ktemplate argument 4 is invalid
[4.885s] [01m[K/home/wowjw/Project/Automobile/Phase4/ros2_ws/src/vehicle_interface/include/vehicle_interface/Vehicle_Ctrl_Node.h:47:64:[m[K [01;31m[Kerror: [m[Ktemplate argument 5 is invalid
[4.885s] [01m[K/home/wowjw/Project/Automobile/Phase4/ros2_ws/src/vehicle_interface/include/vehicle_interface/Vehicle_Ctrl_Node.h:47:67:[m[K [01;31m[Kerror: [m[Kexpected ‘[01m[K;[m[K’ at end of member declaration
[4.885s]    47 |     rclcpp::Subscription<vehicle_interface::msg::VehicleCommand>::[01;31m[KSharedPtr[m[K command_sub_;
[4.885s]       |                                                                   [01;31m[K^~~~~~~~~[m[K
[4.885s]       |                                                                            [32m[K;[m[K
[4.888s] [01m[K/home/wowjw/Project/Automobile/Phase4/ros2_ws/src/vehicle_interface/include/vehicle_interface/Vehicle_Ctrl_Node.h:47:77:[m[K [01;31m[Kerror: [m[K‘[01m[Kcommand_sub_[m[K’ does not name a type
[4.889s]    47 |     rclcpp::Subscription<vehicle_interface::msg::VehicleCommand>::SharedPtr [01;31m[Kcommand_sub_[m[K;
[4.889s]       |                                                                             [01;31m[K^~~~~~~~~~~~[m[K
[4.889s] [01m[K/home/wowjw/Project/Automobile/Phase4/ros2_ws/src/vehicle_interface/include/vehicle_interface/Vehicle_Ctrl_Node.h:48:57:[m[K [01;31m[Kerror: [m[K‘[01m[KVehicleCommand[m[K’ in namespace ‘[01m[Kvehicle_interface::msg[m[K’ does not name a type
[4.889s]    48 |     void command_callback(const vehicle_interface::msg::[01;31m[KVehicleCommand[m[K::SharedPtr msg);
[4.889s]       |                                                         [01;31m[K^~~~~~~~~~~~~~[m[K
[4.889s] [01m[K/home/wowjw/Project/Automobile/Phase4/ros2_ws/src/vehicle_interface/include/vehicle_interface/Vehicle_Ctrl_Node.h:48:83:[m[K [01;31m[Kerror: [m[Kexpected unqualified-id before ‘[01m[Kmsg[m[K’
[4.889s]    48 |     void command_callback(const vehicle_interface::msg::VehicleCommand::SharedPtr [01;31m[Kmsg[m[K);
[4.889s]       |                                                                                   [01;31m[K^~~[m[K
[4.890s] [01m[K/home/wowjw/Project/Automobile/Phase4/ros2_ws/src/vehicle_interface/include/vehicle_interface/Vehicle_Ctrl_Node.h:48:82:[m[K [01;31m[Kerror: [m[Kexpected ‘[01m[K)[m[K’ before ‘[01m[Kmsg[m[K’
[4.890s]    48 |     void command_callback[34m[K([m[Kconst vehicle_interface::msg::VehicleCommand::SharedPtr[01;31m[K [m[K[32m[Kmsg[m[K);
[4.890s]       |                          [34m[K~[m[K                                                       [01;31m[K^[m[K[32m[K~~~[m[K
[4.890s]       |                                                                                  [32m[K)[m[K
[4.890s] [01m[K/home/wowjw/Project/Automobile/Phase4/ros2_ws/src/vehicle_interface/include/vehicle_interface/Vehicle_Ctrl_Node.h:48:73:[m[K [01;31m[Kerror: [m[Kexpected ‘[01m[K;[m[K’ at end of member declaration
[4.890s]    48 |     void command_callback(const vehicle_interface::msg::VehicleCommand::[01;31m[KSharedPtr[m[K msg);
[4.890s]       |                                                                         [01;31m[K^~~~~~~~~[m[K
[4.890s]       |                                                                                  [32m[K;[m[K
[4.891s] [01m[K/home/wowjw/Project/Automobile/Phase4/ros2_ws/src/vehicle_interface/include/vehicle_interface/Vehicle_Ctrl_Node.h:48:83:[m[K [01;31m[Kerror: [m[K‘[01m[Kmsg[m[K’ does not name a type
[4.891s]    48 |     void command_callback(const vehicle_interface::msg::VehicleCommand::SharedPtr [01;31m[Kmsg[m[K);
[4.891s]       |                                                                                   [01;31m[K^~~[m[K
[4.912s] [01m[K/home/wowjw/Project/Automobile/Phase4/ros2_ws/src/vehicle_interface/src/Vehicle_Ctrl_Node.cpp:[m[K In constructor ‘[01m[KCar::Car()[m[K’:
[4.912s] [01m[K/home/wowjw/Project/Automobile/Phase4/ros2_ws/src/vehicle_interface/src/Vehicle_Ctrl_Node.cpp:30:5:[m[K [01;31m[Kerror: [m[K‘[01m[Kcommand_sub_[m[K’ was not declared in this scope
[4.912s]    30 |     [01;31m[Kcommand_sub_[m[K = this->create_subscription<vehicle_interface::msg::VehicleCommand>(
[4.912s]       |     [01;31m[K^~~~~~~~~~~~[m[K
[4.913s] [01m[K/home/wowjw/Project/Automobile/Phase4/ros2_ws/src/vehicle_interface/src/Vehicle_Ctrl_Node.cpp:30:70:[m[K [01;31m[Kerror: [m[K‘[01m[KVehicleCommand[m[K’ is not a member of ‘[01m[Kvehicle_interface::msg[m[K’
[4.913s]    30 |     command_sub_ = this->create_subscription<vehicle_interface::msg::[01;31m[KVehicleCommand[m[K>(
[4.913s]       |                                                                      [01;31m[K^~~~~~~~~~~~~~[m[K
[4.923s] [01m[K/home/wowjw/Project/Automobile/Phase4/ros2_ws/src/vehicle_interface/src/Vehicle_Ctrl_Node.cpp:30:85:[m[K [01;31m[Kerror: [m[Kno matching function for call to ‘[01m[KCar::create_subscription<<expression error> >(const char [17], int, std::_Bind_helper<false, void (Car::*)(...), Car*, const std::_Placeholder<1>&>::type)[m[K’
[4.924s]    30 |     command_sub_ = [01;31m[Kthis->create_subscription<vehicle_interface::msg::VehicleCommand>([m[K
[4.924s]       |                    [01;31m[K~~~~~~~~~~~~~~~~~~~~~~~~~~~~~~~~~~~~~~~~~~~~~~~~~~~~~~~~~~~~~~~~~^[m[K
[4.924s]    31 | [01;31m[K            "/vehicle_command",[m[K
[4.924s]       |             [01;31m[K~~~~~~~~~~~~~~~~~~~[m[K                                                      
[4.924s]    32 | [01;31m[K            10,[m[K
[4.924s]       |             [01;31m[K~~~[m[K                                                                      
[4.924s]    33 | [01;31m[K            std::bind([m[K
[4.925s]       |             [01;31m[K~~~~~~~~~~[m[K                                                               
[4.925s]    34 | [01;31m[K            &Car::command_callback,[m[K
[4.925s]       |             [01;31m[K~~~~~~~~~~~~~~~~~~~~~~~[m[K                                                  
[4.925s]    35 | [01;31m[K            this,[m[K
[4.925s]       |             [01;31m[K~~~~~[m[K                                                                    
[4.925s]    36 | [01;31m[K            std::placeholders::_1))[m[K;
[4.925s]       |             [01;31m[K~~~~~~~~~~~~~~~~~~~~~~~[m[K                                                  
[4.925s] In file included from [01m[K/opt/ros/humble/include/rclcpp/rclcpp/executors/single_threaded_executor.hpp:28[m[K,
[4.925s]                  from [01m[K/opt/ros/humble/include/rclcpp/rclcpp/executors.hpp:22[m[K,
[4.926s]                  from [01m[K/opt/ros/humble/include/rclcpp/rclcpp/rclcpp.hpp:155[m[K,
[4.926s]                  from [01m[K/home/wowjw/Project/Automobile/Phase4/ros2_ws/src/vehicle_interface/include/vehicle_interface/Vehicle_Ctrl_Node.h:9[m[K,
[4.926s]                  from [01m[K/home/wowjw/Project/Automobile/Phase4/ros2_ws/src/vehicle_interface/src/Vehicle_Ctrl_Node.cpp:1[m[K:
[4.926s] [01m[K/opt/ros/humble/include/rclcpp/rclcpp/node.hpp:219:3:[m[K [01;36m[Knote: [m[Kcandidate: ‘[01m[Ktemplate<class MessageT, class CallbackT, class AllocatorT, class SubscriptionT, class MessageMemoryStrategyT> std::shared_ptr<ROSMessageT> rclcpp::Node::create_subscription(const string&, const rclcpp::QoS&, CallbackT&&, const rclcpp::SubscriptionOptionsWithAllocator<AllocatorT>&, typename MessageMemoryStrategyT::SharedPtr)[m[K’
[4.926s]   219 |   [01;36m[Kcreate_subscription[m[K(
[4.926s]       |   [01;36m[K^~~~~~~~~~~~~~~~~~~[m[K
[4.926s] [01m[K/opt/ros/humble/include/rclcpp/rclcpp/node.hpp:219:3:[m[K [01;36m[Knote: [m[K  template argument deduction/substitution failed:
[4.926s] [01m[K/home/wowjw/Project/Automobile/Phase4/ros2_ws/src/vehicle_interface/src/Vehicle_Ctrl_Node.cpp:30:85:[m[K [01;31m[Kerror: [m[Ktemplate argument 1 is invalid
[4.927s]    30 |     command_sub_ = [01;31m[Kthis->create_subscription<vehicle_interface::msg::VehicleCommand>([m[K
[4.927s]       |                    [01;31m[K~~~~~~~~~~~~~~~~~~~~~~~~~~~~~~~~~~~~~~~~~~~~~~~~~~~~~~~~~~~~~~~~~^[m[K
[4.927s]    31 | [01;31m[K            "/vehicle_command",[m[K
[4.927s]       |             [01;31m[K~~~~~~~~~~~~~~~~~~~[m[K                                                      
[4.927s]    32 | [01;31m[K            10,[m[K
[4.927s]       |             [01;31m[K~~~[m[K                                                                      
[4.927s]    33 | [01;31m[K            std::bind([m[K
[4.927s]       |             [01;31m[K~~~~~~~~~~[m[K                                                               
[4.927s]    34 | [01;31m[K            &Car::command_callback,[m[K
[4.928s]       |             [01;31m[K~~~~~~~~~~~~~~~~~~~~~~~[m[K                                                  
[4.928s]    35 | [01;31m[K            this,[m[K
[4.928s]       |             [01;31m[K~~~~~[m[K                                                                    
[4.928s]    36 | [01;31m[K            std::placeholders::_1))[m[K;
[4.928s]       |             [01;31m[K~~~~~~~~~~~~~~~~~~~~~~~[m[K                                                  
[4.929s] [01m[K/home/wowjw/Project/Automobile/Phase4/ros2_ws/src/vehicle_interface/src/Vehicle_Ctrl_Node.cpp:[m[K At global scope:
[4.929s] [01m[K/home/wowjw/Project/Automobile/Phase4/ros2_ws/src/vehicle_interface/src/Vehicle_Ctrl_Node.cpp:49:58:[m[K [01;31m[Kerror: [m[K‘[01m[KVehicleCommand[m[K’ in namespace ‘[01m[Kvehicle_interface::msg[m[K’ does not name a type
[4.929s]    49 | void Car::command_callback(const vehicle_interface::msg::[01;31m[KVehicleCommand[m[K::SharedPtr msg){
[4.929s]       |                                                          [01;31m[K^~~~~~~~~~~~~~[m[K
[4.929s] [01m[K/home/wowjw/Project/Automobile/Phase4/ros2_ws/src/vehicle_interface/src/Vehicle_Ctrl_Node.cpp:49:84:[m[K [01;31m[Kerror: [m[Kexpected unqualified-id before ‘[01m[Kmsg[m[K’
[4.930s]    49 | void Car::command_callback(const vehicle_interface::msg::VehicleCommand::SharedPtr [01;31m[Kmsg[m[K){
[4.930s]       |                                                                                    [01;31m[K^~~[m[K
[4.930s] [01m[K/home/wowjw/Project/Automobile/Phase4/ros2_ws/src/vehicle_interface/src/Vehicle_Ctrl_Node.cpp:49:83:[m[K [01;31m[Kerror: [m[Kexpected ‘[01m[K)[m[K’ before ‘[01m[Kmsg[m[K’
[4.930s]    49 | void Car::command_callback[34m[K([m[Kconst vehicle_interface::msg::VehicleCommand::SharedPtr[01;31m[K [m[K[32m[Kmsg[m[K){
[4.930s]       |                           [34m[K~[m[K                                                       [01;31m[K^[m[K[32m[K~~~[m[K
[4.930s]       |                                                                                   [32m[K)[m[K
[4.930s] [01m[K/home/wowjw/Project/Automobile/Phase4/ros2_ws/src/vehicle_interface/src/Vehicle_Ctrl_Node.cpp:49:84:[m[K [01;31m[Kerror: [m[Kexpected initializer before ‘[01m[Kmsg[m[K’
[4.930s]    49 | void Car::command_callback(const vehicle_interface::msg::VehicleCommand::SharedPtr [01;31m[Kmsg[m[K){
[4.931s]       |                                                                                    [01;31m[K^~~[m[K
[4.932s] In file included from [01m[K/home/wowjw/Project/Automobile/Phase4/ros2_ws/src/vehicle_interface/src/main.cpp:1[m[K:
[4.932s] [01m[K/home/wowjw/Project/Automobile/Phase4/ros2_ws/src/vehicle_interface/include/vehicle_interface/Vehicle_Ctrl_Node.h:47:50:[m[K [01;31m[Kerror: [m[K‘[01m[KVehicleCommand[m[K’ is not a member of ‘[01m[Kvehicle_interface::msg[m[K’
[4.932s]    47 |     rclcpp::Subscription<vehicle_interface::msg::[01;31m[KVehicleCommand[m[K>::SharedPtr command_sub_;
[4.932s]       |                                                  [01;31m[K^~~~~~~~~~~~~~[m[K
[4.932s] [01m[K/home/wowjw/Project/Automobile/Phase4/ros2_ws/src/vehicle_interface/include/vehicle_interface/Vehicle_Ctrl_Node.h:47:64:[m[K [01;31m[Kerror: [m[Ktemplate argument 1 is invalid
[4.933s]    47 |     rclcpp::Subscription<vehicle_interface::msg::VehicleCommand[01;31m[K>[m[K::SharedPtr command_sub_;
[4.933s]       |                                                                [01;31m[K^[m[K
[4.933s] [01m[K/home/wowjw/Project/Automobile/Phase4/ros2_ws/src/vehicle_interface/include/vehicle_interface/Vehicle_Ctrl_Node.h:47:64:[m[K [01;31m[Kerror: [m[Ktemplate argument 3 is invalid
[4.933s] [01m[K/home/wowjw/Project/Automobile/Phase4/ros2_ws/src/vehicle_interface/include/vehicle_interface/Vehicle_Ctrl_Node.h:47:64:[m[K [01;31m[Kerror: [m[Ktemplate argument 4 is invalid
[4.933s] [01m[K/home/wowjw/Project/Automobile/Phase4/ros2_ws/src/vehicle_interface/include/vehicle_interface/Vehicle_Ctrl_Node.h:47:64:[m[K [01;31m[Kerror: [m[Ktemplate argument 5 is invalid
[4.933s] [01m[K/home/wowjw/Project/Automobile/Phase4/ros2_ws/src/vehicle_interface/include/vehicle_interface/Vehicle_Ctrl_Node.h:47:67:[m[K [01;31m[Kerror: [m[Kexpected ‘[01m[K;[m[K’ at end of member declaration
[4.933s]    47 |     rclcpp::Subscription<vehicle_interface::msg::VehicleCommand>::[01;31m[KSharedPtr[m[K command_sub_;
[4.933s]       |                                                                   [01;31m[K^~~~~~~~~[m[K
[4.933s]       |                                                                            [32m[K;[m[K
[4.937s] [01m[K/home/wowjw/Project/Automobile/Phase4/ros2_ws/src/vehicle_interface/include/vehicle_interface/Vehicle_Ctrl_Node.h:47:77:[m[K [01;31m[Kerror: [m[K‘[01m[Kcommand_sub_[m[K’ does not name a type
[4.938s]    47 |     rclcpp::Subscription<vehicle_interface::msg::VehicleCommand>::SharedPtr [01;31m[Kcommand_sub_[m[K;
[4.938s]       |                                                                             [01;31m[K^~~~~~~~~~~~[m[K
[4.938s] [01m[K/home/wowjw/Project/Automobile/Phase4/ros2_ws/src/vehicle_interface/include/vehicle_interface/Vehicle_Ctrl_Node.h:48:57:[m[K [01;31m[Kerror: [m[K‘[01m[KVehicleCommand[m[K’ in namespace ‘[01m[Kvehicle_interface::msg[m[K’ does not name a type
[4.938s]    48 |     void command_callback(const vehicle_interface::msg::[01;31m[KVehicleCommand[m[K::SharedPtr msg);
[4.938s]       |                                                         [01;31m[K^~~~~~~~~~~~~~[m[K
[4.938s] [01m[K/home/wowjw/Project/Automobile/Phase4/ros2_ws/src/vehicle_interface/include/vehicle_interface/Vehicle_Ctrl_Node.h:48:83:[m[K [01;31m[Kerror: [m[Kexpected unqualified-id before ‘[01m[Kmsg[m[K’
[4.938s]    48 |     void command_callback(const vehicle_interface::msg::VehicleCommand::SharedPtr [01;31m[Kmsg[m[K);
[4.939s]       |                                                                                   [01;31m[K^~~[m[K
[4.939s] [01m[K/home/wowjw/Project/Automobile/Phase4/ros2_ws/src/vehicle_interface/include/vehicle_interface/Vehicle_Ctrl_Node.h:48:82:[m[K [01;31m[Kerror: [m[Kexpected ‘[01m[K)[m[K’ before ‘[01m[Kmsg[m[K’
[4.939s]    48 |     void command_callback[34m[K([m[Kconst vehicle_interface::msg::VehicleCommand::SharedPtr[01;31m[K [m[K[32m[Kmsg[m[K);
[4.939s]       |                          [34m[K~[m[K                                                       [01;31m[K^[m[K[32m[K~~~[m[K
[4.939s]       |                                                                                  [32m[K)[m[K
[4.939s] [01m[K/home/wowjw/Project/Automobile/Phase4/ros2_ws/src/vehicle_interface/include/vehicle_interface/Vehicle_Ctrl_Node.h:48:73:[m[K [01;31m[Kerror: [m[Kexpected ‘[01m[K;[m[K’ at end of member declaration
[4.939s]    48 |     void command_callback(const vehicle_interface::msg::VehicleCommand::[01;31m[KSharedPtr[m[K msg);
[4.939s]       |                                                                         [01;31m[K^~~~~~~~~[m[K
[4.939s]       |                                                                                  [32m[K;[m[K
[4.940s] [01m[K/home/wowjw/Project/Automobile/Phase4/ros2_ws/src/vehicle_interface/include/vehicle_interface/Vehicle_Ctrl_Node.h:48:83:[m[K [01;31m[Kerror: [m[K‘[01m[Kmsg[m[K’ does not name a type
[4.940s]    48 |     void command_callback(const vehicle_interface::msg::VehicleCommand::SharedPtr [01;31m[Kmsg[m[K);
[4.940s]       |                                                                                   [01;31m[K^~~[m[K
[5.866s] gmake[2]: *** [CMakeFiles/vehicle_interface_node.dir/build.make:76: CMakeFiles/vehicle_interface_node.dir/src/main.cpp.o] Error 1
[5.866s] gmake[2]: *** Waiting for unfinished jobs....
[6.603s] gmake[2]: *** [CMakeFiles/vehicle_interface_node.dir/build.make:90: CMakeFiles/vehicle_interface_node.dir/src/Vehicle_Ctrl_Node.cpp.o] Error 1
[6.604s] gmake[1]: *** [CMakeFiles/Makefile2:593: CMakeFiles/vehicle_interface_node.dir/all] Error 2
[6.604s] gmake: *** [Makefile:146: all] Error 2
[6.610s] Invoked command in '/home/wowjw/Project/Automobile/Phase4/ros2_ws/src/vehicle_interface/build/vehicle_interface' returned '2': CMAKE_PREFIX_PATH=/opt/ros/humble /usr/bin/cmake --build /home/wowjw/Project/Automobile/Phase4/ros2_ws/src/vehicle_interface/build/vehicle_interface -- -j6 -l6
