[0.021s] Invoking command in '/home/wowjw/Project/Automobile/Phase4/ros2_ws/build/vehicle_controller': CMAKE_PREFIX_PATH=/home/wowjw/Project/Automobile/Phase4/ros2_ws/install/vehicle_interface:/home/wowjw/Project/Automobile/Phase4/ros2_ws/install/vehicle_controller:/home/wowjw/Project/Automobile/Phase4/install/vehicle_controller:/home/wowjw/Project/Automobile/Phase4/install/vehicle_interface:/opt/ros/humble LD_LIBRARY_PATH=/home/wowjw/Project/Automobile/Phase4/ros2_ws/install/vehicle_interface/lib:/home/wowjw/Project/Automobile/Phase4/ros2_ws/install/vehicle_controller/lib:/home/wowjw/Project/Automobile/Phase4/install/vehicle_controller/lib:/home/wowjw/Project/Automobile/Phase4/install/vehicle_interface/lib:/usr/local/cuda-12.6/lib64:/opt/ros/humble/opt/rviz_ogre_vendor/lib:/opt/ros/humble/lib/aarch64-linux-gnu:/opt/ros/humble/lib:/usr/local/cuda-12.6/lib64 /usr/bin/cmake /home/wowjw/Project/Automobile/Phase4/ros2_ws/src/vehicle_controller -DCMAKE_INSTALL_PREFIX=/home/wowjw/Project/Automobile/Phase4/ros2_ws/install/vehicle_controller
[0.119s] -- The C compiler identification is GNU 11.4.0
[0.232s] -- The CXX compiler identification is GNU 11.4.0
[0.254s] -- Detecting C compiler ABI info
[0.400s] -- Detecting C compiler ABI info - done
[0.424s] -- Check for working C compiler: /usr/bin/cc - skipped
[0.425s] -- Detecting C compile features
[0.426s] -- Detecting C compile features - done
[0.437s] -- Detecting CXX compiler ABI info
[0.592s] -- Detecting CXX compiler ABI info - done
[0.618s] -- Check for working CXX compiler: /usr/bin/c++ - skipped
[0.619s] -- Detecting CXX compile features
[0.620s] -- Detecting CXX compile features - done
[0.628s] -- Found rosidl_default_generators: 1.2.0 (/opt/ros/humble/share/rosidl_default_generators/cmake)
[0.633s] -- Found ament_cmake_core: 1.3.12 (/opt/ros/humble/share/ament_cmake_core/cmake)
[0.942s] -- Found Python3: /usr/bin/python3 (found version "3.10.12") found components: Interpreter 
[1.079s] -- Using all available rosidl_typesupport_c: rosidl_typesupport_fastrtps_c;rosidl_typesupport_introspection_c
[1.107s] -- Found rosidl_adapter: 3.1.8 (/opt/ros/humble/share/rosidl_adapter/cmake)
[1.245s] -- Using all available rosidl_typesupport_cpp: rosidl_typesupport_fastrtps_cpp;rosidl_typesupport_introspection_cpp
[1.301s] -- Found rclcpp: 16.0.17 (/opt/ros/humble/share/rclcpp/cmake)
[1.381s] -- Found rmw_implementation_cmake: 6.1.2 (/opt/ros/humble/share/rmw_implementation_cmake/cmake)
[1.385s] -- Found rmw_fastrtps_cpp: 6.2.9 (/opt/ros/humble/share/rmw_fastrtps_cpp/cmake)
[1.520s] -- Found OpenSSL: /usr/lib/aarch64-linux-gnu/libcrypto.so (found version "3.0.2")  
[1.576s] -- Found FastRTPS: /opt/ros/humble/include  
[1.647s] -- Using RMW implementation 'rmw_fastrtps_cpp' as default
[1.661s] -- Looking for pthread.h
[1.789s] -- Looking for pthread.h - found
[1.789s] -- Performing Test CMAKE_HAVE_LIBC_PTHREAD
[1.943s] -- Performing Test CMAKE_HAVE_LIBC_PTHREAD - Success
[1.947s] -- Found Threads: TRUE  
[2.071s] -- Found vehicle_interface: 0.0.0 (/home/wowjw/Project/Automobile/Phase4/ros2_ws/install/vehicle_interface/share/vehicle_interface/cmake)
[2.589s] -- Found ament_cmake_ros: 0.10.0 (/opt/ros/humble/share/ament_cmake_ros/cmake)
[2.998s] -- Using all available rosidl_typesupport_c: rosidl_typesupport_fastrtps_c;rosidl_typesupport_introspection_c
[3.515s] -- Using all available rosidl_typesupport_cpp: rosidl_typesupport_fastrtps_cpp;rosidl_typesupport_introspection_cpp
[3.567s] -- Found PythonInterp: /usr/bin/python3 (found suitable version "3.10.12", minimum required is "3.6") 
[3.571s] -- Found python_cmake_module: 0.10.0 (/opt/ros/humble/share/python_cmake_module/cmake)
[3.632s] -- Found PythonLibs: /usr/lib/aarch64-linux-gnu/libpython3.10.so (found suitable version "3.10.12", minimum required is "3.5") 
[3.632s] -- Using PYTHON_EXECUTABLE: /usr/bin/python3
[3.632s] -- Using PYTHON_INCLUDE_DIRS: /usr/include/python3.10
[3.633s] -- Using PYTHON_LIBRARIES: /usr/lib/aarch64-linux-gnu/libpython3.10.so
[3.678s] -- Found PythonExtra: .so  
[3.748s] [0mCMake Deprecation Warning at /opt/ros/humble/share/rosidl_cmake/cmake/rosidl_target_interfaces.cmake:32 (message):
[3.748s]   Use rosidl_get_typesupport_target() and target_link_libraries() instead of
[3.749s]   rosidl_target_interfaces()
[3.749s] Call Stack (most recent call first):
[3.749s]   CMakeLists.txt:23 (rosidl_target_interfaces)
[3.749s] 
[3.750s] [0m
[3.751s] -- Found ament_lint_auto: 0.12.14 (/opt/ros/humble/share/ament_lint_auto/cmake)
[3.783s] -- Added test 'cppcheck' to perform static code analysis on C / C++ code
[3.783s] -- Configured cppcheck include dirs: /home/wowjw/Project/Automobile/Phase4/ros2_ws/src/vehicle_controller/include
[3.784s] -- Configured cppcheck exclude dirs and/or files: 
[3.785s] -- Added test 'lint_cmake' to check CMake code style
[3.787s] -- Added test 'uncrustify' to check C / C++ code style
[3.787s] -- Configured uncrustify additional arguments: 
[3.787s] -- Added test 'xmllint' to check XML markup files
[3.793s] -- Configuring done
[3.854s] -- Generating done
[3.876s] -- Build files have been written to: /home/wowjw/Project/Automobile/Phase4/ros2_ws/build/vehicle_controller
[3.906s] Invoked command in '/home/wowjw/Project/Automobile/Phase4/ros2_ws/build/vehicle_controller' returned '0': CMAKE_PREFIX_PATH=/home/wowjw/Project/Automobile/Phase4/ros2_ws/install/vehicle_interface:/home/wowjw/Project/Automobile/Phase4/ros2_ws/install/vehicle_controller:/home/wowjw/Project/Automobile/Phase4/install/vehicle_controller:/home/wowjw/Project/Automobile/Phase4/install/vehicle_interface:/opt/ros/humble LD_LIBRARY_PATH=/home/wowjw/Project/Automobile/Phase4/ros2_ws/install/vehicle_interface/lib:/home/wowjw/Project/Automobile/Phase4/ros2_ws/install/vehicle_controller/lib:/home/wowjw/Project/Automobile/Phase4/install/vehicle_controller/lib:/home/wowjw/Project/Automobile/Phase4/install/vehicle_interface/lib:/usr/local/cuda-12.6/lib64:/opt/ros/humble/opt/rviz_ogre_vendor/lib:/opt/ros/humble/lib/aarch64-linux-gnu:/opt/ros/humble/lib:/usr/local/cuda-12.6/lib64 /usr/bin/cmake /home/wowjw/Project/Automobile/Phase4/ros2_ws/src/vehicle_controller -DCMAKE_INSTALL_PREFIX=/home/wowjw/Project/Automobile/Phase4/ros2_ws/install/vehicle_controller
[3.911s] Invoking command in '/home/wowjw/Project/Automobile/Phase4/ros2_ws/build/vehicle_controller': CMAKE_PREFIX_PATH=/home/wowjw/Project/Automobile/Phase4/ros2_ws/install/vehicle_interface:/home/wowjw/Project/Automobile/Phase4/ros2_ws/install/vehicle_controller:/home/wowjw/Project/Automobile/Phase4/install/vehicle_controller:/home/wowjw/Project/Automobile/Phase4/install/vehicle_interface:/opt/ros/humble LD_LIBRARY_PATH=/home/wowjw/Project/Automobile/Phase4/ros2_ws/install/vehicle_interface/lib:/home/wowjw/Project/Automobile/Phase4/ros2_ws/install/vehicle_controller/lib:/home/wowjw/Project/Automobile/Phase4/install/vehicle_controller/lib:/home/wowjw/Project/Automobile/Phase4/install/vehicle_interface/lib:/usr/local/cuda-12.6/lib64:/opt/ros/humble/opt/rviz_ogre_vendor/lib:/opt/ros/humble/lib/aarch64-linux-gnu:/opt/ros/humble/lib:/usr/local/cuda-12.6/lib64 /usr/bin/cmake --build /home/wowjw/Project/Automobile/Phase4/ros2_ws/build/vehicle_controller -- -j6 -l6
[3.991s] [  2%] [34m[1mGenerating C code for ROS interfaces[0m
[4.005s] [  5%] [34m[1mGenerating C++ code for ROS interfaces[0m
[4.021s] [  5%] Built target ament_cmake_python_copy_vehicle_controller
[4.471s] [  8%] [32mBuilding C object CMakeFiles/vehicle_controller__rosidl_generator_c.dir/rosidl_generator_c/vehicle_controller/msg/detail/vehicle_pose__functions.c.o[0m
[4.471s] [  8%] Built target vehicle_controller__cpp
[4.490s] [ 14%] [34m[1mGenerating C++ type support for eProsima Fast-RTPS[0m
[4.490s] [ 14%] [34m[1mGenerating C++ type support dispatch for ROS interfaces[0m
[4.490s] [ 17%] [34m[1mGenerating C++ introspection for ROS interfaces[0m
[4.507s] running egg_info
[4.508s] creating vehicle_controller.egg-info
[4.508s] writing vehicle_controller.egg-info/PKG-INFO
[4.509s] writing dependency_links to vehicle_controller.egg-info/dependency_links.txt
[4.509s] writing top-level names to vehicle_controller.egg-info/top_level.txt
[4.510s] writing manifest file 'vehicle_controller.egg-info/SOURCES.txt'
[4.515s] reading manifest file 'vehicle_controller.egg-info/SOURCES.txt'
[4.516s] writing manifest file 'vehicle_controller.egg-info/SOURCES.txt'
[4.571s] [ 20%] [32m[1mLinking C shared library libvehicle_controller__rosidl_generator_c.so[0m
[4.602s] [ 20%] Built target ament_cmake_python_build_vehicle_controller_egg
[4.637s] [ 20%] Built target vehicle_controller__rosidl_generator_c
[4.655s] [ 29%] [34m[1mGenerating C type support dispatch for ROS interfaces[0m
[4.656s] [ 29%] [34m[1mGenerating C type support for eProsima Fast-RTPS[0m
[4.656s] [ 29%] [34m[1mGenerating C introspection for ROS interfaces[0m
[4.917s] [ 32%] [32mBuilding CXX object CMakeFiles/vehicle_controller__rosidl_typesupport_cpp.dir/rosidl_typesupport_cpp/vehicle_controller/msg/vehicle_pose__type_support.cpp.o[0m
[4.965s] [ 35%] [32mBuilding CXX object CMakeFiles/vehicle_controller__rosidl_typesupport_introspection_cpp.dir/rosidl_typesupport_introspection_cpp/vehicle_controller/msg/detail/vehicle_pose__type_support.cpp.o[0m
[4.992s] [ 38%] [32mBuilding CXX object CMakeFiles/vehicle_controller__rosidl_typesupport_fastrtps_cpp.dir/rosidl_typesupport_fastrtps_cpp/vehicle_controller/msg/detail/dds_fastrtps/vehicle_pose__type_support.cpp.o[0m
[5.084s] [ 41%] [32mBuilding CXX object CMakeFiles/vehicle_controller__rosidl_typesupport_c.dir/rosidl_typesupport_c/vehicle_controller/msg/vehicle_pose__type_support.cpp.o[0m
[5.142s] [ 44%] [32m[1mLinking CXX shared library libvehicle_controller__rosidl_typesupport_c.so[0m
[5.145s] [ 47%] [32mBuilding C object CMakeFiles/vehicle_controller__rosidl_typesupport_introspection_c.dir/rosidl_typesupport_introspection_c/vehicle_controller/msg/detail/vehicle_pose__type_support.c.o[0m
[5.192s] [ 50%] [32mBuilding CXX object CMakeFiles/vehicle_controller__rosidl_typesupport_fastrtps_c.dir/rosidl_typesupport_fastrtps_c/vehicle_controller/msg/detail/vehicle_pose__type_support_c.cpp.o[0m
[5.212s] [ 50%] Built target vehicle_controller__rosidl_typesupport_c
[5.224s] [ 52%] [32m[1mLinking C shared library libvehicle_controller__rosidl_typesupport_introspection_c.so[0m
[5.280s] [ 52%] Built target vehicle_controller__rosidl_typesupport_introspection_c
[5.447s] [ 55%] [32m[1mLinking CXX shared library libvehicle_controller__rosidl_typesupport_cpp.so[0m
[5.517s] [ 55%] Built target vehicle_controller__rosidl_typesupport_cpp
[5.711s] [ 58%] [32m[1mLinking CXX shared library libvehicle_controller__rosidl_typesupport_introspection_cpp.so[0m
[5.779s] [ 61%] [32m[1mLinking CXX shared library libvehicle_controller__rosidl_typesupport_fastrtps_cpp.so[0m
[5.786s] [ 61%] Built target vehicle_controller__rosidl_typesupport_introspection_cpp
[5.839s] [ 64%] [32m[1mLinking CXX shared library libvehicle_controller__rosidl_typesupport_fastrtps_c.so[0m
[5.928s] [ 64%] Built target vehicle_controller__rosidl_typesupport_fastrtps_cpp
[5.982s] [ 64%] Built target vehicle_controller__rosidl_typesupport_fastrtps_c
[6.023s] [ 64%] Built target vehicle_controller
[6.060s] [ 73%] [32mBuilding CXX object CMakeFiles/vehicle_controller_node.dir/src/main.cpp.o[0m
[6.060s] [ 73%] [34m[1mGenerating Python code for ROS interfaces[0m
[6.060s] [ 73%] [32mBuilding CXX object CMakeFiles/vehicle_controller_node.dir/src/Vehicle_Ctrl_Node.cpp.o[0m
[6.616s] [ 73%] Built target vehicle_controller__py
[6.660s] [ 76%] [32mBuilding C object CMakeFiles/vehicle_controller__rosidl_generator_py.dir/rosidl_generator_py/vehicle_controller/msg/_vehicle_pose_s.c.o[0m
[6.841s] [ 79%] [32m[1mLinking C shared library rosidl_generator_py/vehicle_controller/libvehicle_controller__rosidl_generator_py.so[0m
[6.916s] [ 79%] Built target vehicle_controller__rosidl_generator_py
[6.955s] [ 88%] [32mBuilding C object CMakeFiles/vehicle_controller__rosidl_typesupport_introspection_c__pyext.dir/rosidl_generator_py/vehicle_controller/_vehicle_controller_s.ep.rosidl_typesupport_introspection_c.c.o[0m
[6.955s] [ 88%] [32mBuilding C object CMakeFiles/vehicle_controller__rosidl_typesupport_fastrtps_c__pyext.dir/rosidl_generator_py/vehicle_controller/_vehicle_controller_s.ep.rosidl_typesupport_fastrtps_c.c.o[0m
[6.956s] [ 88%] [32mBuilding C object CMakeFiles/vehicle_controller__rosidl_typesupport_c__pyext.dir/rosidl_generator_py/vehicle_controller/_vehicle_controller_s.ep.rosidl_typesupport_c.c.o[0m
[7.122s] [ 91%] [32m[1mLinking C shared library rosidl_generator_py/vehicle_controller/vehicle_controller_s__rosidl_typesupport_c.cpython-310-aarch64-linux-gnu.so[0m
[7.130s] [ 94%] [32m[1mLinking C shared library rosidl_generator_py/vehicle_controller/vehicle_controller_s__rosidl_typesupport_introspection_c.cpython-310-aarch64-linux-gnu.so[0m
[7.139s] [ 97%] [32m[1mLinking C shared library rosidl_generator_py/vehicle_controller/vehicle_controller_s__rosidl_typesupport_fastrtps_c.cpython-310-aarch64-linux-gnu.so[0m
[7.184s] [ 97%] Built target vehicle_controller__rosidl_typesupport_c__pyext
[7.200s] [ 97%] Built target vehicle_controller__rosidl_typesupport_introspection_c__pyext
[7.206s] [ 97%] Built target vehicle_controller__rosidl_typesupport_fastrtps_c__pyext
[28.630s] [100%] [32m[1mLinking CXX executable vehicle_controller_node[0m
[29.674s] [100%] Built target vehicle_controller_node
[29.701s] Invoked command in '/home/wowjw/Project/Automobile/Phase4/ros2_ws/build/vehicle_controller' returned '0': CMAKE_PREFIX_PATH=/home/wowjw/Project/Automobile/Phase4/ros2_ws/install/vehicle_interface:/home/wowjw/Project/Automobile/Phase4/ros2_ws/install/vehicle_controller:/home/wowjw/Project/Automobile/Phase4/install/vehicle_controller:/home/wowjw/Project/Automobile/Phase4/install/vehicle_interface:/opt/ros/humble LD_LIBRARY_PATH=/home/wowjw/Project/Automobile/Phase4/ros2_ws/install/vehicle_interface/lib:/home/wowjw/Project/Automobile/Phase4/ros2_ws/install/vehicle_controller/lib:/home/wowjw/Project/Automobile/Phase4/install/vehicle_controller/lib:/home/wowjw/Project/Automobile/Phase4/install/vehicle_interface/lib:/usr/local/cuda-12.6/lib64:/opt/ros/humble/opt/rviz_ogre_vendor/lib:/opt/ros/humble/lib/aarch64-linux-gnu:/opt/ros/humble/lib:/usr/local/cuda-12.6/lib64 /usr/bin/cmake --build /home/wowjw/Project/Automobile/Phase4/ros2_ws/build/vehicle_controller -- -j6 -l6
[29.706s] Invoking command in '/home/wowjw/Project/Automobile/Phase4/ros2_ws/build/vehicle_controller': CMAKE_PREFIX_PATH=/home/wowjw/Project/Automobile/Phase4/ros2_ws/install/vehicle_interface:/home/wowjw/Project/Automobile/Phase4/ros2_ws/install/vehicle_controller:/home/wowjw/Project/Automobile/Phase4/install/vehicle_controller:/home/wowjw/Project/Automobile/Phase4/install/vehicle_interface:/opt/ros/humble LD_LIBRARY_PATH=/home/wowjw/Project/Automobile/Phase4/ros2_ws/install/vehicle_interface/lib:/home/wowjw/Project/Automobile/Phase4/ros2_ws/install/vehicle_controller/lib:/home/wowjw/Project/Automobile/Phase4/install/vehicle_controller/lib:/home/wowjw/Project/Automobile/Phase4/install/vehicle_interface/lib:/usr/local/cuda-12.6/lib64:/opt/ros/humble/opt/rviz_ogre_vendor/lib:/opt/ros/humble/lib/aarch64-linux-gnu:/opt/ros/humble/lib:/usr/local/cuda-12.6/lib64 /usr/bin/cmake --install /home/wowjw/Project/Automobile/Phase4/ros2_ws/build/vehicle_controller
[29.723s] -- Install configuration: ""
[29.723s] -- Installing: /home/wowjw/Project/Automobile/Phase4/ros2_ws/install/vehicle_controller/share/ament_index/resource_index/rosidl_interfaces/vehicle_controller
[29.724s] -- Installing: /home/wowjw/Project/Automobile/Phase4/ros2_ws/install/vehicle_controller/include/vehicle_controller/vehicle_controller
[29.724s] -- Installing: /home/wowjw/Project/Automobile/Phase4/ros2_ws/install/vehicle_controller/include/vehicle_controller/vehicle_controller/msg
[29.724s] -- Installing: /home/wowjw/Project/Automobile/Phase4/ros2_ws/install/vehicle_controller/include/vehicle_controller/vehicle_controller/msg/vehicle_pose.h
[29.725s] -- Installing: /home/wowjw/Project/Automobile/Phase4/ros2_ws/install/vehicle_controller/include/vehicle_controller/vehicle_controller/msg/detail
[29.725s] -- Installing: /home/wowjw/Project/Automobile/Phase4/ros2_ws/install/vehicle_controller/include/vehicle_controller/vehicle_controller/msg/detail/vehicle_pose__functions.c
[29.725s] -- Installing: /home/wowjw/Project/Automobile/Phase4/ros2_ws/install/vehicle_controller/include/vehicle_controller/vehicle_controller/msg/detail/vehicle_pose__struct.h
[29.725s] -- Installing: /home/wowjw/Project/Automobile/Phase4/ros2_ws/install/vehicle_controller/include/vehicle_controller/vehicle_controller/msg/detail/vehicle_pose__functions.h
[29.725s] -- Installing: /home/wowjw/Project/Automobile/Phase4/ros2_ws/install/vehicle_controller/include/vehicle_controller/vehicle_controller/msg/detail/vehicle_pose__type_support.h
[29.726s] -- Installing: /home/wowjw/Project/Automobile/Phase4/ros2_ws/install/vehicle_controller/include/vehicle_controller/vehicle_controller/msg/rosidl_generator_c__visibility_control.h
[29.726s] -- Installing: /home/wowjw/Project/Automobile/Phase4/ros2_ws/install/vehicle_controller/share/vehicle_controller/environment/library_path.sh
[29.726s] -- Installing: /home/wowjw/Project/Automobile/Phase4/ros2_ws/install/vehicle_controller/share/vehicle_controller/environment/library_path.dsv
[29.727s] -- Installing: /home/wowjw/Project/Automobile/Phase4/ros2_ws/install/vehicle_controller/lib/libvehicle_controller__rosidl_generator_c.so
[29.728s] -- Set runtime path of "/home/wowjw/Project/Automobile/Phase4/ros2_ws/install/vehicle_controller/lib/libvehicle_controller__rosidl_generator_c.so" to ""
[29.728s] -- Up-to-date: /home/wowjw/Project/Automobile/Phase4/ros2_ws/install/vehicle_controller/include/vehicle_controller/vehicle_controller
[29.728s] -- Up-to-date: /home/wowjw/Project/Automobile/Phase4/ros2_ws/install/vehicle_controller/include/vehicle_controller/vehicle_controller/msg
[29.728s] -- Installing: /home/wowjw/Project/Automobile/Phase4/ros2_ws/install/vehicle_controller/include/vehicle_controller/vehicle_controller/msg/rosidl_typesupport_fastrtps_c__visibility_control.h
[29.729s] -- Up-to-date: /home/wowjw/Project/Automobile/Phase4/ros2_ws/install/vehicle_controller/include/vehicle_controller/vehicle_controller/msg/detail
[29.729s] -- Installing: /home/wowjw/Project/Automobile/Phase4/ros2_ws/install/vehicle_controller/include/vehicle_controller/vehicle_controller/msg/detail/vehicle_pose__rosidl_typesupport_fastrtps_c.h
[29.729s] -- Installing: /home/wowjw/Project/Automobile/Phase4/ros2_ws/install/vehicle_controller/lib/libvehicle_controller__rosidl_typesupport_fastrtps_c.so
[29.730s] -- Set runtime path of "/home/wowjw/Project/Automobile/Phase4/ros2_ws/install/vehicle_controller/lib/libvehicle_controller__rosidl_typesupport_fastrtps_c.so" to ""
[29.730s] -- Up-to-date: /home/wowjw/Project/Automobile/Phase4/ros2_ws/install/vehicle_controller/include/vehicle_controller/vehicle_controller
[29.730s] -- Up-to-date: /home/wowjw/Project/Automobile/Phase4/ros2_ws/install/vehicle_controller/include/vehicle_controller/vehicle_controller/msg
[29.730s] -- Installing: /home/wowjw/Project/Automobile/Phase4/ros2_ws/install/vehicle_controller/include/vehicle_controller/vehicle_controller/msg/rosidl_typesupport_introspection_c__visibility_control.h
[29.730s] -- Up-to-date: /home/wowjw/Project/Automobile/Phase4/ros2_ws/install/vehicle_controller/include/vehicle_controller/vehicle_controller/msg/detail
[29.731s] -- Installing: /home/wowjw/Project/Automobile/Phase4/ros2_ws/install/vehicle_controller/include/vehicle_controller/vehicle_controller/msg/detail/vehicle_pose__rosidl_typesupport_introspection_c.h
[29.731s] -- Installing: /home/wowjw/Project/Automobile/Phase4/ros2_ws/install/vehicle_controller/include/vehicle_controller/vehicle_controller/msg/detail/vehicle_pose__type_support.c
[29.731s] -- Installing: /home/wowjw/Project/Automobile/Phase4/ros2_ws/install/vehicle_controller/lib/libvehicle_controller__rosidl_typesupport_introspection_c.so
[29.731s] -- Set runtime path of "/home/wowjw/Project/Automobile/Phase4/ros2_ws/install/vehicle_controller/lib/libvehicle_controller__rosidl_typesupport_introspection_c.so" to ""
[29.731s] -- Installing: /home/wowjw/Project/Automobile/Phase4/ros2_ws/install/vehicle_controller/lib/libvehicle_controller__rosidl_typesupport_c.so
[29.732s] -- Set runtime path of "/home/wowjw/Project/Automobile/Phase4/ros2_ws/install/vehicle_controller/lib/libvehicle_controller__rosidl_typesupport_c.so" to ""
[29.732s] -- Up-to-date: /home/wowjw/Project/Automobile/Phase4/ros2_ws/install/vehicle_controller/include/vehicle_controller/vehicle_controller
[29.733s] -- Up-to-date: /home/wowjw/Project/Automobile/Phase4/ros2_ws/install/vehicle_controller/include/vehicle_controller/vehicle_controller/msg
[29.733s] -- Up-to-date: /home/wowjw/Project/Automobile/Phase4/ros2_ws/install/vehicle_controller/include/vehicle_controller/vehicle_controller/msg/detail
[29.733s] -- Installing: /home/wowjw/Project/Automobile/Phase4/ros2_ws/install/vehicle_controller/include/vehicle_controller/vehicle_controller/msg/detail/vehicle_pose__type_support.hpp
[29.733s] -- Installing: /home/wowjw/Project/Automobile/Phase4/ros2_ws/install/vehicle_controller/include/vehicle_controller/vehicle_controller/msg/detail/vehicle_pose__struct.hpp
[29.734s] -- Installing: /home/wowjw/Project/Automobile/Phase4/ros2_ws/install/vehicle_controller/include/vehicle_controller/vehicle_controller/msg/detail/vehicle_pose__traits.hpp
[29.734s] -- Installing: /home/wowjw/Project/Automobile/Phase4/ros2_ws/install/vehicle_controller/include/vehicle_controller/vehicle_controller/msg/detail/vehicle_pose__builder.hpp
[29.734s] -- Installing: /home/wowjw/Project/Automobile/Phase4/ros2_ws/install/vehicle_controller/include/vehicle_controller/vehicle_controller/msg/vehicle_pose.hpp
[29.734s] -- Installing: /home/wowjw/Project/Automobile/Phase4/ros2_ws/install/vehicle_controller/include/vehicle_controller/vehicle_controller/msg/rosidl_generator_cpp__visibility_control.hpp
[29.734s] -- Up-to-date: /home/wowjw/Project/Automobile/Phase4/ros2_ws/install/vehicle_controller/include/vehicle_controller/vehicle_controller
[29.735s] -- Up-to-date: /home/wowjw/Project/Automobile/Phase4/ros2_ws/install/vehicle_controller/include/vehicle_controller/vehicle_controller/msg
[29.735s] -- Installing: /home/wowjw/Project/Automobile/Phase4/ros2_ws/install/vehicle_controller/include/vehicle_controller/vehicle_controller/msg/rosidl_typesupport_fastrtps_cpp__visibility_control.h
[29.735s] -- Up-to-date: /home/wowjw/Project/Automobile/Phase4/ros2_ws/install/vehicle_controller/include/vehicle_controller/vehicle_controller/msg/detail
[29.735s] -- Installing: /home/wowjw/Project/Automobile/Phase4/ros2_ws/install/vehicle_controller/include/vehicle_controller/vehicle_controller/msg/detail/dds_fastrtps
[29.735s] -- Installing: /home/wowjw/Project/Automobile/Phase4/ros2_ws/install/vehicle_controller/include/vehicle_controller/vehicle_controller/msg/detail/vehicle_pose__rosidl_typesupport_fastrtps_cpp.hpp
[29.736s] -- Installing: /home/wowjw/Project/Automobile/Phase4/ros2_ws/install/vehicle_controller/lib/libvehicle_controller__rosidl_typesupport_fastrtps_cpp.so
[29.736s] -- Set runtime path of "/home/wowjw/Project/Automobile/Phase4/ros2_ws/install/vehicle_controller/lib/libvehicle_controller__rosidl_typesupport_fastrtps_cpp.so" to ""
[29.737s] -- Up-to-date: /home/wowjw/Project/Automobile/Phase4/ros2_ws/install/vehicle_controller/include/vehicle_controller/vehicle_controller
[29.737s] -- Up-to-date: /home/wowjw/Project/Automobile/Phase4/ros2_ws/install/vehicle_controller/include/vehicle_controller/vehicle_controller/msg
[29.737s] -- Up-to-date: /home/wowjw/Project/Automobile/Phase4/ros2_ws/install/vehicle_controller/include/vehicle_controller/vehicle_controller/msg/detail
[29.737s] -- Installing: /home/wowjw/Project/Automobile/Phase4/ros2_ws/install/vehicle_controller/include/vehicle_controller/vehicle_controller/msg/detail/vehicle_pose__rosidl_typesupport_introspection_cpp.hpp
[29.737s] -- Installing: /home/wowjw/Project/Automobile/Phase4/ros2_ws/install/vehicle_controller/include/vehicle_controller/vehicle_controller/msg/detail/vehicle_pose__type_support.cpp
[29.737s] -- Installing: /home/wowjw/Project/Automobile/Phase4/ros2_ws/install/vehicle_controller/lib/libvehicle_controller__rosidl_typesupport_introspection_cpp.so
[29.738s] -- Set runtime path of "/home/wowjw/Project/Automobile/Phase4/ros2_ws/install/vehicle_controller/lib/libvehicle_controller__rosidl_typesupport_introspection_cpp.so" to ""
[29.738s] -- Installing: /home/wowjw/Project/Automobile/Phase4/ros2_ws/install/vehicle_controller/lib/libvehicle_controller__rosidl_typesupport_cpp.so
[29.738s] -- Set runtime path of "/home/wowjw/Project/Automobile/Phase4/ros2_ws/install/vehicle_controller/lib/libvehicle_controller__rosidl_typesupport_cpp.so" to ""
[29.739s] -- Installing: /home/wowjw/Project/Automobile/Phase4/ros2_ws/install/vehicle_controller/share/vehicle_controller/environment/pythonpath.sh
[29.739s] -- Installing: /home/wowjw/Project/Automobile/Phase4/ros2_ws/install/vehicle_controller/share/vehicle_controller/environment/pythonpath.dsv
[29.739s] -- Installing: /home/wowjw/Project/Automobile/Phase4/ros2_ws/install/vehicle_controller/local/lib/python3.10/dist-packages/vehicle_controller-0.0.0-py3.10.egg-info
[29.739s] -- Installing: /home/wowjw/Project/Automobile/Phase4/ros2_ws/install/vehicle_controller/local/lib/python3.10/dist-packages/vehicle_controller-0.0.0-py3.10.egg-info/SOURCES.txt
[29.740s] -- Installing: /home/wowjw/Project/Automobile/Phase4/ros2_ws/install/vehicle_controller/local/lib/python3.10/dist-packages/vehicle_controller-0.0.0-py3.10.egg-info/dependency_links.txt
[29.740s] -- Installing: /home/wowjw/Project/Automobile/Phase4/ros2_ws/install/vehicle_controller/local/lib/python3.10/dist-packages/vehicle_controller-0.0.0-py3.10.egg-info/top_level.txt
[29.740s] -- Installing: /home/wowjw/Project/Automobile/Phase4/ros2_ws/install/vehicle_controller/local/lib/python3.10/dist-packages/vehicle_controller-0.0.0-py3.10.egg-info/PKG-INFO
[29.740s] -- Installing: /home/wowjw/Project/Automobile/Phase4/ros2_ws/install/vehicle_controller/local/lib/python3.10/dist-packages/vehicle_controller
[29.741s] -- Installing: /home/wowjw/Project/Automobile/Phase4/ros2_ws/install/vehicle_controller/local/lib/python3.10/dist-packages/vehicle_controller/libvehicle_controller__rosidl_generator_py.so
[29.741s] -- Installing: /home/wowjw/Project/Automobile/Phase4/ros2_ws/install/vehicle_controller/local/lib/python3.10/dist-packages/vehicle_controller/_vehicle_controller_s.ep.rosidl_typesupport_introspection_c.c
[29.741s] -- Installing: /home/wowjw/Project/Automobile/Phase4/ros2_ws/install/vehicle_controller/local/lib/python3.10/dist-packages/vehicle_controller/vehicle_controller_s__rosidl_typesupport_introspection_c.cpython-310-aarch64-linux-gnu.so
[29.741s] -- Installing: /home/wowjw/Project/Automobile/Phase4/ros2_ws/install/vehicle_controller/local/lib/python3.10/dist-packages/vehicle_controller/_vehicle_controller_s.ep.rosidl_typesupport_c.c
[29.742s] -- Installing: /home/wowjw/Project/Automobile/Phase4/ros2_ws/install/vehicle_controller/local/lib/python3.10/dist-packages/vehicle_controller/vehicle_controller_s__rosidl_typesupport_fastrtps_c.cpython-310-aarch64-linux-gnu.so
[29.742s] -- Installing: /home/wowjw/Project/Automobile/Phase4/ros2_ws/install/vehicle_controller/local/lib/python3.10/dist-packages/vehicle_controller/_vehicle_controller_s.ep.rosidl_typesupport_fastrtps_c.c
[29.742s] -- Installing: /home/wowjw/Project/Automobile/Phase4/ros2_ws/install/vehicle_controller/local/lib/python3.10/dist-packages/vehicle_controller/vehicle_controller_s__rosidl_typesupport_c.cpython-310-aarch64-linux-gnu.so
[29.743s] -- Installing: /home/wowjw/Project/Automobile/Phase4/ros2_ws/install/vehicle_controller/local/lib/python3.10/dist-packages/vehicle_controller/__init__.py
[29.743s] -- Installing: /home/wowjw/Project/Automobile/Phase4/ros2_ws/install/vehicle_controller/local/lib/python3.10/dist-packages/vehicle_controller/msg
[29.743s] -- Installing: /home/wowjw/Project/Automobile/Phase4/ros2_ws/install/vehicle_controller/local/lib/python3.10/dist-packages/vehicle_controller/msg/_vehicle_pose_s.c
[29.743s] -- Installing: /home/wowjw/Project/Automobile/Phase4/ros2_ws/install/vehicle_controller/local/lib/python3.10/dist-packages/vehicle_controller/msg/_vehicle_pose.py
[29.743s] -- Installing: /home/wowjw/Project/Automobile/Phase4/ros2_ws/install/vehicle_controller/local/lib/python3.10/dist-packages/vehicle_controller/msg/__init__.py
[29.805s] Listing '/home/wowjw/Project/Automobile/Phase4/ros2_ws/install/vehicle_controller/local/lib/python3.10/dist-packages/vehicle_controller'...
[29.806s] Compiling '/home/wowjw/Project/Automobile/Phase4/ros2_ws/install/vehicle_controller/local/lib/python3.10/dist-packages/vehicle_controller/__init__.py'...
[29.806s] Listing '/home/wowjw/Project/Automobile/Phase4/ros2_ws/install/vehicle_controller/local/lib/python3.10/dist-packages/vehicle_controller/msg'...
[29.806s] Compiling '/home/wowjw/Project/Automobile/Phase4/ros2_ws/install/vehicle_controller/local/lib/python3.10/dist-packages/vehicle_controller/msg/__init__.py'...
[29.806s] Compiling '/home/wowjw/Project/Automobile/Phase4/ros2_ws/install/vehicle_controller/local/lib/python3.10/dist-packages/vehicle_controller/msg/_vehicle_pose.py'...
[29.816s] -- Installing: /home/wowjw/Project/Automobile/Phase4/ros2_ws/install/vehicle_controller/local/lib/python3.10/dist-packages/vehicle_controller/vehicle_controller_s__rosidl_typesupport_fastrtps_c.cpython-310-aarch64-linux-gnu.so
[29.817s] -- Set runtime path of "/home/wowjw/Project/Automobile/Phase4/ros2_ws/install/vehicle_controller/local/lib/python3.10/dist-packages/vehicle_controller/vehicle_controller_s__rosidl_typesupport_fastrtps_c.cpython-310-aarch64-linux-gnu.so" to ""
[29.817s] -- Installing: /home/wowjw/Project/Automobile/Phase4/ros2_ws/install/vehicle_controller/local/lib/python3.10/dist-packages/vehicle_controller/vehicle_controller_s__rosidl_typesupport_introspection_c.cpython-310-aarch64-linux-gnu.so
[29.818s] -- Set runtime path of "/home/wowjw/Project/Automobile/Phase4/ros2_ws/install/vehicle_controller/local/lib/python3.10/dist-packages/vehicle_controller/vehicle_controller_s__rosidl_typesupport_introspection_c.cpython-310-aarch64-linux-gnu.so" to ""
[29.818s] -- Installing: /home/wowjw/Project/Automobile/Phase4/ros2_ws/install/vehicle_controller/local/lib/python3.10/dist-packages/vehicle_controller/vehicle_controller_s__rosidl_typesupport_c.cpython-310-aarch64-linux-gnu.so
[29.819s] -- Set runtime path of "/home/wowjw/Project/Automobile/Phase4/ros2_ws/install/vehicle_controller/local/lib/python3.10/dist-packages/vehicle_controller/vehicle_controller_s__rosidl_typesupport_c.cpython-310-aarch64-linux-gnu.so" to ""
[29.819s] -- Installing: /home/wowjw/Project/Automobile/Phase4/ros2_ws/install/vehicle_controller/lib/libvehicle_controller__rosidl_generator_py.so
[29.819s] -- Set runtime path of "/home/wowjw/Project/Automobile/Phase4/ros2_ws/install/vehicle_controller/lib/libvehicle_controller__rosidl_generator_py.so" to ""
[29.820s] -- Installing: /home/wowjw/Project/Automobile/Phase4/ros2_ws/install/vehicle_controller/share/vehicle_controller/msg/VehiclePose.idl
[29.820s] -- Installing: /home/wowjw/Project/Automobile/Phase4/ros2_ws/install/vehicle_controller/share/vehicle_controller/msg/VehiclePose.msg
[29.821s] -- Installing: /home/wowjw/Project/Automobile/Phase4/ros2_ws/install/vehicle_controller/lib/vehicle_controller/vehicle_controller_node
[29.835s] -- Set runtime path of "/home/wowjw/Project/Automobile/Phase4/ros2_ws/install/vehicle_controller/lib/vehicle_controller/vehicle_controller_node" to ""
[29.836s] -- Installing: /home/wowjw/Project/Automobile/Phase4/ros2_ws/install/vehicle_controller/share/ament_index/resource_index/package_run_dependencies/vehicle_controller
[29.836s] -- Installing: /home/wowjw/Project/Automobile/Phase4/ros2_ws/install/vehicle_controller/share/ament_index/resource_index/parent_prefix_path/vehicle_controller
[29.836s] -- Installing: /home/wowjw/Project/Automobile/Phase4/ros2_ws/install/vehicle_controller/share/vehicle_controller/environment/ament_prefix_path.sh
[29.837s] -- Installing: /home/wowjw/Project/Automobile/Phase4/ros2_ws/install/vehicle_controller/share/vehicle_controller/environment/ament_prefix_path.dsv
[29.837s] -- Installing: /home/wowjw/Project/Automobile/Phase4/ros2_ws/install/vehicle_controller/share/vehicle_controller/environment/path.sh
[29.837s] -- Installing: /home/wowjw/Project/Automobile/Phase4/ros2_ws/install/vehicle_controller/share/vehicle_controller/environment/path.dsv
[29.838s] -- Installing: /home/wowjw/Project/Automobile/Phase4/ros2_ws/install/vehicle_controller/share/vehicle_controller/local_setup.bash
[29.838s] -- Installing: /home/wowjw/Project/Automobile/Phase4/ros2_ws/install/vehicle_controller/share/vehicle_controller/local_setup.sh
[29.838s] -- Installing: /home/wowjw/Project/Automobile/Phase4/ros2_ws/install/vehicle_controller/share/vehicle_controller/local_setup.zsh
[29.839s] -- Installing: /home/wowjw/Project/Automobile/Phase4/ros2_ws/install/vehicle_controller/share/vehicle_controller/local_setup.dsv
[29.839s] -- Installing: /home/wowjw/Project/Automobile/Phase4/ros2_ws/install/vehicle_controller/share/vehicle_controller/package.dsv
[29.839s] -- Installing: /home/wowjw/Project/Automobile/Phase4/ros2_ws/install/vehicle_controller/share/ament_index/resource_index/packages/vehicle_controller
[29.840s] -- Installing: /home/wowjw/Project/Automobile/Phase4/ros2_ws/install/vehicle_controller/share/vehicle_controller/cmake/export_vehicle_controller__rosidl_generator_cExport.cmake
[29.840s] -- Installing: /home/wowjw/Project/Automobile/Phase4/ros2_ws/install/vehicle_controller/share/vehicle_controller/cmake/export_vehicle_controller__rosidl_generator_cExport-noconfig.cmake
[29.841s] -- Installing: /home/wowjw/Project/Automobile/Phase4/ros2_ws/install/vehicle_controller/share/vehicle_controller/cmake/export_vehicle_controller__rosidl_typesupport_fastrtps_cExport.cmake
[29.841s] -- Installing: /home/wowjw/Project/Automobile/Phase4/ros2_ws/install/vehicle_controller/share/vehicle_controller/cmake/export_vehicle_controller__rosidl_typesupport_fastrtps_cExport-noconfig.cmake
[29.841s] -- Installing: /home/wowjw/Project/Automobile/Phase4/ros2_ws/install/vehicle_controller/share/vehicle_controller/cmake/vehicle_controller__rosidl_typesupport_introspection_cExport.cmake
[29.842s] -- Installing: /home/wowjw/Project/Automobile/Phase4/ros2_ws/install/vehicle_controller/share/vehicle_controller/cmake/vehicle_controller__rosidl_typesupport_introspection_cExport-noconfig.cmake
[29.842s] -- Installing: /home/wowjw/Project/Automobile/Phase4/ros2_ws/install/vehicle_controller/share/vehicle_controller/cmake/vehicle_controller__rosidl_typesupport_cExport.cmake
[29.842s] -- Installing: /home/wowjw/Project/Automobile/Phase4/ros2_ws/install/vehicle_controller/share/vehicle_controller/cmake/vehicle_controller__rosidl_typesupport_cExport-noconfig.cmake
[29.843s] -- Installing: /home/wowjw/Project/Automobile/Phase4/ros2_ws/install/vehicle_controller/share/vehicle_controller/cmake/export_vehicle_controller__rosidl_generator_cppExport.cmake
[29.843s] -- Installing: /home/wowjw/Project/Automobile/Phase4/ros2_ws/install/vehicle_controller/share/vehicle_controller/cmake/export_vehicle_controller__rosidl_typesupport_fastrtps_cppExport.cmake
[29.844s] -- Installing: /home/wowjw/Project/Automobile/Phase4/ros2_ws/install/vehicle_controller/share/vehicle_controller/cmake/export_vehicle_controller__rosidl_typesupport_fastrtps_cppExport-noconfig.cmake
[29.844s] -- Installing: /home/wowjw/Project/Automobile/Phase4/ros2_ws/install/vehicle_controller/share/vehicle_controller/cmake/vehicle_controller__rosidl_typesupport_introspection_cppExport.cmake
[29.845s] -- Installing: /home/wowjw/Project/Automobile/Phase4/ros2_ws/install/vehicle_controller/share/vehicle_controller/cmake/vehicle_controller__rosidl_typesupport_introspection_cppExport-noconfig.cmake
[29.845s] -- Installing: /home/wowjw/Project/Automobile/Phase4/ros2_ws/install/vehicle_controller/share/vehicle_controller/cmake/vehicle_controller__rosidl_typesupport_cppExport.cmake
[29.845s] -- Installing: /home/wowjw/Project/Automobile/Phase4/ros2_ws/install/vehicle_controller/share/vehicle_controller/cmake/vehicle_controller__rosidl_typesupport_cppExport-noconfig.cmake
[29.845s] -- Installing: /home/wowjw/Project/Automobile/Phase4/ros2_ws/install/vehicle_controller/share/vehicle_controller/cmake/export_vehicle_controller__rosidl_generator_pyExport.cmake
[29.846s] -- Installing: /home/wowjw/Project/Automobile/Phase4/ros2_ws/install/vehicle_controller/share/vehicle_controller/cmake/export_vehicle_controller__rosidl_generator_pyExport-noconfig.cmake
[29.846s] -- Installing: /home/wowjw/Project/Automobile/Phase4/ros2_ws/install/vehicle_controller/share/vehicle_controller/cmake/rosidl_cmake-extras.cmake
[29.847s] -- Installing: /home/wowjw/Project/Automobile/Phase4/ros2_ws/install/vehicle_controller/share/vehicle_controller/cmake/ament_cmake_export_include_directories-extras.cmake
[29.847s] -- Installing: /home/wowjw/Project/Automobile/Phase4/ros2_ws/install/vehicle_controller/share/vehicle_controller/cmake/ament_cmake_export_libraries-extras.cmake
[29.847s] -- Installing: /home/wowjw/Project/Automobile/Phase4/ros2_ws/install/vehicle_controller/share/vehicle_controller/cmake/ament_cmake_export_targets-extras.cmake
[29.848s] -- Installing: /home/wowjw/Project/Automobile/Phase4/ros2_ws/install/vehicle_controller/share/vehicle_controller/cmake/rosidl_cmake_export_typesupport_targets-extras.cmake
[29.848s] -- Installing: /home/wowjw/Project/Automobile/Phase4/ros2_ws/install/vehicle_controller/share/vehicle_controller/cmake/ament_cmake_export_dependencies-extras.cmake
[29.849s] -- Installing: /home/wowjw/Project/Automobile/Phase4/ros2_ws/install/vehicle_controller/share/vehicle_controller/cmake/rosidl_cmake_export_typesupport_libraries-extras.cmake
[29.849s] -- Installing: /home/wowjw/Project/Automobile/Phase4/ros2_ws/install/vehicle_controller/share/vehicle_controller/cmake/vehicle_controllerConfig.cmake
[29.849s] -- Installing: /home/wowjw/Project/Automobile/Phase4/ros2_ws/install/vehicle_controller/share/vehicle_controller/cmake/vehicle_controllerConfig-version.cmake
[29.850s] -- Installing: /home/wowjw/Project/Automobile/Phase4/ros2_ws/install/vehicle_controller/share/vehicle_controller/package.xml
[29.857s] Invoked command in '/home/wowjw/Project/Automobile/Phase4/ros2_ws/build/vehicle_controller' returned '0': CMAKE_PREFIX_PATH=/home/wowjw/Project/Automobile/Phase4/ros2_ws/install/vehicle_interface:/home/wowjw/Project/Automobile/Phase4/ros2_ws/install/vehicle_controller:/home/wowjw/Project/Automobile/Phase4/install/vehicle_controller:/home/wowjw/Project/Automobile/Phase4/install/vehicle_interface:/opt/ros/humble LD_LIBRARY_PATH=/home/wowjw/Project/Automobile/Phase4/ros2_ws/install/vehicle_interface/lib:/home/wowjw/Project/Automobile/Phase4/ros2_ws/install/vehicle_controller/lib:/home/wowjw/Project/Automobile/Phase4/install/vehicle_controller/lib:/home/wowjw/Project/Automobile/Phase4/install/vehicle_interface/lib:/usr/local/cuda-12.6/lib64:/opt/ros/humble/opt/rviz_ogre_vendor/lib:/opt/ros/humble/lib/aarch64-linux-gnu:/opt/ros/humble/lib:/usr/local/cuda-12.6/lib64 /usr/bin/cmake --install /home/wowjw/Project/Automobile/Phase4/ros2_ws/build/vehicle_controller
