-- Found ament_cmake: 1.3.12 (/opt/ros/humble/share/ament_cmake/cmake)
-- Found rclcpp: 16.0.17 (/opt/ros/humble/share/rclcpp/cmake)
-- Found rosidl_generator_c: 3.1.8 (/opt/ros/humble/share/rosidl_generator_c/cmake)
-- Found rosidl_adapter: 3.1.8 (/opt/ros/humble/share/rosidl_adapter/cmake)
-- Found rosidl_generator_cpp: 3.1.8 (/opt/ros/humble/share/rosidl_generator_cpp/cmake)
-- Using all available rosidl_typesupport_c: rosidl_typesupport_fastrtps_c;rosidl_typesupport_introspection_c
-- Using all available rosidl_typesupport_cpp: rosidl_typesupport_fastrtps_cpp;rosidl_typesupport_introspection_cpp
-- Found rmw_implementation_cmake: 6.1.2 (/opt/ros/humble/share/rmw_implementation_cmake/cmake)
-- Found rmw_fastrtps_cpp: 6.2.9 (/opt/ros/humble/share/rmw_fastrtps_cpp/cmake)
-- Using RMW implementation 'rmw_fastrtps_cpp' as default
-- Found rosidl_default_generators: 1.2.0 (/opt/ros/humble/share/rosidl_default_generators/cmake)
-- Found ament_cmake_ros: 0.10.0 (/opt/ros/humble/share/ament_cmake_ros/cmake)
-- Using all available rosidl_typesupport_c: rosidl_typesupport_fastrtps_c;rosidl_typesupport_introspection_c
-- Using all available rosidl_typesupport_cpp: rosidl_typesupport_fastrtps_cpp;rosidl_typesupport_introspection_cpp
-- Found PythonInterp: /usr/bin/python3 (found suitable version "3.10.12", minimum required is "3.6") 
-- Found python_cmake_module: 0.10.0 (/opt/ros/humble/share/python_cmake_module/cmake)
-- Found PythonLibs: /usr/lib/aarch64-linux-gnu/libpython3.10.so (found suitable version "3.10.12", minimum required is "3.5") 
-- Using PYTHON_EXECUTABLE: /usr/bin/python3
-- Using PYTHON_INCLUDE_DIRS: /usr/include/python3.10
-- Using PYTHON_LIBRARIES: /usr/lib/aarch64-linux-gnu/libpython3.10.so
-- Found PythonExtra: .so  
-- Configuring done
-- Generating done
-- Build files have been written to: /home/wowjw/Project/Automobile/Phase4/ros2_ws/src/vehicle_interface/build/vehicle_interface
[  2%] [34m[1mGenerating C code for ROS interfaces[0m
[  4%] [34m[1mGenerating C++ code for ROS interfaces[0m
[  4%] Built target ament_cmake_python_copy_vehicle_interface
running egg_info
creating vehicle_interface.egg-info
writing vehicle_interface.egg-info/PKG-INFO
writing dependency_links to vehicle_interface.egg-info/dependency_links.txt
writing top-level names to vehicle_interface.egg-info/top_level.txt
writing manifest file 'vehicle_interface.egg-info/SOURCES.txt'
reading manifest file 'vehicle_interface.egg-info/SOURCES.txt'
writing manifest file 'vehicle_interface.egg-info/SOURCES.txt'
[  4%] Built target ament_cmake_python_build_vehicle_interface_egg
[  4%] Built target vehicle_interface__cpp
[  6%] [34m[1mGenerating C++ introspection for ROS interfaces[0m
[  9%] [34m[1mGenerating C++ type support for eProsima Fast-RTPS[0m
[ 11%] [34m[1mGenerating C++ type support dispatch for ROS interfaces[0m
[ 16%] [32mBuilding C object CMakeFiles/vehicle_interface__rosidl_generator_c.dir/rosidl_generator_c/vehicle_interface/msg/detail/vehicle_command__functions.c.o[0m
[ 16%] [32mBuilding C object CMakeFiles/vehicle_interface__rosidl_generator_c.dir/rosidl_generator_c/vehicle_interface/msg/detail/vehicle_feedback__functions.c.o[0m
[ 18%] [32m[1mLinking C shared library libvehicle_interface__rosidl_generator_c.so[0m
[ 18%] Built target vehicle_interface__rosidl_generator_c
[ 23%] [34m[1mGenerating C introspection for ROS interfaces[0m
[ 23%] [34m[1mGenerating C type support dispatch for ROS interfaces[0m
[ 25%] [34m[1mGenerating C type support for eProsima Fast-RTPS[0m
[ 27%] [32mBuilding CXX object CMakeFiles/vehicle_interface__rosidl_typesupport_cpp.dir/rosidl_typesupport_cpp/vehicle_interface/msg/vehicle_command__type_support.cpp.o[0m
[ 30%] [32mBuilding CXX object CMakeFiles/vehicle_interface__rosidl_typesupport_introspection_cpp.dir/rosidl_typesupport_introspection_cpp/vehicle_interface/msg/detail/vehicle_command__type_support.cpp.o[0m
[ 32%] [32mBuilding CXX object CMakeFiles/vehicle_interface__rosidl_typesupport_fastrtps_cpp.dir/rosidl_typesupport_fastrtps_cpp/vehicle_interface/msg/detail/dds_fastrtps/vehicle_command__type_support.cpp.o[0m
[ 34%] [32mBuilding CXX object CMakeFiles/vehicle_interface__rosidl_typesupport_c.dir/rosidl_typesupport_c/vehicle_interface/msg/vehicle_command__type_support.cpp.o[0m
[ 37%] [32mBuilding C object CMakeFiles/vehicle_interface__rosidl_typesupport_introspection_c.dir/rosidl_typesupport_introspection_c/vehicle_interface/msg/detail/vehicle_command__type_support.c.o[0m
[ 39%] [32mBuilding CXX object CMakeFiles/vehicle_interface__rosidl_typesupport_c.dir/rosidl_typesupport_c/vehicle_interface/msg/vehicle_feedback__type_support.cpp.o[0m
[ 41%] [32mBuilding CXX object CMakeFiles/vehicle_interface__rosidl_typesupport_fastrtps_c.dir/rosidl_typesupport_fastrtps_c/vehicle_interface/msg/detail/vehicle_command__type_support_c.cpp.o[0m
[ 46%] [32m[1mLinking CXX shared library libvehicle_interface__rosidl_typesupport_c.so[0m
[ 46%] [32mBuilding C object CMakeFiles/vehicle_interface__rosidl_typesupport_introspection_c.dir/rosidl_typesupport_introspection_c/vehicle_interface/msg/detail/vehicle_feedback__type_support.c.o[0m
[ 48%] [32m[1mLinking C shared library libvehicle_interface__rosidl_typesupport_introspection_c.so[0m
[ 48%] Built target vehicle_interface__rosidl_typesupport_c
[ 51%] [32mBuilding CXX object CMakeFiles/vehicle_interface__rosidl_typesupport_fastrtps_c.dir/rosidl_typesupport_fastrtps_c/vehicle_interface/msg/detail/vehicle_feedback__type_support_c.cpp.o[0m
[ 51%] Built target vehicle_interface__rosidl_typesupport_introspection_c
[ 53%] [32mBuilding CXX object CMakeFiles/vehicle_interface__rosidl_typesupport_fastrtps_cpp.dir/rosidl_typesupport_fastrtps_cpp/vehicle_interface/msg/detail/dds_fastrtps/vehicle_feedback__type_support.cpp.o[0m
[ 55%] [32mBuilding CXX object CMakeFiles/vehicle_interface__rosidl_typesupport_cpp.dir/rosidl_typesupport_cpp/vehicle_interface/msg/vehicle_feedback__type_support.cpp.o[0m
[ 58%] [32mBuilding CXX object CMakeFiles/vehicle_interface__rosidl_typesupport_introspection_cpp.dir/rosidl_typesupport_introspection_cpp/vehicle_interface/msg/detail/vehicle_feedback__type_support.cpp.o[0m
[ 60%] [32m[1mLinking CXX shared library libvehicle_interface__rosidl_typesupport_fastrtps_c.so[0m
[ 62%] [32m[1mLinking CXX shared library libvehicle_interface__rosidl_typesupport_cpp.so[0m
[ 62%] Built target vehicle_interface__rosidl_typesupport_fastrtps_c
[ 62%] Built target vehicle_interface__rosidl_typesupport_cpp
[ 69%] [32mBuilding CXX object CMakeFiles/vehicle_interface_node.dir/src/Uart_drv.cpp.o[0m
[ 69%] [32mBuilding CXX object CMakeFiles/vehicle_interface_node.dir/src/Vehicle_Ctrl_Node.cpp.o[0m
[ 69%] [32mBuilding CXX object CMakeFiles/vehicle_interface_node.dir/src/main.cpp.o[0m
[ 72%] [32m[1mLinking CXX shared library libvehicle_interface__rosidl_typesupport_fastrtps_cpp.so[0m
[ 72%] Built target vehicle_interface__rosidl_typesupport_fastrtps_cpp
[ 74%] [32m[1mLinking CXX shared library libvehicle_interface__rosidl_typesupport_introspection_cpp.so[0m
[ 74%] Built target vehicle_interface__rosidl_typesupport_introspection_cpp
