[0.015s] Invoking command in '/home/wowjw/Project/Automobile/Phase4/ros2_ws/src/vehicle_interface/build/vehicle_interface': CMAKE_PREFIX_PATH=/opt/ros/humble /usr/bin/cmake /home/wowjw/Project/Automobile/Phase4/ros2_ws/src/vehicle_interface -DCMAKE_INSTALL_PREFIX=/home/wowjw/Project/Automobile/Phase4/ros2_ws/src/vehicle_interface/install/vehicle_interface
[0.038s] -- Found ament_cmake: 1.3.12 (/opt/ros/humble/share/ament_cmake/cmake)
[0.295s] -- Found rclcpp: 16.0.17 (/opt/ros/humble/share/rclcpp/cmake)
[0.358s] -- Found rosidl_generator_c: 3.1.8 (/opt/ros/humble/share/rosidl_generator_c/cmake)
[0.362s] -- Found rosidl_adapter: 3.1.8 (/opt/ros/humble/share/rosidl_adapter/cmake)
[0.371s] -- Found rosidl_generator_cpp: 3.1.8 (/opt/ros/humble/share/rosidl_generator_cpp/cmake)
[0.386s] -- Using all available rosidl_typesupport_c: rosidl_typesupport_fastrtps_c;rosidl_typesupport_introspection_c
[0.406s] -- Using all available rosidl_typesupport_cpp: rosidl_typesupport_fastrtps_cpp;rosidl_typesupport_introspection_cpp
[0.457s] -- Found rmw_implementation_cmake: 6.1.2 (/opt/ros/humble/share/rmw_implementation_cmake/cmake)
[0.459s] -- Found rmw_fastrtps_cpp: 6.2.9 (/opt/ros/humble/share/rmw_fastrtps_cpp/cmake)
[0.622s] -- Using RMW implementation 'rmw_fastrtps_cpp' as default
[0.702s] -- Found rosidl_default_generators: 1.2.0 (/opt/ros/humble/share/rosidl_default_generators/cmake)
[1.221s] -- Found ament_cmake_ros: 0.10.0 (/opt/ros/humble/share/ament_cmake_ros/cmake)
[1.897s] -- Using all available rosidl_typesupport_c: rosidl_typesupport_fastrtps_c;rosidl_typesupport_introspection_c
[2.161s] -- Using all available rosidl_typesupport_cpp: rosidl_typesupport_fastrtps_cpp;rosidl_typesupport_introspection_cpp
[2.218s] -- Found PythonInterp: /usr/bin/python3 (found suitable version "3.10.12", minimum required is "3.6") 
[2.222s] -- Found python_cmake_module: 0.10.0 (/opt/ros/humble/share/python_cmake_module/cmake)
[2.281s] -- Found PythonLibs: /usr/lib/aarch64-linux-gnu/libpython3.10.so (found suitable version "3.10.12", minimum required is "3.5") 
[2.281s] -- Using PYTHON_EXECUTABLE: /usr/bin/python3
[2.281s] -- Using PYTHON_INCLUDE_DIRS: /usr/include/python3.10
[2.282s] -- Using PYTHON_LIBRARIES: /usr/lib/aarch64-linux-gnu/libpython3.10.so
[2.324s] -- Found PythonExtra: .so  
[2.419s] -- Configuring done
[2.500s] -- Generating done
[2.521s] -- Build files have been written to: /home/wowjw/Project/Automobile/Phase4/ros2_ws/src/vehicle_interface/build/vehicle_interface
[2.544s] Invoked command in '/home/wowjw/Project/Automobile/Phase4/ros2_ws/src/vehicle_interface/build/vehicle_interface' returned '0': CMAKE_PREFIX_PATH=/opt/ros/humble /usr/bin/cmake /home/wowjw/Project/Automobile/Phase4/ros2_ws/src/vehicle_interface -DCMAKE_INSTALL_PREFIX=/home/wowjw/Project/Automobile/Phase4/ros2_ws/src/vehicle_interface/install/vehicle_interface
[2.549s] Invoking command in '/home/wowjw/Project/Automobile/Phase4/ros2_ws/src/vehicle_interface/build/vehicle_interface': CMAKE_PREFIX_PATH=/opt/ros/humble /usr/bin/cmake --build /home/wowjw/Project/Automobile/Phase4/ros2_ws/src/vehicle_interface/build/vehicle_interface -- -j6 -l6
[2.629s] [  2%] [34m[1mGenerating C code for ROS interfaces[0m
[2.648s] [  4%] [34m[1mGenerating C++ code for ROS interfaces[0m
[2.667s] [  4%] Built target ament_cmake_python_copy_vehicle_interface
[3.132s] running egg_info
[3.133s] creating vehicle_interface.egg-info
[3.134s] writing vehicle_interface.egg-info/PKG-INFO
[3.134s] writing dependency_links to vehicle_interface.egg-info/dependency_links.txt
[3.135s] writing top-level names to vehicle_interface.egg-info/top_level.txt
[3.135s] writing manifest file 'vehicle_interface.egg-info/SOURCES.txt'
[3.140s] reading manifest file 'vehicle_interface.egg-info/SOURCES.txt'
[3.140s] writing manifest file 'vehicle_interface.egg-info/SOURCES.txt'
[3.210s] [  4%] Built target ament_cmake_python_build_vehicle_interface_egg
[3.266s] [  4%] Built target vehicle_interface__cpp
[3.284s] [  6%] [34m[1mGenerating C++ introspection for ROS interfaces[0m
[3.284s] [  9%] [34m[1mGenerating C++ type support for eProsima Fast-RTPS[0m
[3.285s] [ 11%] [34m[1mGenerating C++ type support dispatch for ROS interfaces[0m
[3.288s] [ 16%] [32mBuilding C object CMakeFiles/vehicle_interface__rosidl_generator_c.dir/rosidl_generator_c/vehicle_interface/msg/detail/vehicle_command__functions.c.o[0m
[3.289s] [ 16%] [32mBuilding C object CMakeFiles/vehicle_interface__rosidl_generator_c.dir/rosidl_generator_c/vehicle_interface/msg/detail/vehicle_feedback__functions.c.o[0m
[3.394s] [ 18%] [32m[1mLinking C shared library libvehicle_interface__rosidl_generator_c.so[0m
[3.460s] [ 18%] Built target vehicle_interface__rosidl_generator_c
[3.477s] [ 23%] [34m[1mGenerating C introspection for ROS interfaces[0m
[3.478s] [ 23%] [34m[1mGenerating C type support dispatch for ROS interfaces[0m
[3.478s] [ 25%] [34m[1mGenerating C type support for eProsima Fast-RTPS[0m
[3.817s] [ 27%] [32mBuilding CXX object CMakeFiles/vehicle_interface__rosidl_typesupport_cpp.dir/rosidl_typesupport_cpp/vehicle_interface/msg/vehicle_command__type_support.cpp.o[0m
[3.883s] [ 30%] [32mBuilding CXX object CMakeFiles/vehicle_interface__rosidl_typesupport_introspection_cpp.dir/rosidl_typesupport_introspection_cpp/vehicle_interface/msg/detail/vehicle_command__type_support.cpp.o[0m
[3.889s] [ 32%] [32mBuilding CXX object CMakeFiles/vehicle_interface__rosidl_typesupport_fastrtps_cpp.dir/rosidl_typesupport_fastrtps_cpp/vehicle_interface/msg/detail/dds_fastrtps/vehicle_command__type_support.cpp.o[0m
[3.995s] [ 34%] [32mBuilding CXX object CMakeFiles/vehicle_interface__rosidl_typesupport_c.dir/rosidl_typesupport_c/vehicle_interface/msg/vehicle_command__type_support.cpp.o[0m
[4.057s] [ 37%] [32mBuilding C object CMakeFiles/vehicle_interface__rosidl_typesupport_introspection_c.dir/rosidl_typesupport_introspection_c/vehicle_interface/msg/detail/vehicle_command__type_support.c.o[0m
[4.063s] [ 39%] [32mBuilding CXX object CMakeFiles/vehicle_interface__rosidl_typesupport_c.dir/rosidl_typesupport_c/vehicle_interface/msg/vehicle_feedback__type_support.cpp.o[0m
[4.122s] [ 41%] [32mBuilding CXX object CMakeFiles/vehicle_interface__rosidl_typesupport_fastrtps_c.dir/rosidl_typesupport_fastrtps_c/vehicle_interface/msg/detail/vehicle_command__type_support_c.cpp.o[0m
[4.124s] [ 46%] [32m[1mLinking CXX shared library libvehicle_interface__rosidl_typesupport_c.so[0m
[4.124s] [ 46%] [32mBuilding C object CMakeFiles/vehicle_interface__rosidl_typesupport_introspection_c.dir/rosidl_typesupport_introspection_c/vehicle_interface/msg/detail/vehicle_feedback__type_support.c.o[0m
[4.187s] [ 48%] [32m[1mLinking C shared library libvehicle_interface__rosidl_typesupport_introspection_c.so[0m
[4.199s] [ 48%] Built target vehicle_interface__rosidl_typesupport_c
[4.216s] [ 51%] [32mBuilding CXX object CMakeFiles/vehicle_interface__rosidl_typesupport_fastrtps_c.dir/rosidl_typesupport_fastrtps_c/vehicle_interface/msg/detail/vehicle_feedback__type_support_c.cpp.o[0m
[4.247s] [ 51%] Built target vehicle_interface__rosidl_typesupport_introspection_c
[4.265s] [ 53%] [32mBuilding CXX object CMakeFiles/vehicle_interface__rosidl_typesupport_fastrtps_cpp.dir/rosidl_typesupport_fastrtps_cpp/vehicle_interface/msg/detail/dds_fastrtps/vehicle_feedback__type_support.cpp.o[0m
[4.430s] [ 55%] [32mBuilding CXX object CMakeFiles/vehicle_interface__rosidl_typesupport_cpp.dir/rosidl_typesupport_cpp/vehicle_interface/msg/vehicle_feedback__type_support.cpp.o[0m
[4.675s] [ 58%] [32mBuilding CXX object CMakeFiles/vehicle_interface__rosidl_typesupport_introspection_cpp.dir/rosidl_typesupport_introspection_cpp/vehicle_interface/msg/detail/vehicle_feedback__type_support.cpp.o[0m
[4.880s] [ 60%] [32m[1mLinking CXX shared library libvehicle_interface__rosidl_typesupport_fastrtps_c.so[0m
[4.970s] [ 62%] [32m[1mLinking CXX shared library libvehicle_interface__rosidl_typesupport_cpp.so[0m
[5.036s] [ 62%] Built target vehicle_interface__rosidl_typesupport_fastrtps_c
[5.039s] [ 62%] Built target vehicle_interface__rosidl_typesupport_cpp
[5.075s] [ 69%] [32mBuilding CXX object CMakeFiles/vehicle_interface_node.dir/src/Uart_drv.cpp.o[0m
[5.075s] [ 69%] [32mBuilding CXX object CMakeFiles/vehicle_interface_node.dir/src/Vehicle_Ctrl_Node.cpp.o[0m
[5.075s] [ 69%] [32mBuilding CXX object CMakeFiles/vehicle_interface_node.dir/src/main.cpp.o[0m
[5.091s] [ 72%] [32m[1mLinking CXX shared library libvehicle_interface__rosidl_typesupport_fastrtps_cpp.so[0m
[5.096s] [01m[K/home/wowjw/Project/Automobile/Phase4/ros2_ws/src/vehicle_interface/src/main.cpp:1:10:[m[K [01;31m[Kfatal error: [m[KVehicle_Ctrl_Node.h: No such file or directory
[5.097s]     1 | #include [01;31m[K"Vehicle_Ctrl_Node.h"[m[K
[5.097s]       |          [01;31m[K^~~~~~~~~~~~~~~~~~~~~[m[K
[5.097s] [01m[K/home/wowjw/Project/Automobile/Phase4/ros2_ws/src/vehicle_interface/src/Vehicle_Ctrl_Node.cpp:1:10:[m[K [01;31m[Kfatal error: [m[KVehicle_Ctrl_Node.h: No such file or directory
[5.097s]     1 | #include [01;31m[K"Vehicle_Ctrl_Node.h"[m[K
[5.097s]       |          [01;31m[K^~~~~~~~~~~~~~~~~~~~~[m[K
[5.097s] compilation terminated.
[5.098s] compilation terminated.
[5.098s] gmake[2]: *** [CMakeFiles/vehicle_interface_node.dir/build.make:90: CMakeFiles/vehicle_interface_node.dir/src/Vehicle_Ctrl_Node.cpp.o] Error 1
[5.098s] gmake[2]: *** Waiting for unfinished jobs....
[5.099s] gmake[2]: *** [CMakeFiles/vehicle_interface_node.dir/build.make:76: CMakeFiles/vehicle_interface_node.dir/src/main.cpp.o] Error 1
[5.137s] [01m[K/home/wowjw/Project/Automobile/Phase4/ros2_ws/src/vehicle_interface/src/Uart_drv.cpp:6:10:[m[K [01;31m[Kfatal error: [m[KUart_drv.hpp: No such file or directory
[5.137s]     6 | #include [01;31m[K"Uart_drv.hpp"[m[K
[5.138s]       |          [01;31m[K^~~~~~~~~~~~~~[m[K
[5.138s] compilation terminated.
[5.139s] gmake[2]: *** [CMakeFiles/vehicle_interface_node.dir/build.make:104: CMakeFiles/vehicle_interface_node.dir/src/Uart_drv.cpp.o] Error 1
[5.139s] gmake[1]: *** [CMakeFiles/Makefile2:593: CMakeFiles/vehicle_interface_node.dir/all] Error 2
[5.140s] gmake[1]: *** Waiting for unfinished jobs....
[5.235s] [ 72%] Built target vehicle_interface__rosidl_typesupport_fastrtps_cpp
[5.403s] [ 74%] [32m[1mLinking CXX shared library libvehicle_interface__rosidl_typesupport_introspection_cpp.so[0m
[5.476s] [ 74%] Built target vehicle_interface__rosidl_typesupport_introspection_cpp
[5.478s] gmake: *** [Makefile:146: all] Error 2
[5.484s] Invoked command in '/home/wowjw/Project/Automobile/Phase4/ros2_ws/src/vehicle_interface/build/vehicle_interface' returned '2': CMAKE_PREFIX_PATH=/opt/ros/humble /usr/bin/cmake --build /home/wowjw/Project/Automobile/Phase4/ros2_ws/src/vehicle_interface/build/vehicle_interface -- -j6 -l6
