-- The C compiler identification is GNU 11.4.0
-- The CXX compiler identification is GNU 11.4.0
-- Detecting C compiler ABI info
-- Detecting C compiler ABI info - done
-- Check for working C compiler: /usr/bin/cc - skipped
-- Detecting C compile features
-- Detecting C compile features - done
-- Detecting CXX compiler ABI info
-- Detecting CXX compiler ABI info - done
-- Check for working CXX compiler: /usr/bin/c++ - skipped
-- Detecting CXX compile features
-- Detecting CXX compile features - done
-- Found ament_cmake: 1.3.12 (/opt/ros/humble/share/ament_cmake/cmake)
-- Found Python3: /usr/bin/python3 (found version "3.10.12") found components: Interpreter 
-- Found rclcpp: 16.0.17 (/opt/ros/humble/share/rclcpp/cmake)
-- Found rosidl_generator_c: 3.1.8 (/opt/ros/humble/share/rosidl_generator_c/cmake)
-- Found rosidl_adapter: 3.1.8 (/opt/ros/humble/share/rosidl_adapter/cmake)
-- Found rosidl_generator_cpp: 3.1.8 (/opt/ros/humble/share/rosidl_generator_cpp/cmake)
-- Using all available rosidl_typesupport_c: rosidl_typesupport_fastrtps_c;rosidl_typesupport_introspection_c
-- Using all available rosidl_typesupport_cpp: rosidl_typesupport_fastrtps_cpp;rosidl_typesupport_introspection_cpp
-- Found rmw_implementation_cmake: 6.1.2 (/opt/ros/humble/share/rmw_implementation_cmake/cmake)
-- Found rmw_fastrtps_cpp: 6.2.9 (/opt/ros/humble/share/rmw_fastrtps_cpp/cmake)
-- Found OpenSSL: /usr/lib/aarch64-linux-gnu/libcrypto.so (found version "3.0.2")  
-- Found FastRTPS: /opt/ros/humble/include  
-- Using RMW implementation 'rmw_fastrtps_cpp' as default
-- Looking for pthread.h
-- Looking for pthread.h - found
-- Performing Test CMAKE_HAVE_LIBC_PTHREAD
-- Performing Test CMAKE_HAVE_LIBC_PTHREAD - Success
-- Found Threads: TRUE  
-- Found rosidl_default_generators: 1.2.0 (/opt/ros/humble/share/rosidl_default_generators/cmake)
-- Found ament_cmake_ros: 0.10.0 (/opt/ros/humble/share/ament_cmake_ros/cmake)
-- Using all available rosidl_typesupport_c: rosidl_typesupport_fastrtps_c;rosidl_typesupport_introspection_c
-- Using all available rosidl_typesupport_cpp: rosidl_typesupport_fastrtps_cpp;rosidl_typesupport_introspection_cpp
-- Found PythonInterp: /usr/bin/python3 (found suitable version "3.10.12", minimum required is "3.6") 
-- Found python_cmake_module: 0.10.0 (/opt/ros/humble/share/python_cmake_module/cmake)
-- Found PythonLibs: /usr/lib/aarch64-linux-gnu/libpython3.10.so (found suitable version "3.10.12", minimum required is "3.5") 
-- Using PYTHON_EXECUTABLE: /usr/bin/python3
-- Using PYTHON_INCLUDE_DIRS: /usr/include/python3.10
-- Using PYTHON_LIBRARIES: /usr/lib/aarch64-linux-gnu/libpython3.10.so
-- Found PythonExtra: .so  
-- Configuring done
-- Generating done
-- Build files have been written to: /home/wowjw/Project/Automobile/Phase4/ros2_ws/build/vehicle_interface
[  2%] [34m[1mGenerating C code for ROS interfaces[0m
[  4%] [34m[1mGenerating C++ code for ROS interfaces[0m
[  4%] Built target ament_cmake_python_copy_vehicle_interface
running egg_info
creating vehicle_interface.egg-info
writing vehicle_interface.egg-info/PKG-INFO
writing dependency_links to vehicle_interface.egg-info/dependency_links.txt
writing top-level names to vehicle_interface.egg-info/top_level.txt
writing manifest file 'vehicle_interface.egg-info/SOURCES.txt'
reading manifest file 'vehicle_interface.egg-info/SOURCES.txt'
writing manifest file 'vehicle_interface.egg-info/SOURCES.txt'
[  9%] [32mBuilding C object CMakeFiles/vehicle_interface__rosidl_generator_c.dir/rosidl_generator_c/vehicle_interface/msg/detail/vehicle_command__functions.c.o[0m
[  9%] [32mBuilding C object CMakeFiles/vehicle_interface__rosidl_generator_c.dir/rosidl_generator_c/vehicle_interface/msg/detail/vehicle_feedback__functions.c.o[0m
[  9%] Built target ament_cmake_python_build_vehicle_interface_egg
[  9%] Built target vehicle_interface__cpp
[ 16%] [34m[1mGenerating C++ type support dispatch for ROS interfaces[0m
[ 16%] [34m[1mGenerating C++ introspection for ROS interfaces[0m
[ 16%] [34m[1mGenerating C++ type support for eProsima Fast-RTPS[0m
[ 18%] [32m[1mLinking C shared library libvehicle_interface__rosidl_generator_c.so[0m
[ 18%] Built target vehicle_interface__rosidl_generator_c
[ 23%] [34m[1mGenerating C type support dispatch for ROS interfaces[0m
[ 23%] [34m[1mGenerating C type support for eProsima Fast-RTPS[0m
[ 25%] [34m[1mGenerating C introspection for ROS interfaces[0m
[ 27%] [32mBuilding CXX object CMakeFiles/vehicle_interface__rosidl_typesupport_cpp.dir/rosidl_typesupport_cpp/vehicle_interface/msg/vehicle_command__type_support.cpp.o[0m
[ 30%] [32mBuilding CXX object CMakeFiles/vehicle_interface__rosidl_typesupport_introspection_cpp.dir/rosidl_typesupport_introspection_cpp/vehicle_interface/msg/detail/vehicle_command__type_support.cpp.o[0m
[ 32%] [32mBuilding CXX object CMakeFiles/vehicle_interface__rosidl_typesupport_fastrtps_cpp.dir/rosidl_typesupport_fastrtps_cpp/vehicle_interface/msg/detail/dds_fastrtps/vehicle_command__type_support.cpp.o[0m
[ 34%] [32mBuilding CXX object CMakeFiles/vehicle_interface__rosidl_typesupport_c.dir/rosidl_typesupport_c/vehicle_interface/msg/vehicle_command__type_support.cpp.o[0m
[ 37%] [32mBuilding CXX object CMakeFiles/vehicle_interface__rosidl_typesupport_c.dir/rosidl_typesupport_c/vehicle_interface/msg/vehicle_feedback__type_support.cpp.o[0m
[ 39%] [32mBuilding CXX object CMakeFiles/vehicle_interface__rosidl_typesupport_fastrtps_c.dir/rosidl_typesupport_fastrtps_c/vehicle_interface/msg/detail/vehicle_command__type_support_c.cpp.o[0m
[ 41%] [32m[1mLinking CXX shared library libvehicle_interface__rosidl_typesupport_c.so[0m
[ 44%] [32mBuilding C object CMakeFiles/vehicle_interface__rosidl_typesupport_introspection_c.dir/rosidl_typesupport_introspection_c/vehicle_interface/msg/detail/vehicle_command__type_support.c.o[0m
[ 44%] Built target vehicle_interface__rosidl_typesupport_c
[ 46%] [32mBuilding C object CMakeFiles/vehicle_interface__rosidl_typesupport_introspection_c.dir/rosidl_typesupport_introspection_c/vehicle_interface/msg/detail/vehicle_feedback__type_support.c.o[0m
[ 48%] [32mBuilding CXX object CMakeFiles/vehicle_interface__rosidl_typesupport_fastrtps_c.dir/rosidl_typesupport_fastrtps_c/vehicle_interface/msg/detail/vehicle_feedback__type_support_c.cpp.o[0m
[ 51%] [32m[1mLinking C shared library libvehicle_interface__rosidl_typesupport_introspection_c.so[0m
[ 51%] Built target vehicle_interface__rosidl_typesupport_introspection_c
[ 53%] [32mBuilding CXX object CMakeFiles/vehicle_interface__rosidl_typesupport_cpp.dir/rosidl_typesupport_cpp/vehicle_interface/msg/vehicle_feedback__type_support.cpp.o[0m
[ 55%] [32mBuilding CXX object CMakeFiles/vehicle_interface__rosidl_typesupport_introspection_cpp.dir/rosidl_typesupport_introspection_cpp/vehicle_interface/msg/detail/vehicle_feedback__type_support.cpp.o[0m
[ 58%] [32mBuilding CXX object CMakeFiles/vehicle_interface__rosidl_typesupport_fastrtps_cpp.dir/rosidl_typesupport_fastrtps_cpp/vehicle_interface/msg/detail/dds_fastrtps/vehicle_feedback__type_support.cpp.o[0m
[ 60%] [32m[1mLinking CXX shared library libvehicle_interface__rosidl_typesupport_cpp.so[0m
[ 62%] [32m[1mLinking CXX shared library libvehicle_interface__rosidl_typesupport_fastrtps_c.so[0m
[ 62%] Built target vehicle_interface__rosidl_typesupport_cpp
[ 69%] [32mBuilding CXX object CMakeFiles/vehicle_interface_node.dir/src/Vehicle_Interface_Node.cpp.o[0m
[ 69%] [32mBuilding CXX object CMakeFiles/vehicle_interface_node.dir/src/main.cpp.o[0m
[ 69%] [32mBuilding CXX object CMakeFiles/vehicle_interface_node.dir/src/Uart_drv.cpp.o[0m
[ 69%] Built target vehicle_interface__rosidl_typesupport_fastrtps_c
[ 72%] [32m[1mLinking CXX shared library libvehicle_interface__rosidl_typesupport_introspection_cpp.so[0m
[ 72%] Built target vehicle_interface__rosidl_typesupport_introspection_cpp
[ 74%] [32m[1mLinking CXX shared library libvehicle_interface__rosidl_typesupport_fastrtps_cpp.so[0m
[ 74%] Built target vehicle_interface__rosidl_typesupport_fastrtps_cpp
[ 74%] Built target vehicle_interface
[ 76%] [34m[1mGenerating Python code for ROS interfaces[0m
[ 76%] Built target vehicle_interface__py
[ 81%] [32mBuilding C object CMakeFiles/vehicle_interface__rosidl_generator_py.dir/rosidl_generator_py/vehicle_interface/msg/_vehicle_feedback_s.c.o[0m
[ 81%] [32mBuilding C object CMakeFiles/vehicle_interface__rosidl_generator_py.dir/rosidl_generator_py/vehicle_interface/msg/_vehicle_command_s.c.o[0m
[ 83%] [32m[1mLinking C shared library rosidl_generator_py/vehicle_interface/libvehicle_interface__rosidl_generator_py.so[0m
[ 83%] Built target vehicle_interface__rosidl_generator_py
[ 88%] [32mBuilding C object CMakeFiles/vehicle_interface__rosidl_typesupport_introspection_c__pyext.dir/rosidl_generator_py/vehicle_interface/_vehicle_interface_s.ep.rosidl_typesupport_introspection_c.c.o[0m
[ 88%] [32mBuilding C object CMakeFiles/vehicle_interface__rosidl_typesupport_c__pyext.dir/rosidl_generator_py/vehicle_interface/_vehicle_interface_s.ep.rosidl_typesupport_c.c.o[0m
[ 90%] [32mBuilding C object CMakeFiles/vehicle_interface__rosidl_typesupport_fastrtps_c__pyext.dir/rosidl_generator_py/vehicle_interface/_vehicle_interface_s.ep.rosidl_typesupport_fastrtps_c.c.o[0m
[ 95%] [32m[1mLinking C shared library rosidl_generator_py/vehicle_interface/vehicle_interface_s__rosidl_typesupport_c.cpython-310-aarch64-linux-gnu.so[0m
[ 95%] [32m[1mLinking C shared library rosidl_generator_py/vehicle_interface/vehicle_interface_s__rosidl_typesupport_fastrtps_c.cpython-310-aarch64-linux-gnu.so[0m
[ 97%] [32m[1mLinking C shared library rosidl_generator_py/vehicle_interface/vehicle_interface_s__rosidl_typesupport_introspection_c.cpython-310-aarch64-linux-gnu.so[0m
[ 97%] Built target vehicle_interface__rosidl_typesupport_introspection_c__pyext
[ 97%] Built target vehicle_interface__rosidl_typesupport_c__pyext
[ 97%] Built target vehicle_interface__rosidl_typesupport_fastrtps_c__pyext
[100%] [32m[1mLinking CXX executable vehicle_interface_node[0m
[100%] Built target vehicle_interface_node
-- Install configuration: ""
-- Installing: /home/wowjw/Project/Automobile/Phase4/ros2_ws/install/vehicle_interface/share/ament_index/resource_index/rosidl_interfaces/vehicle_interface
-- Installing: /home/wowjw/Project/Automobile/Phase4/ros2_ws/install/vehicle_interface/include/vehicle_interface/vehicle_interface
-- Installing: /home/wowjw/Project/Automobile/Phase4/ros2_ws/install/vehicle_interface/include/vehicle_interface/vehicle_interface/msg
-- Installing: /home/wowjw/Project/Automobile/Phase4/ros2_ws/install/vehicle_interface/include/vehicle_interface/vehicle_interface/msg/detail
-- Installing: /home/wowjw/Project/Automobile/Phase4/ros2_ws/install/vehicle_interface/include/vehicle_interface/vehicle_interface/msg/detail/vehicle_feedback__type_support.h
-- Installing: /home/wowjw/Project/Automobile/Phase4/ros2_ws/install/vehicle_interface/include/vehicle_interface/vehicle_interface/msg/detail/vehicle_feedback__functions.h
-- Installing: /home/wowjw/Project/Automobile/Phase4/ros2_ws/install/vehicle_interface/include/vehicle_interface/vehicle_interface/msg/detail/vehicle_command__type_support.h
-- Installing: /home/wowjw/Project/Automobile/Phase4/ros2_ws/install/vehicle_interface/include/vehicle_interface/vehicle_interface/msg/detail/vehicle_feedback__struct.h
-- Installing: /home/wowjw/Project/Automobile/Phase4/ros2_ws/install/vehicle_interface/include/vehicle_interface/vehicle_interface/msg/detail/vehicle_command__functions.c
-- Installing: /home/wowjw/Project/Automobile/Phase4/ros2_ws/install/vehicle_interface/include/vehicle_interface/vehicle_interface/msg/detail/vehicle_command__functions.h
-- Installing: /home/wowjw/Project/Automobile/Phase4/ros2_ws/install/vehicle_interface/include/vehicle_interface/vehicle_interface/msg/detail/vehicle_command__struct.h
-- Installing: /home/wowjw/Project/Automobile/Phase4/ros2_ws/install/vehicle_interface/include/vehicle_interface/vehicle_interface/msg/detail/vehicle_feedback__functions.c
-- Installing: /home/wowjw/Project/Automobile/Phase4/ros2_ws/install/vehicle_interface/include/vehicle_interface/vehicle_interface/msg/vehicle_feedback.h
-- Installing: /home/wowjw/Project/Automobile/Phase4/ros2_ws/install/vehicle_interface/include/vehicle_interface/vehicle_interface/msg/vehicle_command.h
-- Installing: /home/wowjw/Project/Automobile/Phase4/ros2_ws/install/vehicle_interface/include/vehicle_interface/vehicle_interface/msg/rosidl_generator_c__visibility_control.h
-- Installing: /home/wowjw/Project/Automobile/Phase4/ros2_ws/install/vehicle_interface/share/vehicle_interface/environment/library_path.sh
-- Installing: /home/wowjw/Project/Automobile/Phase4/ros2_ws/install/vehicle_interface/share/vehicle_interface/environment/library_path.dsv
-- Installing: /home/wowjw/Project/Automobile/Phase4/ros2_ws/install/vehicle_interface/lib/libvehicle_interface__rosidl_generator_c.so
-- Set runtime path of "/home/wowjw/Project/Automobile/Phase4/ros2_ws/install/vehicle_interface/lib/libvehicle_interface__rosidl_generator_c.so" to ""
-- Up-to-date: /home/wowjw/Project/Automobile/Phase4/ros2_ws/install/vehicle_interface/include/vehicle_interface/vehicle_interface
-- Up-to-date: /home/wowjw/Project/Automobile/Phase4/ros2_ws/install/vehicle_interface/include/vehicle_interface/vehicle_interface/msg
-- Installing: /home/wowjw/Project/Automobile/Phase4/ros2_ws/install/vehicle_interface/include/vehicle_interface/vehicle_interface/msg/rosidl_typesupport_fastrtps_c__visibility_control.h
-- Up-to-date: /home/wowjw/Project/Automobile/Phase4/ros2_ws/install/vehicle_interface/include/vehicle_interface/vehicle_interface/msg/detail
-- Installing: /home/wowjw/Project/Automobile/Phase4/ros2_ws/install/vehicle_interface/include/vehicle_interface/vehicle_interface/msg/detail/vehicle_command__rosidl_typesupport_fastrtps_c.h
-- Installing: /home/wowjw/Project/Automobile/Phase4/ros2_ws/install/vehicle_interface/include/vehicle_interface/vehicle_interface/msg/detail/vehicle_feedback__rosidl_typesupport_fastrtps_c.h
-- Installing: /home/wowjw/Project/Automobile/Phase4/ros2_ws/install/vehicle_interface/lib/libvehicle_interface__rosidl_typesupport_fastrtps_c.so
-- Set runtime path of "/home/wowjw/Project/Automobile/Phase4/ros2_ws/install/vehicle_interface/lib/libvehicle_interface__rosidl_typesupport_fastrtps_c.so" to ""
-- Up-to-date: /home/wowjw/Project/Automobile/Phase4/ros2_ws/install/vehicle_interface/include/vehicle_interface/vehicle_interface
-- Up-to-date: /home/wowjw/Project/Automobile/Phase4/ros2_ws/install/vehicle_interface/include/vehicle_interface/vehicle_interface/msg
-- Installing: /home/wowjw/Project/Automobile/Phase4/ros2_ws/install/vehicle_interface/include/vehicle_interface/vehicle_interface/msg/vehicle_feedback.hpp
-- Installing: /home/wowjw/Project/Automobile/Phase4/ros2_ws/install/vehicle_interface/include/vehicle_interface/vehicle_interface/msg/vehicle_command.hpp
-- Up-to-date: /home/wowjw/Project/Automobile/Phase4/ros2_ws/install/vehicle_interface/include/vehicle_interface/vehicle_interface/msg/detail
-- Installing: /home/wowjw/Project/Automobile/Phase4/ros2_ws/install/vehicle_interface/include/vehicle_interface/vehicle_interface/msg/detail/vehicle_command__struct.hpp
-- Installing: /home/wowjw/Project/Automobile/Phase4/ros2_ws/install/vehicle_interface/include/vehicle_interface/vehicle_interface/msg/detail/vehicle_feedback__builder.hpp
-- Installing: /home/wowjw/Project/Automobile/Phase4/ros2_ws/install/vehicle_interface/include/vehicle_interface/vehicle_interface/msg/detail/vehicle_command__type_support.hpp
-- Installing: /home/wowjw/Project/Automobile/Phase4/ros2_ws/install/vehicle_interface/include/vehicle_interface/vehicle_interface/msg/detail/vehicle_command__traits.hpp
-- Installing: /home/wowjw/Project/Automobile/Phase4/ros2_ws/install/vehicle_interface/include/vehicle_interface/vehicle_interface/msg/detail/vehicle_feedback__traits.hpp
-- Installing: /home/wowjw/Project/Automobile/Phase4/ros2_ws/install/vehicle_interface/include/vehicle_interface/vehicle_interface/msg/detail/vehicle_feedback__struct.hpp
-- Installing: /home/wowjw/Project/Automobile/Phase4/ros2_ws/install/vehicle_interface/include/vehicle_interface/vehicle_interface/msg/detail/vehicle_command__builder.hpp
-- Installing: /home/wowjw/Project/Automobile/Phase4/ros2_ws/install/vehicle_interface/include/vehicle_interface/vehicle_interface/msg/detail/vehicle_feedback__type_support.hpp
-- Installing: /home/wowjw/Project/Automobile/Phase4/ros2_ws/install/vehicle_interface/include/vehicle_interface/vehicle_interface/msg/rosidl_generator_cpp__visibility_control.hpp
-- Up-to-date: /home/wowjw/Project/Automobile/Phase4/ros2_ws/install/vehicle_interface/include/vehicle_interface/vehicle_interface
-- Up-to-date: /home/wowjw/Project/Automobile/Phase4/ros2_ws/install/vehicle_interface/include/vehicle_interface/vehicle_interface/msg
-- Installing: /home/wowjw/Project/Automobile/Phase4/ros2_ws/install/vehicle_interface/include/vehicle_interface/vehicle_interface/msg/rosidl_typesupport_fastrtps_cpp__visibility_control.h
-- Up-to-date: /home/wowjw/Project/Automobile/Phase4/ros2_ws/install/vehicle_interface/include/vehicle_interface/vehicle_interface/msg/detail
-- Installing: /home/wowjw/Project/Automobile/Phase4/ros2_ws/install/vehicle_interface/include/vehicle_interface/vehicle_interface/msg/detail/dds_fastrtps
-- Installing: /home/wowjw/Project/Automobile/Phase4/ros2_ws/install/vehicle_interface/include/vehicle_interface/vehicle_interface/msg/detail/vehicle_command__rosidl_typesupport_fastrtps_cpp.hpp
-- Installing: /home/wowjw/Project/Automobile/Phase4/ros2_ws/install/vehicle_interface/include/vehicle_interface/vehicle_interface/msg/detail/vehicle_feedback__rosidl_typesupport_fastrtps_cpp.hpp
-- Installing: /home/wowjw/Project/Automobile/Phase4/ros2_ws/install/vehicle_interface/lib/libvehicle_interface__rosidl_typesupport_fastrtps_cpp.so
-- Set runtime path of "/home/wowjw/Project/Automobile/Phase4/ros2_ws/install/vehicle_interface/lib/libvehicle_interface__rosidl_typesupport_fastrtps_cpp.so" to ""
-- Up-to-date: /home/wowjw/Project/Automobile/Phase4/ros2_ws/install/vehicle_interface/include/vehicle_interface/vehicle_interface
-- Up-to-date: /home/wowjw/Project/Automobile/Phase4/ros2_ws/install/vehicle_interface/include/vehicle_interface/vehicle_interface/msg
-- Installing: /home/wowjw/Project/Automobile/Phase4/ros2_ws/install/vehicle_interface/include/vehicle_interface/vehicle_interface/msg/rosidl_typesupport_introspection_c__visibility_control.h
-- Up-to-date: /home/wowjw/Project/Automobile/Phase4/ros2_ws/install/vehicle_interface/include/vehicle_interface/vehicle_interface/msg/detail
-- Installing: /home/wowjw/Project/Automobile/Phase4/ros2_ws/install/vehicle_interface/include/vehicle_interface/vehicle_interface/msg/detail/vehicle_feedback__rosidl_typesupport_introspection_c.h
-- Installing: /home/wowjw/Project/Automobile/Phase4/ros2_ws/install/vehicle_interface/include/vehicle_interface/vehicle_interface/msg/detail/vehicle_feedback__type_support.c
-- Installing: /home/wowjw/Project/Automobile/Phase4/ros2_ws/install/vehicle_interface/include/vehicle_interface/vehicle_interface/msg/detail/vehicle_command__rosidl_typesupport_introspection_c.h
-- Installing: /home/wowjw/Project/Automobile/Phase4/ros2_ws/install/vehicle_interface/include/vehicle_interface/vehicle_interface/msg/detail/vehicle_command__type_support.c
-- Installing: /home/wowjw/Project/Automobile/Phase4/ros2_ws/install/vehicle_interface/lib/libvehicle_interface__rosidl_typesupport_introspection_c.so
-- Set runtime path of "/home/wowjw/Project/Automobile/Phase4/ros2_ws/install/vehicle_interface/lib/libvehicle_interface__rosidl_typesupport_introspection_c.so" to ""
-- Installing: /home/wowjw/Project/Automobile/Phase4/ros2_ws/install/vehicle_interface/lib/libvehicle_interface__rosidl_typesupport_c.so
-- Set runtime path of "/home/wowjw/Project/Automobile/Phase4/ros2_ws/install/vehicle_interface/lib/libvehicle_interface__rosidl_typesupport_c.so" to ""
-- Up-to-date: /home/wowjw/Project/Automobile/Phase4/ros2_ws/install/vehicle_interface/include/vehicle_interface/vehicle_interface
-- Up-to-date: /home/wowjw/Project/Automobile/Phase4/ros2_ws/install/vehicle_interface/include/vehicle_interface/vehicle_interface/msg
-- Up-to-date: /home/wowjw/Project/Automobile/Phase4/ros2_ws/install/vehicle_interface/include/vehicle_interface/vehicle_interface/msg/detail
-- Installing: /home/wowjw/Project/Automobile/Phase4/ros2_ws/install/vehicle_interface/include/vehicle_interface/vehicle_interface/msg/detail/vehicle_feedback__rosidl_typesupport_introspection_cpp.hpp
-- Installing: /home/wowjw/Project/Automobile/Phase4/ros2_ws/install/vehicle_interface/include/vehicle_interface/vehicle_interface/msg/detail/vehicle_command__type_support.cpp
-- Installing: /home/wowjw/Project/Automobile/Phase4/ros2_ws/install/vehicle_interface/include/vehicle_interface/vehicle_interface/msg/detail/vehicle_feedback__type_support.cpp
-- Installing: /home/wowjw/Project/Automobile/Phase4/ros2_ws/install/vehicle_interface/include/vehicle_interface/vehicle_interface/msg/detail/vehicle_command__rosidl_typesupport_introspection_cpp.hpp
-- Installing: /home/wowjw/Project/Automobile/Phase4/ros2_ws/install/vehicle_interface/lib/libvehicle_interface__rosidl_typesupport_introspection_cpp.so
-- Set runtime path of "/home/wowjw/Project/Automobile/Phase4/ros2_ws/install/vehicle_interface/lib/libvehicle_interface__rosidl_typesupport_introspection_cpp.so" to ""
-- Installing: /home/wowjw/Project/Automobile/Phase4/ros2_ws/install/vehicle_interface/lib/libvehicle_interface__rosidl_typesupport_cpp.so
-- Set runtime path of "/home/wowjw/Project/Automobile/Phase4/ros2_ws/install/vehicle_interface/lib/libvehicle_interface__rosidl_typesupport_cpp.so" to ""
-- Installing: /home/wowjw/Project/Automobile/Phase4/ros2_ws/install/vehicle_interface/share/vehicle_interface/environment/pythonpath.sh
-- Installing: /home/wowjw/Project/Automobile/Phase4/ros2_ws/install/vehicle_interface/share/vehicle_interface/environment/pythonpath.dsv
-- Installing: /home/wowjw/Project/Automobile/Phase4/ros2_ws/install/vehicle_interface/local/lib/python3.10/dist-packages/vehicle_interface-0.0.0-py3.10.egg-info
-- Installing: /home/wowjw/Project/Automobile/Phase4/ros2_ws/install/vehicle_interface/local/lib/python3.10/dist-packages/vehicle_interface-0.0.0-py3.10.egg-info/SOURCES.txt
-- Installing: /home/wowjw/Project/Automobile/Phase4/ros2_ws/install/vehicle_interface/local/lib/python3.10/dist-packages/vehicle_interface-0.0.0-py3.10.egg-info/dependency_links.txt
-- Installing: /home/wowjw/Project/Automobile/Phase4/ros2_ws/install/vehicle_interface/local/lib/python3.10/dist-packages/vehicle_interface-0.0.0-py3.10.egg-info/top_level.txt
-- Installing: /home/wowjw/Project/Automobile/Phase4/ros2_ws/install/vehicle_interface/local/lib/python3.10/dist-packages/vehicle_interface-0.0.0-py3.10.egg-info/PKG-INFO
-- Installing: /home/wowjw/Project/Automobile/Phase4/ros2_ws/install/vehicle_interface/local/lib/python3.10/dist-packages/vehicle_interface
-- Installing: /home/wowjw/Project/Automobile/Phase4/ros2_ws/install/vehicle_interface/local/lib/python3.10/dist-packages/vehicle_interface/_vehicle_interface_s.ep.rosidl_typesupport_introspection_c.c
-- Installing: /home/wowjw/Project/Automobile/Phase4/ros2_ws/install/vehicle_interface/local/lib/python3.10/dist-packages/vehicle_interface/vehicle_interface_s__rosidl_typesupport_introspection_c.cpython-310-aarch64-linux-gnu.so
-- Installing: /home/wowjw/Project/Automobile/Phase4/ros2_ws/install/vehicle_interface/local/lib/python3.10/dist-packages/vehicle_interface/vehicle_interface_s__rosidl_typesupport_fastrtps_c.cpython-310-aarch64-linux-gnu.so
-- Installing: /home/wowjw/Project/Automobile/Phase4/ros2_ws/install/vehicle_interface/local/lib/python3.10/dist-packages/vehicle_interface/_vehicle_interface_s.ep.rosidl_typesupport_c.c
-- Installing: /home/wowjw/Project/Automobile/Phase4/ros2_ws/install/vehicle_interface/local/lib/python3.10/dist-packages/vehicle_interface/libvehicle_interface__rosidl_generator_py.so
-- Installing: /home/wowjw/Project/Automobile/Phase4/ros2_ws/install/vehicle_interface/local/lib/python3.10/dist-packages/vehicle_interface/__init__.py
-- Installing: /home/wowjw/Project/Automobile/Phase4/ros2_ws/install/vehicle_interface/local/lib/python3.10/dist-packages/vehicle_interface/vehicle_interface_s__rosidl_typesupport_c.cpython-310-aarch64-linux-gnu.so
-- Installing: /home/wowjw/Project/Automobile/Phase4/ros2_ws/install/vehicle_interface/local/lib/python3.10/dist-packages/vehicle_interface/msg
-- Installing: /home/wowjw/Project/Automobile/Phase4/ros2_ws/install/vehicle_interface/local/lib/python3.10/dist-packages/vehicle_interface/msg/_vehicle_command_s.c
-- Installing: /home/wowjw/Project/Automobile/Phase4/ros2_ws/install/vehicle_interface/local/lib/python3.10/dist-packages/vehicle_interface/msg/_vehicle_command.py
-- Installing: /home/wowjw/Project/Automobile/Phase4/ros2_ws/install/vehicle_interface/local/lib/python3.10/dist-packages/vehicle_interface/msg/_vehicle_feedback.py
-- Installing: /home/wowjw/Project/Automobile/Phase4/ros2_ws/install/vehicle_interface/local/lib/python3.10/dist-packages/vehicle_interface/msg/__init__.py
-- Installing: /home/wowjw/Project/Automobile/Phase4/ros2_ws/install/vehicle_interface/local/lib/python3.10/dist-packages/vehicle_interface/msg/_vehicle_feedback_s.c
-- Installing: /home/wowjw/Project/Automobile/Phase4/ros2_ws/install/vehicle_interface/local/lib/python3.10/dist-packages/vehicle_interface/_vehicle_interface_s.ep.rosidl_typesupport_fastrtps_c.c
Listing '/home/wowjw/Project/Automobile/Phase4/ros2_ws/install/vehicle_interface/local/lib/python3.10/dist-packages/vehicle_interface'...
Compiling '/home/wowjw/Project/Automobile/Phase4/ros2_ws/install/vehicle_interface/local/lib/python3.10/dist-packages/vehicle_interface/__init__.py'...
Listing '/home/wowjw/Project/Automobile/Phase4/ros2_ws/install/vehicle_interface/local/lib/python3.10/dist-packages/vehicle_interface/msg'...
Compiling '/home/wowjw/Project/Automobile/Phase4/ros2_ws/install/vehicle_interface/local/lib/python3.10/dist-packages/vehicle_interface/msg/__init__.py'...
Compiling '/home/wowjw/Project/Automobile/Phase4/ros2_ws/install/vehicle_interface/local/lib/python3.10/dist-packages/vehicle_interface/msg/_vehicle_command.py'...
Compiling '/home/wowjw/Project/Automobile/Phase4/ros2_ws/install/vehicle_interface/local/lib/python3.10/dist-packages/vehicle_interface/msg/_vehicle_feedback.py'...
-- Installing: /home/wowjw/Project/Automobile/Phase4/ros2_ws/install/vehicle_interface/local/lib/python3.10/dist-packages/vehicle_interface/vehicle_interface_s__rosidl_typesupport_fastrtps_c.cpython-310-aarch64-linux-gnu.so
-- Set runtime path of "/home/wowjw/Project/Automobile/Phase4/ros2_ws/install/vehicle_interface/local/lib/python3.10/dist-packages/vehicle_interface/vehicle_interface_s__rosidl_typesupport_fastrtps_c.cpython-310-aarch64-linux-gnu.so" to ""
-- Installing: /home/wowjw/Project/Automobile/Phase4/ros2_ws/install/vehicle_interface/local/lib/python3.10/dist-packages/vehicle_interface/vehicle_interface_s__rosidl_typesupport_introspection_c.cpython-310-aarch64-linux-gnu.so
-- Set runtime path of "/home/wowjw/Project/Automobile/Phase4/ros2_ws/install/vehicle_interface/local/lib/python3.10/dist-packages/vehicle_interface/vehicle_interface_s__rosidl_typesupport_introspection_c.cpython-310-aarch64-linux-gnu.so" to ""
-- Installing: /home/wowjw/Project/Automobile/Phase4/ros2_ws/install/vehicle_interface/local/lib/python3.10/dist-packages/vehicle_interface/vehicle_interface_s__rosidl_typesupport_c.cpython-310-aarch64-linux-gnu.so
-- Set runtime path of "/home/wowjw/Project/Automobile/Phase4/ros2_ws/install/vehicle_interface/local/lib/python3.10/dist-packages/vehicle_interface/vehicle_interface_s__rosidl_typesupport_c.cpython-310-aarch64-linux-gnu.so" to ""
-- Installing: /home/wowjw/Project/Automobile/Phase4/ros2_ws/install/vehicle_interface/lib/libvehicle_interface__rosidl_generator_py.so
-- Set runtime path of "/home/wowjw/Project/Automobile/Phase4/ros2_ws/install/vehicle_interface/lib/libvehicle_interface__rosidl_generator_py.so" to ""
-- Installing: /home/wowjw/Project/Automobile/Phase4/ros2_ws/install/vehicle_interface/share/vehicle_interface/msg/VehicleCommand.idl
-- Installing: /home/wowjw/Project/Automobile/Phase4/ros2_ws/install/vehicle_interface/share/vehicle_interface/msg/VehicleFeedback.idl
-- Installing: /home/wowjw/Project/Automobile/Phase4/ros2_ws/install/vehicle_interface/share/vehicle_interface/msg/VehicleCommand.msg
-- Installing: /home/wowjw/Project/Automobile/Phase4/ros2_ws/install/vehicle_interface/share/vehicle_interface/msg/VehicleFeedback.msg
-- Installing: /home/wowjw/Project/Automobile/Phase4/ros2_ws/install/vehicle_interface/lib/vehicle_interface/vehicle_interface_node
-- Set runtime path of "/home/wowjw/Project/Automobile/Phase4/ros2_ws/install/vehicle_interface/lib/vehicle_interface/vehicle_interface_node" to ""
-- Installing: /home/wowjw/Project/Automobile/Phase4/ros2_ws/install/vehicle_interface/share/ament_index/resource_index/package_run_dependencies/vehicle_interface
-- Installing: /home/wowjw/Project/Automobile/Phase4/ros2_ws/install/vehicle_interface/share/ament_index/resource_index/parent_prefix_path/vehicle_interface
-- Installing: /home/wowjw/Project/Automobile/Phase4/ros2_ws/install/vehicle_interface/share/vehicle_interface/environment/ament_prefix_path.sh
-- Installing: /home/wowjw/Project/Automobile/Phase4/ros2_ws/install/vehicle_interface/share/vehicle_interface/environment/ament_prefix_path.dsv
-- Installing: /home/wowjw/Project/Automobile/Phase4/ros2_ws/install/vehicle_interface/share/vehicle_interface/environment/path.sh
-- Installing: /home/wowjw/Project/Automobile/Phase4/ros2_ws/install/vehicle_interface/share/vehicle_interface/environment/path.dsv
-- Installing: /home/wowjw/Project/Automobile/Phase4/ros2_ws/install/vehicle_interface/share/vehicle_interface/local_setup.bash
-- Installing: /home/wowjw/Project/Automobile/Phase4/ros2_ws/install/vehicle_interface/share/vehicle_interface/local_setup.sh
-- Installing: /home/wowjw/Project/Automobile/Phase4/ros2_ws/install/vehicle_interface/share/vehicle_interface/local_setup.zsh
-- Installing: /home/wowjw/Project/Automobile/Phase4/ros2_ws/install/vehicle_interface/share/vehicle_interface/local_setup.dsv
-- Installing: /home/wowjw/Project/Automobile/Phase4/ros2_ws/install/vehicle_interface/share/vehicle_interface/package.dsv
-- Installing: /home/wowjw/Project/Automobile/Phase4/ros2_ws/install/vehicle_interface/share/ament_index/resource_index/packages/vehicle_interface
-- Installing: /home/wowjw/Project/Automobile/Phase4/ros2_ws/install/vehicle_interface/share/vehicle_interface/cmake/export_vehicle_interface__rosidl_generator_cExport.cmake
-- Installing: /home/wowjw/Project/Automobile/Phase4/ros2_ws/install/vehicle_interface/share/vehicle_interface/cmake/export_vehicle_interface__rosidl_generator_cExport-noconfig.cmake
-- Installing: /home/wowjw/Project/Automobile/Phase4/ros2_ws/install/vehicle_interface/share/vehicle_interface/cmake/export_vehicle_interface__rosidl_typesupport_fastrtps_cExport.cmake
-- Installing: /home/wowjw/Project/Automobile/Phase4/ros2_ws/install/vehicle_interface/share/vehicle_interface/cmake/export_vehicle_interface__rosidl_typesupport_fastrtps_cExport-noconfig.cmake
-- Installing: /home/wowjw/Project/Automobile/Phase4/ros2_ws/install/vehicle_interface/share/vehicle_interface/cmake/export_vehicle_interface__rosidl_generator_cppExport.cmake
-- Installing: /home/wowjw/Project/Automobile/Phase4/ros2_ws/install/vehicle_interface/share/vehicle_interface/cmake/export_vehicle_interface__rosidl_typesupport_fastrtps_cppExport.cmake
-- Installing: /home/wowjw/Project/Automobile/Phase4/ros2_ws/install/vehicle_interface/share/vehicle_interface/cmake/export_vehicle_interface__rosidl_typesupport_fastrtps_cppExport-noconfig.cmake
-- Installing: /home/wowjw/Project/Automobile/Phase4/ros2_ws/install/vehicle_interface/share/vehicle_interface/cmake/vehicle_interface__rosidl_typesupport_introspection_cExport.cmake
-- Installing: /home/wowjw/Project/Automobile/Phase4/ros2_ws/install/vehicle_interface/share/vehicle_interface/cmake/vehicle_interface__rosidl_typesupport_introspection_cExport-noconfig.cmake
-- Installing: /home/wowjw/Project/Automobile/Phase4/ros2_ws/install/vehicle_interface/share/vehicle_interface/cmake/vehicle_interface__rosidl_typesupport_cExport.cmake
-- Installing: /home/wowjw/Project/Automobile/Phase4/ros2_ws/install/vehicle_interface/share/vehicle_interface/cmake/vehicle_interface__rosidl_typesupport_cExport-noconfig.cmake
-- Installing: /home/wowjw/Project/Automobile/Phase4/ros2_ws/install/vehicle_interface/share/vehicle_interface/cmake/vehicle_interface__rosidl_typesupport_introspection_cppExport.cmake
-- Installing: /home/wowjw/Project/Automobile/Phase4/ros2_ws/install/vehicle_interface/share/vehicle_interface/cmake/vehicle_interface__rosidl_typesupport_introspection_cppExport-noconfig.cmake
-- Installing: /home/wowjw/Project/Automobile/Phase4/ros2_ws/install/vehicle_interface/share/vehicle_interface/cmake/vehicle_interface__rosidl_typesupport_cppExport.cmake
-- Installing: /home/wowjw/Project/Automobile/Phase4/ros2_ws/install/vehicle_interface/share/vehicle_interface/cmake/vehicle_interface__rosidl_typesupport_cppExport-noconfig.cmake
-- Installing: /home/wowjw/Project/Automobile/Phase4/ros2_ws/install/vehicle_interface/share/vehicle_interface/cmake/export_vehicle_interface__rosidl_generator_pyExport.cmake
-- Installing: /home/wowjw/Project/Automobile/Phase4/ros2_ws/install/vehicle_interface/share/vehicle_interface/cmake/export_vehicle_interface__rosidl_generator_pyExport-noconfig.cmake
-- Installing: /home/wowjw/Project/Automobile/Phase4/ros2_ws/install/vehicle_interface/share/vehicle_interface/cmake/rosidl_cmake-extras.cmake
-- Installing: /home/wowjw/Project/Automobile/Phase4/ros2_ws/install/vehicle_interface/share/vehicle_interface/cmake/ament_cmake_export_include_directories-extras.cmake
-- Installing: /home/wowjw/Project/Automobile/Phase4/ros2_ws/install/vehicle_interface/share/vehicle_interface/cmake/ament_cmake_export_libraries-extras.cmake
-- Installing: /home/wowjw/Project/Automobile/Phase4/ros2_ws/install/vehicle_interface/share/vehicle_interface/cmake/ament_cmake_export_targets-extras.cmake
-- Installing: /home/wowjw/Project/Automobile/Phase4/ros2_ws/install/vehicle_interface/share/vehicle_interface/cmake/rosidl_cmake_export_typesupport_targets-extras.cmake
-- Installing: /home/wowjw/Project/Automobile/Phase4/ros2_ws/install/vehicle_interface/share/vehicle_interface/cmake/ament_cmake_export_dependencies-extras.cmake
-- Installing: /home/wowjw/Project/Automobile/Phase4/ros2_ws/install/vehicle_interface/share/vehicle_interface/cmake/rosidl_cmake_export_typesupport_libraries-extras.cmake
-- Installing: /home/wowjw/Project/Automobile/Phase4/ros2_ws/install/vehicle_interface/share/vehicle_interface/cmake/vehicle_interfaceConfig.cmake
-- Installing: /home/wowjw/Project/Automobile/Phase4/ros2_ws/install/vehicle_interface/share/vehicle_interface/cmake/vehicle_interfaceConfig-version.cmake
-- Installing: /home/wowjw/Project/Automobile/Phase4/ros2_ws/install/vehicle_interface/share/vehicle_interface/package.xml
